 sn_targt

 Timestamp is 5b9b2e8d (Fri Sep 14 11:44:13 2018)

 Preferred load address is 00400000

 Start         Length     Name                   Class
 0001:00000000 00074fe3H .text                   CODE
 0001:00074ff0 0000114bH .text$x                 CODE
 0002:00000000 00000104H .CRT$XCA                DATA
 0002:00000104 00000104H .CRT$XCZ                DATA
 0002:00000208 00000104H .CRT$XIA                DATA
 0002:0000030c 00000113H .CRT$XIC                DATA
 0002:00000420 00000104H .CRT$XIY                DATA
 0002:00000524 00000104H .CRT$XIZ                DATA
 0002:00000628 00000104H .CRT$XPA                DATA
 0002:0000072c 00000109H .CRT$XPX                DATA
 0002:00000838 00000104H .CRT$XPXA               DATA
 0002:0000093c 00000104H .CRT$XPZ                DATA
 0002:00000a40 00000104H .CRT$XTA                DATA
 0002:00000b44 00000104H .CRT$XTZ                DATA
 0002:00000c50 000121acH .rdata                  DATA
 0002:00012dfc 0000017fH .rdata$debug            DATA
 0002:00012f7c 0000031eH .rdata$r                DATA
 0002:000132a0 00000134H .rdata$sxdata           DATA
 0002:000133d4 00000104H .rtc$IAA                DATA
 0002:000134d8 00000104H .rtc$IZZ                DATA
 0002:000135dc 00000104H .rtc$TAA                DATA
 0002:000136e0 00000104H .rtc$TZZ                DATA
 0002:000137e8 00001240H .xdata$x                DATA
 0002:00014a28 00000000H .edata                  DATA
 0003:00000000 000069b9H .data                   DATA
 0003:000069c0 00003b78H .bss                    DATA
 0004:00000000 00000064H .idata$2                DATA
 0004:00000064 00000014H .idata$3                DATA
 0004:00000078 00000354H .idata$4                DATA
 0004:000003cc 00000354H .idata$5                DATA
 0004:00000720 00000bdaH .idata$6                DATA
 0005:00000000 00000169H .rsrc$01                DATA
 0005:00000170 000002e9H .rsrc$02                DATA

  Address         Publics by Value              Rva+Base       Lib:Object

 0000:00000000       __except_list              00000000     <absolute>
 0000:0000000b       ___safe_se_handler_count   0000000b     <absolute>
 0000:00000000       ___ImageBase               00400000     <linker-defined>
 0001:00000140       _clnp_snet_timer_tick      00401140 f   clnp_eth.obj
 0001:00000170       _clnp_snet_update_is       00401170 f   clnp_eth.obj
 0001:000001d0       _clnp_snet_update_es       004011d0 f   clnp_eth.obj
 0001:000001f0       _clnp_snet_lookup_is       004011f0 f   clnp_eth.obj
 0001:00000230       _clnp_snet_lookup_es       00401230 f   clnp_eth.obj
 0001:00000250       _clnp_snet_get_all_is_mac  00401250 f   clnp_eth.obj
 0001:00000280       _clnp_snet_get_all_es_mac  00401280 f   clnp_eth.obj
 0001:000002b0       _clnp_snet_get_local_mac   004012b0 f   clnp_eth.obj
 0001:00000360       _clnp_snet_get_max_udata_len 00401360 f   clnp_eth.obj
 0001:00000380       _clnp_snet_get_type        00401380 f   clnp_eth.obj
 0001:00000390       _clnp_snet_create_es_table 00401390 f   clnp_eth.obj
 0001:000003b0       _clnp_snet_check_mac       004013b0 f   clnp_eth.obj
 0001:00000440       _clnp_snet_frame_to_udt    00401440 f   clnp_eth.obj
 0001:000007b0       _clnp_config               004017b0 f   clnp_hc.obj
 0001:00000820       _clnp_snet_set_llc         00401820 f   clnp_pcap.obj
 0001:000009b0       _clnp_snet_init            004019b0 f   clnp_pcap.obj
 0001:00000cc0       _clnp_snet_term            00401cc0 f   clnp_pcap.obj
 0001:00000cd0       _clnp_snet_read            00401cd0 f   clnp_pcap.obj
 0001:00000e60       _clnp_snet_add_multicast_mac 00401e60 f   clnp_pcap.obj
 0001:00000e70       _clnp_snet_free            00401e70 f   clnp_pcap.obj
 0001:00000e90       _clnp_snet_set_multicast_filter 00401e90 f   clnp_pcap.obj
 0001:000010c0       _clnp_snet_set_multicast_only_filter 004020c0 f   clnp_pcap.obj
 0001:000012a0       _clnp_snet_rx_all_multicast_start 004022a0 f   clnp_pcap.obj
 0001:00001390       _clnp_snet_rx_all_multicast_stop 00402390 f   clnp_pcap.obj
 0001:00001480       _clnp_snet_rx_multicast_stop 00402480 f   clnp_pcap.obj
 0001:00001570       _clnp_snet_write_raw       00402570 f   clnp_pcap.obj
 0001:00001a90       _printUsage                00402a90 f   sn_targt.obj
 0001:00001ad0       _main                      00402ad0 f   sn_targt.obj
 0001:00001f40       _m_set_log_config          00402f40 f   sn_targt.obj
 0001:00001f90       _convertMacToString        00402f90 f   sn_targt.obj
 0001:00002182       _pcap_setmintocopy         00403182 f   wpcap:wpcap.dll
 0001:00002188       _pcap_getevent             00403188 f   wpcap:wpcap.dll
 0001:0000218e       _pcap_setnonblock          0040318e f   wpcap:wpcap.dll
 0001:00002194       _pcap_freealldevs          00403194 f   wpcap:wpcap.dll
 0001:0000219a       _pcap_open_live            0040319a f   wpcap:wpcap.dll
 0001:000021a0       _pcap_findalldevs          004031a0 f   wpcap:wpcap.dll
 0001:000021a6       _pcap_next                 004031a6 f   wpcap:wpcap.dll
 0001:000021ac       _pcap_setfilter            004031ac f   wpcap:wpcap.dll
 0001:000021b2       _pcap_compile              004031b2 f   wpcap:wpcap.dll
 0001:000021b8       _pcap_geterr               004031b8 f   wpcap:wpcap.dll
 0001:000021be       _pcap_sendpacket           004031be f   wpcap:wpcap.dll
 0001:000021c4       _PacketCloseAdapter        004031c4 f   packet:packet.dll
 0001:000021ca       _PacketRequest             004031ca f   packet:packet.dll
 0001:000021d0       _PacketOpenAdapter         004031d0 f   packet:packet.dll
 0001:000021d6       _GetLastError@0            004031d6 f   kernel32:KERNEL32.dll
 0001:000021e0       _init_mem_chk              004031e0 f   mem_ld:Mem_chks.obj
 0001:00002420       _set_mem_report_path       00403420 f   mem_ld:Mem_chks.obj
 0001:00002430       _x_chk_malloc              00403430 f   mem_ld:Mem_chks.obj
 0001:000027c0       _x_chk_calloc              004037c0 f   mem_ld:Mem_chks.obj
 0001:00002b90       _x_chk_realloc             00403b90 f   mem_ld:Mem_chks.obj
 0001:000030d0       _x_chk_free                004040d0 f   mem_ld:Mem_chks.obj
 0001:00003470       _x_chk_strdup              00404470 f   mem_ld:Mem_chks.obj
 0001:000034b0       _dyn_mem_ptr_status        004044b0 f   mem_ld:Mem_chks.obj
 0001:000034c0       _dyn_mem_ptr_status2       004044c0 f   mem_ld:Mem_chks.obj
 0001:000036a0       _dyn_mem_ptr_statistics    004046a0 f   mem_ld:Mem_chks.obj
 0001:00003820       _chk_hp                    00404820 f   mem_ld:Mem_chks.obj
 0001:00003840       _msoft_heap_check          00404840 f   mem_ld:Mem_chks.obj
 0001:00003850       _sLogHeap                  00404850 f   mem_ld:Mem_chks.obj
 0001:00004020       _sCheckHeap                00405020 f   mem_ld:Mem_chks.obj
 0001:00004110       _chk_alloc_ptr             00405110 f   mem_ld:Mem_chks.obj
 0001:000043e0       _check_mem_list            004053e0 f   mem_ld:Mem_chks.obj
 0001:00004900       __slogc                    00405900 f   slog_ld:SLOG.obj
 0001:00004940       __slog                     00405940 f   slog_ld:SLOG.obj
 0001:00004980       _slog                      00405980 f   slog_ld:SLOG.obj
 0001:000049c0       _slogx                     004059c0 f   slog_ld:SLOG.obj
 0001:00004e00       _slogSetTimeText           00405e00 f   slog_ld:SLOG.obj
 0001:00004f60       _slogTrimFileName          00405f60 f   slog_ld:SLOG.obj
 0001:00004fe0       _slogSetHdr                00405fe0 f   slog_ld:SLOG.obj
 0001:000051f0       _slogCallStack             004061f0 f   slog_ld:SLOG.obj
 0001:00005220       _slogDelBuf                00406220 f   slog_ld:SLOG.obj
 0001:00005280       _slog_max_msg_size_set     00406280 f   slog_ld:SLOG.obj
 0001:00005330       _slog_start                00406330 f   slog_ld:SLOG.obj
 0001:00005370       _slog_start_ex             00406370 f   slog_ld:SLOG.obj
 0001:000053e0       _slog_end                  004063e0 f   slog_ld:SLOG.obj
 0001:00005510       __slogXML                  00406510 f   slog_ld:SLOG.obj
 0001:00005a80       _slogHex                   00406a80 f   slog_ld:SLOGHEX.obj
 0001:00005aa0       __slogHex                  00406aa0 f   slog_ld:SLOGHEX.obj
 0001:00006020       __slogStr                  00407020 f   slog_ld:SLOGHEX.obj
 0001:00006480       _slogIpcInit               00407480 f   slog_ld:slogipcs.obj
 0001:00006490       _slogIpcCallingEnable      00407490 f   slog_ld:slogipcs.obj
 0001:000064a0       _slogIpcCallingEnableEx    004074a0 f   slog_ld:slogipcs.obj
 0001:000064b0       _slogIpcStop               004074b0 f   slog_ld:slogipcs.obj
 0001:000064c0       _slogIpcEvent              004074c0 f   slog_ld:slogipcs.obj
 0001:000064d0       _slogIpcEventEx            004074d0 f   slog_ld:slogipcs.obj
 0001:000064e0       _slogIpc                   004074e0 f   slog_ld:slogipcs.obj
 0001:000064f0       _slog_ipc_std_cmd_fun      004074f0 f   slog_ld:slogipcs.obj
 0001:00006500       _slogIpcSendData           00407500 f   slog_ld:slogipcs.obj
 0001:00006510       _slogIpcSendRawData        00407510 f   slog_ld:slogipcs.obj
 0001:00006520       _slogIpcHeartbeatService   00407520 f   slog_ld:slogipcs.obj
 0001:00006530       _slogMem                   00407530 f   slog_ld:SLOGMEM.obj
 0001:000066f0       _slogDumpMem               004076f0 f   slog_ld:SLOGMEM.obj
 0001:00006a00       _slogResetMem              00407a00 f   slog_ld:SLOGMEM.obj
 0001:00006ac0       _slogMemInit               00407ac0 f   slog_ld:SLOGMEM.obj
 0001:00006bb0       _slogGetMemMsg             00407bb0 f   slog_ld:SLOGMEM.obj
 0001:00006e10       _slogGetMemCount           00407e10 f   slog_ld:SLOGMEM.obj
 0001:00006ec0       _slogFile                  00407ec0 f   slog_ld:SLOGFIL.obj
 0001:000073b0       _slogCloseFile             004083b0 f   slog_ld:SLOGFIL.obj
 0001:00007440       _slogCloneFile             00408440 f   slog_ld:SLOGFIL.obj
 0001:000075d0       _slogCloneFileEx           004085d0 f   slog_ld:SLOGFIL.obj
 0001:00007760       _slogDeleteFile            00408760 f   slog_ld:SLOGFIL.obj
 0001:000079c0       _slog_get_index_file_name  004089c0 f   slog_ld:SLOGFIL.obj
 0001:00008050       _qMemInit                  00409050 f   slog_ld:QMEM.obj
 0001:00008150       _qMemAlloc                 00409150 f   slog_ld:QMEM.obj
 0001:000082d0       _qMemFree                  004092d0 f   slog_ld:QMEM.obj
 0001:00008340       _ascii_to_hex_str          00409340 f   utility_ld:str_util.obj
 0001:00008460       _hex_to_ascii_str          00409460 f   utility_ld:str_util.obj
 0001:00008560       _strnstr                   00409560 f   utility_ld:str_util.obj
 0001:00008620       _strncat_maxstrlen         00409620 f   utility_ld:str_util.obj
 0001:000086a0       _strncpy_safe              004096a0 f   utility_ld:str_util.obj
 0001:000086d0       _isAllWhitespace           004096d0 f   utility_ld:str_util.obj
 0001:00008740       _asciiToSlong              00409740 f   utility_ld:str_util.obj
 0001:000087b0       _asciiToUlong              004097b0 f   utility_ld:str_util.obj
 0001:00008850       _asciiToSint               00409850 f   utility_ld:str_util.obj
 0001:000088d0       _asciiToUint               004098d0 f   utility_ld:str_util.obj
 0001:00008920       _asciiToSint32             00409920 f   utility_ld:str_util.obj
 0001:000089a0       _asciiToUint32             004099a0 f   utility_ld:str_util.obj
 0001:000089f0       _asciiToSint16             004099f0 f   utility_ld:str_util.obj
 0001:00008a90       _asciiToUint16             00409a90 f   utility_ld:str_util.obj
 0001:00008af0       _asciiToSint8              00409af0 f   utility_ld:str_util.obj
 0001:00008b80       _asciiToUint8              00409b80 f   utility_ld:str_util.obj
 0001:00008bd0       _asciiToFloat              00409bd0 f   utility_ld:str_util.obj
 0001:00008c70       _asciiToDouble             00409c70 f   utility_ld:str_util.obj
 0001:00008ce0       _asciiToObjId              00409ce0 f   utility_ld:str_util.obj
 0001:00008d80       _sInt8ToAscii              00409d80 f   utility_ld:str_util.obj
 0001:00008da0       _uInt8ToAscii              00409da0 f   utility_ld:str_util.obj
 0001:00008dc0       _sInt16ToAscii             00409dc0 f   utility_ld:str_util.obj
 0001:00008de0       _uInt16ToAscii             00409de0 f   utility_ld:str_util.obj
 0001:00008e00       _sInt32ToAscii             00409e00 f   utility_ld:str_util.obj
 0001:00008e20       _uInt32ToAscii             00409e20 f   utility_ld:str_util.obj
 0001:00008e40       _sIntToAscii               00409e40 f   utility_ld:str_util.obj
 0001:00008e60       _uIntToAscii               00409e60 f   utility_ld:str_util.obj
 0001:00008e80       _sLongToAscii              00409e80 f   utility_ld:str_util.obj
 0001:00008ea0       _uLongToAscii              00409ea0 f   utility_ld:str_util.obj
 0001:00008fb0       _getKeywordFromFile        00409fb0 f   utility_ld:str_util.obj
 0001:000091f0       _get_next_string           0040a1f0 f   utility_ld:str_util.obj
 0001:00009320       _gs_mutex_create_ex        0040a320 f   utility_ld:glbsem_w32.obj
 0001:00009360       _gs_translate_name         0040a360 f   utility_ld:glbsem_w32.obj
 0001:00009410       _gs_named_mutex_create_ex  0040a410 f   utility_ld:glbsem_w32.obj
 0001:000096e0       _gs_mutex_get_tm_ex        0040a6e0 f   utility_ld:glbsem_w32.obj
 0001:00009760       _gs_mutex_free_ex          0040a760 f   utility_ld:glbsem_w32.obj
 0001:00009810       _gs_mutex_destroy          0040a810 f   utility_ld:glbsem_w32.obj
 0001:000098a0       _gs_get_event_sem_ex       0040a8a0 f   utility_ld:glbsem_w32.obj
 0001:00009910       _gs_get_named_event_sem_ex 0040a910 f   utility_ld:glbsem_w32.obj
 0001:00009a60       _gs_wait_event_sem_ex      0040aa60 f   utility_ld:glbsem_w32.obj
 0001:00009b50       _gs_wait_mult_event_sem_ex 0040ab50 f   utility_ld:glbsem_w32.obj
 0001:00009c80       _gs_signal_event_sem       0040ac80 f   utility_ld:glbsem_w32.obj
 0001:00009cf0       _gs_pulse_event_sem        0040acf0 f   utility_ld:glbsem_w32.obj
 0001:00009d60       _gs_reset_event_sem        0040ad60 f   utility_ld:glbsem_w32.obj
 0001:00009dd0       _gs_free_event_sem         0040add0 f   utility_ld:glbsem_w32.obj
 0001:00009e40       _gs_get_named_semaphore_ex 0040ae40 f   utility_ld:glbsem_w32.obj
 0001:00009f80       _gs_get_semaphore_ex       0040af80 f   utility_ld:glbsem_w32.obj
 0001:00009ff0       _gs_wait_semaphore_ex      0040aff0 f   utility_ld:glbsem_w32.obj
 0001:0000a0e0       _gs_release_semaphore_ex   0040b0e0 f   utility_ld:glbsem_w32.obj
 0001:0000a160       _gs_free_semaphore_ex      0040b160 f   utility_ld:glbsem_w32.obj
 0001:0000a1d0       _gs_start_thread           0040b1d0 f   utility_ld:glbsem_w32.obj
 0001:0000a2b0       _gs_wait_thread            0040b2b0 f   utility_ld:glbsem_w32.obj
 0001:0000a3a0       _gs_close_thread           0040b3a0 f   utility_ld:glbsem_w32.obj
 0001:0000a460       _gs_set_thread_name        0040b460 f   utility_ld:glbsem_w32.obj
 0001:0000a4f0       _gs_is_win_ver             0040b4f0 f   utility_ld:glbsem_w32.obj
 0001:0000a8f0       _gs_init                   0040b8f0 f   utility_ld:glbsem.obj
 0001:0000a980       _gs_log_sem_state          0040b980 f   utility_ld:glbsem.obj
 0001:0000aa40       _gs_get_semx               0040ba40 f   utility_ld:glbsem.obj
 0001:0000abf0       _gs_free_semx              0040bbf0 f   utility_ld:glbsem.obj
 0001:0000aea0       _list_unlink               0040bea0 f   utility_ld:genlists.obj
 0001:0000afb0       _list_add_first            0040bfb0 f   utility_ld:genlists.obj
 0001:0000b050       _list_add_last             0040c050 f   utility_ld:genlists.obj
 0001:0000b0f0       _list_get_first            0040c0f0 f   utility_ld:genlists.obj
 0001:0000b120       _list_get_last             0040c120 f   utility_ld:genlists.obj
 0001:0000b160       _list_move_to_first        0040c160 f   utility_ld:genlists.obj
 0001:0000b1a0       _list_find_node            0040c1a0 f   utility_ld:genlists.obj
 0001:0000b210       _list_add_node_after       0040c210 f   utility_ld:genlists.obj
 0001:0000b2c0       _list_get_next             0040c2c0 f   utility_ld:genlists.obj
 0001:0000b340       _list_get_sizeof           0040c340 f   utility_ld:genlists.obj
 0001:0000b380       _list_find_prev            0040c380 f   utility_ld:genlists.obj
 0001:0000b400       _list_find_last            0040c400 f   utility_ld:genlists.obj
 0001:0000b430       _stimeInit                 0040c430 f   utility_ld:stime.obj
 0001:0000b550       _sGetMsTime                0040c550 f   utility_ld:stime.obj
 0001:0000b5c0       _sGetSysMsTime             0040c5c0 f   utility_ld:stime.obj
 0001:0000b620       _sResetMsTime              0040c620 f   utility_ld:stime.obj
 0001:0000b670       _stimeExit                 0040c670 f   utility_ld:stime.obj
 0001:0000b6c0       _sMsSleep                  0040c6c0 f   utility_ld:stime.obj
 0001:0000b6d0       _memcpy                    0040c6d0 f   LIBCMTD:memcpy.obj
 0001:0000ba40       _memcmp                    0040ca40 f   LIBCMTD:memcmp.obj
 0001:0000c4b0       @__security_check_cookie@4 0040d4b0 f   LIBCMTD:secchk.obj
 0001:0000c4c0       __wassert                  0040d4c0 f   LIBCMTD:wassert.obj
 0001:0000d050       __invoke_watson_if_error   0040e050 f i LIBCMTD:wassert.obj
 0001:0000d0c0       _memset                    0040e0c0 f   LIBCMTD:memset.obj
 0001:0000d140       _strcmp                    0040e140 f   LIBCMTD:strcmp.obj
 0001:0000d1d0       _sprintf                   0040e1d0 f   LIBCMTD:sprintf.obj
 0001:0000d370       __sprintf_l                0040e370 f   LIBCMTD:sprintf.obj
 0001:0000d3a0       _sprintf_s                 0040e3a0 f   LIBCMTD:sprintf.obj
 0001:0000d3d0       __sprintf_s_l              0040e3d0 f   LIBCMTD:sprintf.obj
 0001:0000d400       __snprintf_s               0040e400 f   LIBCMTD:sprintf.obj
 0001:0000d430       __snprintf_s_l             0040e430 f   LIBCMTD:sprintf.obj
 0001:0000d460       __sprintf_p                0040e460 f   LIBCMTD:sprintf.obj
 0001:0000d490       __sprintf_p_l              0040e490 f   LIBCMTD:sprintf.obj
 0001:0000d4c0       __scprintf                 0040e4c0 f   LIBCMTD:sprintf.obj
 0001:0000d4e0       __scprintf_p               0040e4e0 f   LIBCMTD:sprintf.obj
 0001:0000d500       __scprintf_l               0040e500 f   LIBCMTD:sprintf.obj
 0001:0000d530       __scprintf_p_l             0040e530 f   LIBCMTD:sprintf.obj
 0001:0000d560       _printf                    0040e560 f   LIBCMTD:printf.obj
 0001:0000d6a0       __printf_l                 0040e6a0 f   LIBCMTD:printf.obj
 0001:0000d6d0       __printf_s_l               0040e6d0 f   LIBCMTD:printf.obj
 0001:0000d700       _printf_s                  0040e700 f   LIBCMTD:printf.obj
 0001:0000d730       __printf_p_l               0040e730 f   LIBCMTD:printf.obj
 0001:0000d760       __printf_p                 0040e760 f   LIBCMTD:printf.obj
 0001:0000d790       __set_printf_count_output  0040e790 f   LIBCMTD:printf.obj
 0001:0000d7e0       __get_printf_count_output  0040e7e0 f   LIBCMTD:printf.obj
 0001:0000d800       _mainCRTStartup            0040e800 f   LIBCMTD:crt0.obj
 0001:0000da60       __cinit                    0040ea60 f   LIBCMTD:crt0dat.obj
 0001:0000db00       _exit                      0040eb00 f   LIBCMTD:crt0dat.obj
 0001:0000db20       __exit                     0040eb20 f   LIBCMTD:crt0dat.obj
 0001:0000db40       __cexit                    0040eb40 f   LIBCMTD:crt0dat.obj
 0001:0000db60       __c_exit                   0040eb60 f   LIBCMTD:crt0dat.obj
 0001:0000db80       __amsg_exit                0040eb80 f   LIBCMTD:crt0dat.obj
 0001:0000dbb0       ___freeCrtMemory           0040ebb0 f   LIBCMTD:crt0dat.obj
 0001:0000def0       ___crtCorExitProcess       0040eef0 f   LIBCMTD:crt0dat.obj
 0001:0000df30       ___crtExitProcess          0040ef30 f   LIBCMTD:crt0dat.obj
 0001:0000df50       __lockexit                 0040ef50 f   LIBCMTD:crt0dat.obj
 0001:0000df70       __unlockexit               0040ef70 f   LIBCMTD:crt0dat.obj
 0001:0000df90       __init_pointers            0040ef90 f   LIBCMTD:crt0dat.obj
 0001:0000e020       __initterm_e               0040f020 f   LIBCMTD:crt0dat.obj
 0001:0000e060       __get_wpgmptr              0040f060 f   LIBCMTD:crt0dat.obj
 0001:0000e150       __get_pgmptr               0040f150 f   LIBCMTD:crt0dat.obj
 0001:0000e240       _malloc                    0040f240 f   LIBCMTD:dbgmalloc.obj
 0001:0000e270       _calloc                    0040f270 f   LIBCMTD:dbgcalloc.obj
 0001:0000e2a0       _realloc                   0040f2a0 f   LIBCMTD:dbgrealloc.obj
 0001:0000e2d0       _free                      0040f2d0 f   LIBCMTD:dbgfree.obj
 0001:0000e2f0       _strcpy                    0040f2f0 f   LIBCMTD:strcat.obj
 0001:0000e300       _strcat                    0040f300 f   LIBCMTD:strcat.obj
 0001:0000e3f0       _strlen                    0040f3f0 f   LIBCMTD:strlen.obj
 0001:0000e480       __heap_init                0040f480 f   LIBCMTD:heapinit.obj
 0001:0000e4c0       __heap_term                0040f4c0 f   LIBCMTD:heapinit.obj
 0001:0000e4e0       __get_heap_handle          0040f4e0 f   LIBCMTD:heapinit.obj
 0001:0000e520       __heapwalk                 0040f520 f   LIBCMTD:heapwalk.obj
 0001:0000e720       __aulldiv                  0040f720 f   LIBCMTD:ulldiv.obj
 0001:0000e790       __alldiv                   0040f790 f   LIBCMTD:lldiv.obj
 0001:0000e840       __vsnprintf_l              0040f840 f   LIBCMTD:vsnprint.obj
 0001:0000ea00       __vsnprintf                0040fa00 f   LIBCMTD:vsnprint.obj
 0001:0000ea30       _fprintf                   0040fa30 f   LIBCMTD:fprintf.obj
 0001:0000ecd0       __fprintf_l                0040fcd0 f   LIBCMTD:fprintf.obj
 0001:0000ed00       __fprintf_s_l              0040fd00 f   LIBCMTD:fprintf.obj
 0001:0000ed30       _fprintf_s                 0040fd30 f   LIBCMTD:fprintf.obj
 0001:0000ed60       __fprintf_p_l              0040fd60 f   LIBCMTD:fprintf.obj
 0001:0000ed90       __fprintf_p                0040fd90 f   LIBCMTD:fprintf.obj
 0001:0000edc0       ___iob_func                0040fdc0 f   LIBCMTD:_file.obj
 0001:0000edd0       ___initstdio               0040fdd0 f   LIBCMTD:_file.obj
 0001:0000ef20       ___endstdio                0040ff20 f   LIBCMTD:_file.obj
 0001:0000ef50       __lock_file                0040ff50 f   LIBCMTD:_file.obj
 0001:0000efb0       __lock_file2               0040ffb0 f   LIBCMTD:_file.obj
 0001:0000eff0       __unlock_file              0040fff0 f   LIBCMTD:_file.obj
 0001:0000f050       __unlock_file2             00410050 f   LIBCMTD:_file.obj
 0001:0000f090       __fpmath                   00410090 f   LIBCMTD:_fpinit_.obj
 0001:0000f0b0       __cfltcvt_init             004100b0 f   LIBCMTD:_fpinit_.obj
 0001:0000f120       ___setfflag                00410120 f   LIBCMTD:_fpinit_.obj
 0001:0000f140       _strncpy                   00410140 f   LIBCMTD:strncpy.obj
 0001:0000f270       _strncat                   00410270 f   LIBCMTD:strncat.obj
 0001:0000f3b0       _fclose                    004103b0 f   LIBCMTD:fclose.obj
 0001:0000f4c0       __fclose_nolock            004104c0 f   LIBCMTD:fclose.obj
 0001:0000f5c0       __fsopen                   004105c0 f   LIBCMTD:fopen.obj
 0001:0000f7d0       _fopen                     004107d0 f   LIBCMTD:fopen.obj
 0001:0000f7f0       _fopen_s                   004107f0 f   LIBCMTD:fopen.obj
 0001:0000f890       __isalpha_l                00410890 f i LIBCMTD:_ctype.obj
 0001:0000f920       ??0_LocaleUpdate@@QAE@PAUlocaleinfo_struct@@@Z 00410920 f i LIBCMTD:_ctype.obj
 0001:0000fa00       ??1_LocaleUpdate@@QAE@XZ   00410a00 f i LIBCMTD:_ctype.obj
 0001:0000fa30       ?GetLocaleT@_LocaleUpdate@@QAEPAUlocaleinfo_struct@@XZ 00410a30 f i LIBCMTD:_ctype.obj
 0001:0000fa40       _isalpha                   00410a40 f i LIBCMTD:_ctype.obj
 0001:0000fa80       __isupper_l                00410a80 f i LIBCMTD:_ctype.obj
 0001:0000fb00       _isupper                   00410b00 f i LIBCMTD:_ctype.obj
 0001:0000fb30       __islower_l                00410b30 f i LIBCMTD:_ctype.obj
 0001:0000fbb0       _islower                   00410bb0 f i LIBCMTD:_ctype.obj
 0001:0000fbe0       __isdigit_l                00410be0 f i LIBCMTD:_ctype.obj
 0001:0000fc60       _isdigit                   00410c60 f i LIBCMTD:_ctype.obj
 0001:0000fc90       __isxdigit_l               00410c90 f i LIBCMTD:_ctype.obj
 0001:0000fd20       _isxdigit                  00410d20 f i LIBCMTD:_ctype.obj
 0001:0000fd60       __isspace_l                00410d60 f i LIBCMTD:_ctype.obj
 0001:0000fde0       _isspace                   00410de0 f i LIBCMTD:_ctype.obj
 0001:0000fe10       __ispunct_l                00410e10 f i LIBCMTD:_ctype.obj
 0001:0000fe90       _ispunct                   00410e90 f i LIBCMTD:_ctype.obj
 0001:0000fec0       __isalnum_l                00410ec0 f i LIBCMTD:_ctype.obj
 0001:0000ff50       _isalnum                   00410f50 f i LIBCMTD:_ctype.obj
 0001:0000ff90       __isprint_l                00410f90 f i LIBCMTD:_ctype.obj
 0001:00010020       _isprint                   00411020 f i LIBCMTD:_ctype.obj
 0001:00010060       __isgraph_l                00411060 f i LIBCMTD:_ctype.obj
 0001:000100f0       _isgraph                   004110f0 f i LIBCMTD:_ctype.obj
 0001:00010130       __iscntrl_l                00411130 f i LIBCMTD:_ctype.obj
 0001:000101b0       _iscntrl                   004111b0 f i LIBCMTD:_ctype.obj
 0001:000101e0       ___isascii                 004111e0 f i LIBCMTD:_ctype.obj
 0001:00010200       ___toascii                 00411200 f i LIBCMTD:_ctype.obj
 0001:00010210       __iscsymf_l                00411210 f i LIBCMTD:_ctype.obj
 0001:00010250       ___iscsymf                 00411250 f i LIBCMTD:_ctype.obj
 0001:00010290       __iscsym_l                 00411290 f i LIBCMTD:_ctype.obj
 0001:000102d0       ___iscsym                  004112d0 f i LIBCMTD:_ctype.obj
 0001:00010310       __ctime64_s                00411310 f   LIBCMTD:ctime64.obj
 0001:00010500       __ctime64                  00411500 f   LIBCMTD:ctime64.obj
 0001:000105e0       __time64                   004115e0 f   LIBCMTD:time64.obj
 0001:00010660       _fflush                    00411660 f   LIBCMTD:fflush.obj
 0001:00010700       __fflush_nolock            00411700 f   LIBCMTD:fflush.obj
 0001:00010760       __flush                    00411760 f   LIBCMTD:fflush.obj
 0001:00010820       __flushall                 00411820 f   LIBCMTD:fflush.obj
 0001:000109f0       _ftell                     004119f0 f   LIBCMTD:ftell.obj
 0001:00010ae0       __ftell_nolock             00411ae0 f   LIBCMTD:ftell.obj
 0001:00010db0       _fseek                     00411db0 f   LIBCMTD:fseek.obj
 0001:00010f20       __fseek_nolock             00411f20 f   LIBCMTD:fseek.obj
 0001:00011000       _setbuf                    00412000 f   LIBCMTD:setbuf.obj
 0001:00011060       __fstat64i32               00412060 f   LIBCMTD:fstati32.obj
 0001:000116d0       _remove                    004126d0 f   LIBCMTD:unlink.obj
 0001:00011720       __unlink                   00412720 f   LIBCMTD:unlink.obj
 0001:00011740       _strncmp                   00412740 f   LIBCMTD:strncmp.obj
 0001:000118c0       _fgets                     004128c0 f   LIBCMTD:fgets.obj
 0001:00011c50       _vfscanf                   00412c50 f   LIBCMTD:fscanf.obj
 0001:00011ed0       _fscanf                    00412ed0 f   LIBCMTD:fscanf.obj
 0001:00011f00       __fscanf_l                 00412f00 f   LIBCMTD:fscanf.obj
 0001:00011f30       _fscanf_s                  00412f30 f   LIBCMTD:fscanf.obj
 0001:00011f60       __fscanf_s_l               00412f60 f   LIBCMTD:fscanf.obj
 0001:00011f90       _strerror                  00412f90 f   LIBCMTD:strerror.obj
 0001:00012040       __get_sys_err_msg          00413040 f i LIBCMTD:strerror.obj
 0001:00012080       _strerror_s                00413080 f   LIBCMTD:strerror.obj
 0001:000121a0       __dosmaperr                004131a0 f   LIBCMTD:dosmap.obj
 0001:000121d0       __get_errno_from_oserr     004131d0 f   LIBCMTD:dosmap.obj
 0001:00012250       __set_errno                00413250 f   LIBCMTD:dosmap.obj
 0001:00012280       __get_errno                00413280 f   LIBCMTD:dosmap.obj
 0001:00012300       __set_doserrno             00413300 f   LIBCMTD:dosmap.obj
 0001:00012330       __get_doserrno             00413330 f   LIBCMTD:dosmap.obj
 0001:000123b0       __errno                    004133b0 f   LIBCMTD:dosmap.obj
 0001:000123e0       ___doserrno                004133e0 f   LIBCMTD:dosmap.obj
 0001:00012410       _fwrite                    00413410 f   LIBCMTD:fwrite.obj
 0001:00012520       __fwrite_nolock            00413520 f   LIBCMTD:fwrite.obj
 0001:000128f0       _fread_s                   004138f0 f   LIBCMTD:fread.obj
 0001:00012a20       __fread_nolock_s           00413a20 f   LIBCMTD:fread.obj
 0001:00013000       _fread                     00414000 f   LIBCMTD:fread.obj
 0001:00013030       __fread_nolock             00414030 f   LIBCMTD:fread.obj
 0001:00013060       _fputs                     00414060 f   LIBCMTD:fputs.obj
 0001:00013300       __toupper                  00414300 f   LIBCMTD:toupper.obj
 0001:00013310       __toupper_l                00414310 f   LIBCMTD:toupper.obj
 0001:000134f0       _toupper                   004144f0 f   LIBCMTD:toupper.obj
 0001:00013540       _strtol                    00414540 f   LIBCMTD:strtol.obj
 0001:00013a70       __strtol_l                 00414a70 f   LIBCMTD:strtol.obj
 0001:00013aa0       _strtoul                   00414aa0 f   LIBCMTD:strtol.obj
 0001:00013af0       __strtoul_l                00414af0 f   LIBCMTD:strtol.obj
 0001:00013b30       _strchr                    00414b30 f   LIBCMTD:strchr.obj
 0001:00013b36       ___from_strstr_to_strchr   00414b36     LIBCMTD:strchr.obj
 0001:00013bf0       _fabs                      00414bf0 f   LIBCMTD:_fabs_.obj
 0001:00013cf0       __strtod_l                 00414cf0 f   LIBCMTD:strtod.obj
 0001:00013ef0       _strtod                    00414ef0 f   LIBCMTD:strtod.obj
 0001:00013f10       _atol                      00414f10 f   LIBCMTD:atox.obj
 0001:00013f30       __atol_l                   00414f30 f   LIBCMTD:atox.obj
 0001:00013f50       _atoi                      00414f50 f   LIBCMTD:atox.obj
 0001:00013f70       __atoi_l                   00414f70 f   LIBCMTD:atox.obj
 0001:00013f90       __atoi64                   00414f90 f   LIBCMTD:atox.obj
 0001:00013fb0       __atoi64_l                 00414fb0 f   LIBCMTD:atox.obj
 0001:00013fd0       _strstr                    00414fd0 f   LIBCMTD:strstr.obj
 0001:00014060       _strpbrk                   00415060 f   LIBCMTD:strpbrk.obj
 0001:000140a0       __beginthreadex            004150a0 f   LIBCMTD:threadex.obj
 0001:00014320       __endthreadex              00415320 f   LIBCMTD:threadex.obj
 0001:00014350       __except_handler4          00415350 f   LIBCMTD:chandler4.obj
 0001:00014570       __VEC_memcpy               00415570 f   LIBCMTD:p4_memcpy.obj
 0001:00014680       ___sse2_available_init     00415680 f   LIBCMTD:cpu_disp.obj
 0001:000146a0       ___report_gsfailure        004156a0 f   LIBCMTD:gs_report.obj
 0001:000147b0       __initp_misc_winsig        004157b0 f   LIBCMTD:winsig.obj
 0001:000147e0       _signal                    004157e0 f   LIBCMTD:winsig.obj
 0001:00014c80       _raise                     00415c80 f   LIBCMTD:winsig.obj
 0001:00014ff0       ___get_sigabrt             00415ff0 f   LIBCMTD:winsig.obj
 0001:00015010       ___fpecode                 00416010 f   LIBCMTD:winsig.obj
 0001:00015020       ___pxcptinfoptrs           00416020 f   LIBCMTD:winsig.obj
 0001:00015030       ___crtMessageBoxW          00416030 f   LIBCMTD:crtmboxw.obj
 0001:00015250       __itow_s                   00416250 f   LIBCMTD:xtows.obj
 0001:00015630       __ltow_s                   00416630 f   LIBCMTD:xtows.obj
 0001:00015670       __ultow_s                  00416670 f   LIBCMTD:xtows.obj
 0001:00015690       __i64tow_s                 00416690 f   LIBCMTD:xtows.obj
 0001:00015ab0       __ui64tow_s                00416ab0 f   LIBCMTD:xtows.obj
 0001:00015ad0       _wcsncat_s                 00416ad0 f   LIBCMTD:wcsncat_s.obj
 0001:00015f80       _wcsncpy_s                 00416f80 f   LIBCMTD:wcsncpy_s.obj
 0001:00016390       _wcscat_s                  00417390 f   LIBCMTD:wcscat_s.obj
 0001:00016780       _wcscpy_s                  00417780 f   LIBCMTD:wcscpy_s.obj
 0001:00016a60       _fwprintf                  00417a60 f   LIBCMTD:fwprintf.obj
 0001:00016be0       __fwprintf_l               00417be0 f   LIBCMTD:fwprintf.obj
 0001:00016c10       __fwprintf_s_l             00417c10 f   LIBCMTD:fwprintf.obj
 0001:00016c40       _fwprintf_s                00417c40 f   LIBCMTD:fwprintf.obj
 0001:00016c70       __fwprintf_p_l             00417c70 f   LIBCMTD:fwprintf.obj
 0001:00016ca0       __fwprintf_p               00417ca0 f   LIBCMTD:fwprintf.obj
 0001:00016cd0       _setvbuf                   00417cd0 f   LIBCMTD:setvbuf.obj
 0001:00016fa0       _abort                     00417fa0 f   LIBCMTD:abort.obj
 0001:00017000       __set_abort_behavior       00418000 f   LIBCMTD:abort.obj
 0001:00017030       _wcslen                    00418030 f   LIBCMTD:wcslen.obj
 0001:00017060       __set_error_mode           00418060 f   LIBCMTD:errmode.obj
 0001:00017120       ___set_app_type            00418120 f   LIBCMTD:errmode.obj
 0001:00017130       __initp_misc_invarg        00418130 f   LIBCMTD:invarg.obj
 0001:00017140       __invalid_parameter        00418140 f   LIBCMTD:invarg.obj
 0001:000171a0       __invoke_watson            004181a0 f   LIBCMTD:invarg.obj
 0001:000171d0       __call_reportfault         004181d0 f   LIBCMTD:invarg.obj
 0001:00017320       __set_invalid_parameter_handler 00418320 f   LIBCMTD:invarg.obj
 0001:00017360       __get_invalid_parameter_handler 00418360 f   LIBCMTD:invarg.obj
 0001:00017390       ?_invalid_parameter@@YAXPBG00II@Z 00418390 f   LIBCMTD:invarg.obj
 0001:000173c0       ?_invoke_watson@@YAXPBG00II@Z 004183c0 f   LIBCMTD:invarg.obj
 0001:000173e0       __vswprintf_helper         004183e0 f   LIBCMTD:vswprnc.obj
 0001:00017640       __vswprintf_c              00418640 f   LIBCMTD:vswprnc.obj
 0001:00017690       __vswprintf_c_l            00418690 f   LIBCMTD:vswprnc.obj
 0001:000176e0       __vswprintf_s_l            004186e0 f   LIBCMTD:vswprnc.obj
 0001:00017950       _vswprintf_s               00418950 f   LIBCMTD:vswprnc.obj
 0001:00017980       __vsnwprintf_s_l           00418980 f   LIBCMTD:vswprnc.obj
 0001:00017d30       __vsnwprintf_s             00418d30 f   LIBCMTD:vswprnc.obj
 0001:00017d60       __vswprintf_p              00418d60 f   LIBCMTD:vswprnc.obj
 0001:00017db0       __vswprintf_p_l            00418db0 f   LIBCMTD:vswprnc.obj
 0001:00017e00       __VEC_memzero              00418e00 f   LIBCMTD:p4_memset.obj
 0001:00017ec0       __flsbuf                   00418ec0 f   LIBCMTD:_flsbuf.obj
 0001:00018180       __output_l                 00419180 f   LIBCMTD:output.obj
 0001:000195f0       _get_int_arg               0041a5f0 f i LIBCMTD:output.obj
 0001:00019610       _get_int64_arg             0041a610 f i LIBCMTD:output.obj
 0001:00019630       _get_short_arg             0041a630 f i LIBCMTD:output.obj
 0001:00019650       __CrtSetReportHookW2       0041a650 f   LIBCMTD:dbgrptw.obj
 0001:00019980       __CrtDbgReportW            0041a980 f   LIBCMTD:dbgrptw.obj
 0001:000199c0       __CrtDbgReportWV           0041a9c0 f i LIBCMTD:dbgrptw.obj
 0001:000199f0       ___crtMessageWindowW       0041a9f0 f   LIBCMTD:dbgrptw.obj
 0001:00019df0       __invoke_watson_if_oneof   0041adf0 f i LIBCMTD:dbgrptw.obj
 0001:00019e30       ?_CrtDbgReportW@@YAHHPBGH00ZZ 0041ae30 f   LIBCMTD:dbgrptw.obj
 0001:00019e70       __vsprintf_l               0041ae70 f   LIBCMTD:vsprintf.obj
 0001:0001a010       _vsprintf                  0041b010 f   LIBCMTD:vsprintf.obj
 0001:0001a030       __vscprintf_helper         0041b030 f   LIBCMTD:vsprintf.obj
 0001:0001a110       __vscprintf                0041b110 f   LIBCMTD:vsprintf.obj
 0001:0001a130       __vscprintf_l              0041b130 f   LIBCMTD:vsprintf.obj
 0001:0001a150       __vscprintf_p              0041b150 f   LIBCMTD:vsprintf.obj
 0001:0001a170       __vscprintf_p_l            0041b170 f   LIBCMTD:vsprintf.obj
 0001:0001a190       __vsnprintf_helper         0041b190 f   LIBCMTD:vsnprnc.obj
 0001:0001a380       __vsnprintf_c              0041b380 f   LIBCMTD:vsnprnc.obj
 0001:0001a3d0       __vsnprintf_c_l            0041b3d0 f   LIBCMTD:vsnprnc.obj
 0001:0001a420       __vsprintf_s_l             0041b420 f   LIBCMTD:vsnprnc.obj
 0001:0001a690       _vsprintf_s                0041b690 f   LIBCMTD:vsnprnc.obj
 0001:0001a6c0       __vsnprintf_s_l            0041b6c0 f   LIBCMTD:vsnprnc.obj
 0001:0001aa60       __vsnprintf_s              0041ba60 f   LIBCMTD:vsnprnc.obj
 0001:0001aa90       __vsprintf_p               0041ba90 f   LIBCMTD:vsnprnc.obj
 0001:0001aae0       __vsprintf_p_l             0041bae0 f   LIBCMTD:vsnprnc.obj
 0001:0001ab30       __stbuf                    0041bb30 f   LIBCMTD:_sftbuf.obj
 0001:0001ac90       __ftbuf                    0041bc90 f   LIBCMTD:_sftbuf.obj
 0001:0001ad20       _vprintf_helper            0041bd20 f   LIBCMTD:vprintf.obj
 0001:0001ae40       __vprintf_l                0041be40 f   LIBCMTD:vprintf.obj
 0001:0001ae60       __vprintf_s_l              0041be60 f   LIBCMTD:vprintf.obj
 0001:0001ae80       __vprintf_p_l              0041be80 f   LIBCMTD:vprintf.obj
 0001:0001aea0       _vprintf                   0041bea0 f   LIBCMTD:vprintf.obj
 0001:0001aec0       _vprintf_s                 0041bec0 f   LIBCMTD:vprintf.obj
 0001:0001aee0       __vprintf_p                0041bee0 f   LIBCMTD:vprintf.obj
 0001:0001af00       ?__CxxUnhandledExceptionFilter@@YGJPAU_EXCEPTION_POINTERS@@@Z 0041bf00 f   LIBCMTD:unhandld.obj
 0001:0001af70       ___CxxSetUnhandledExceptionFilter 0041bf70 f   LIBCMTD:unhandld.obj
 0001:0001af90       ___security_init_cookie    0041bf90 f   LIBCMTD:gs_support.obj
 0001:0001b070       ___CppXcptFilter           0041c070 f   LIBCMTD:winxfltr.obj
 0001:0001b0a0       __XcptFilter               0041c0a0 f   LIBCMTD:winxfltr.obj
 0001:0001b300       __setenvp                  0041c300 f   LIBCMTD:stdenvp.obj
 0001:0001b4a0       __setargv                  0041c4a0 f   LIBCMTD:stdargv.obj
 0001:0001b5c0       __set_pgmptr               0041c5c0 f i LIBCMTD:stdargv.obj
 0001:0001b930       ___crtGetEnvironmentStringsA 0041c930 f   LIBCMTD:a_env.obj
 0001:0001ba30       __ioinit                   0041ca30 f   LIBCMTD:ioinit.obj
 0001:0001be40       __ioterm                   0041ce40 f   LIBCMTD:ioinit.obj
 0001:0001bee0       __RTC_Initialize           0041cee0 f   LIBCMTD:_initsect_.obj
 0001:0001bf10       __RTC_Terminate            0041cf10 f   LIBCMTD:_initsect_.obj
 0001:0001bf40       __malloc_dbg               0041cf40 f   LIBCMTD:dbgheap.obj
 0001:0001bf70       __nh_malloc                0041cf70 f   LIBCMTD:dbgheap.obj
 0001:0001bf90       __nh_malloc_dbg            0041cf90 f   LIBCMTD:dbgheap.obj
 0001:0001c070       __heap_alloc               0041d070 f   LIBCMTD:dbgheap.obj
 0001:0001c450       __heap_alloc_dbg           0041d450 f   LIBCMTD:dbgheap.obj
 0001:0001c4b0       __calloc_dbg_impl          0041d4b0 f   LIBCMTD:dbgheap.obj
 0001:0001c530       __calloc_dbg               0041d530 f   LIBCMTD:dbgheap.obj
 0001:0001c590       __recalloc                 0041d590 f   LIBCMTD:dbgheap.obj
 0001:0001c5c0       __realloc_dbg              0041d5c0 f   LIBCMTD:dbgheap.obj
 0001:0001cc60       __recalloc_dbg             0041dc60 f   LIBCMTD:dbgheap.obj
 0001:0001cd10       __expand                   0041dd10 f   LIBCMTD:dbgheap.obj
 0001:0001cd40       __expand_dbg               0041dd40 f   LIBCMTD:dbgheap.obj
 0001:0001ce50       __free_nolock              0041de50 f   LIBCMTD:dbgheap.obj
 0001:0001ce70       __free_dbg                 0041de70 f   LIBCMTD:dbgheap.obj
 0001:0001cef0       __free_dbg_nolock          0041def0 f   LIBCMTD:dbgheap.obj
 0001:0001d3d0       __msize                    0041e3d0 f   LIBCMTD:dbgheap.obj
 0001:0001d3f0       __msize_dbg                0041e3f0 f   LIBCMTD:dbgheap.obj
 0001:0001d5e0       __CrtSetBreakAlloc         0041e5e0 f   LIBCMTD:dbgheap.obj
 0001:0001d600       __CrtSetDbgBlockType       0041e600 f   LIBCMTD:dbgheap.obj
 0001:0001d6f0       __CrtSetAllocHook          0041e6f0 f   LIBCMTD:dbgheap.obj
 0001:0001d710       __CrtGetAllocHook          0041e710 f   LIBCMTD:dbgheap.obj
 0001:0001d760       __CrtCheckMemory           0041e760 f   LIBCMTD:dbgheap.obj
 0001:0001dbc0       __CrtSetDbgFlag            0041ebc0 f   LIBCMTD:dbgheap.obj
 0001:0001dd10       __CrtDoForAllClientObjects 0041ed10 f   LIBCMTD:dbgheap.obj
 0001:0001de30       __CrtIsValidPointer        0041ee30 f   LIBCMTD:dbgheap.obj
 0001:0001de40       __CrtIsValidHeapPointer    0041ee40 f   LIBCMTD:dbgheap.obj
 0001:0001de90       __CrtIsMemoryBlock         0041ee90 f   LIBCMTD:dbgheap.obj
 0001:0001e000       __CrtReportBlockType       0041f000 f   LIBCMTD:dbgheap.obj
 0001:0001e030       __CrtSetDumpClient         0041f030 f   LIBCMTD:dbgheap.obj
 0001:0001e050       __CrtGetDumpClient         0041f050 f   LIBCMTD:dbgheap.obj
 0001:0001e060       __CrtMemCheckpoint         0041f060 f   LIBCMTD:dbgheap.obj
 0001:0001e280       __CrtMemDifference         0041f280 f   LIBCMTD:dbgheap.obj
 0001:0001e4a0       __CrtMemDumpAllObjectsSince 0041f4a0 f   LIBCMTD:dbgheap.obj
 0001:0001e990       __CrtDumpMemoryLeaks       0041f990 f   LIBCMTD:dbgheap.obj
 0001:0001ea10       __CrtMemDumpStatistics     0041fa10 f   LIBCMTD:dbgheap.obj
 0001:0001eb20       __aligned_malloc           0041fb20 f   LIBCMTD:dbgheap.obj
 0001:0001eb40       __aligned_malloc_dbg       0041fb40 f   LIBCMTD:dbgheap.obj
 0001:0001eb70       __aligned_realloc          0041fb70 f   LIBCMTD:dbgheap.obj
 0001:0001eba0       __aligned_recalloc         0041fba0 f   LIBCMTD:dbgheap.obj
 0001:0001ebd0       __aligned_realloc_dbg      0041fbd0 f   LIBCMTD:dbgheap.obj
 0001:0001ec00       __aligned_recalloc_dbg     0041fc00 f   LIBCMTD:dbgheap.obj
 0001:0001ec30       __aligned_offset_malloc    0041fc30 f   LIBCMTD:dbgheap.obj
 0001:0001ec50       __aligned_offset_malloc_dbg 0041fc50 f   LIBCMTD:dbgheap.obj
 0001:0001ee10       __aligned_offset_realloc   0041fe10 f   LIBCMTD:dbgheap.obj
 0001:0001ee40       __aligned_offset_recalloc  0041fe40 f   LIBCMTD:dbgheap.obj
 0001:0001ee70       __aligned_offset_realloc_dbg 0041fe70 f   LIBCMTD:dbgheap.obj
 0001:0001f160       __aligned_offset_recalloc_dbg 00420160 f   LIBCMTD:dbgheap.obj
 0001:0001f220       __aligned_free             00420220 f   LIBCMTD:dbgheap.obj
 0001:0001f240       __aligned_free_dbg         00420240 f   LIBCMTD:dbgheap.obj
 0001:0001f2f0       __CrtSetDebugFillThreshold 004202f0 f   LIBCMTD:dbgheap.obj
 0001:0001f310       __CrtSetCheckCount         00420310 f   LIBCMTD:dbgheap.obj
 0001:0001f330       __CrtGetCheckCount         00420330 f   LIBCMTD:dbgheap.obj
 0001:0001f340       __aligned_msize            00420340 f   LIBCMTD:dbgheap.obj
 0001:0001f360       __aligned_msize_dbg        00420360 f   LIBCMTD:dbgheap.obj
 0001:0001f470       __encoded_null             00420470 f   LIBCMTD:tidtable.obj
 0001:0001f480       ___crtTlsAlloc@4           00420480 f   LIBCMTD:tidtable.obj
 0001:0001f490       ___fls_getvalue@4          00420490 f   LIBCMTD:tidtable.obj
 0001:0001f4b0       ___get_flsindex            004204b0 f   LIBCMTD:tidtable.obj
 0001:0001f4c0       ___set_flsgetvalue         004204c0 f   LIBCMTD:tidtable.obj
 0001:0001f510       ___fls_setvalue@8          00420510 f   LIBCMTD:tidtable.obj
 0001:0001f530       __mtinit                   00420530 f   LIBCMTD:tidtable.obj
 0001:0001f730       __mtterm                   00420730 f   LIBCMTD:tidtable.obj
 0001:0001f790       __initptd                  00420790 f   LIBCMTD:tidtable.obj
 0001:0001f8c0       __getptd_noexit            004208c0 f   LIBCMTD:tidtable.obj
 0001:0001f980       __getptd                   00420980 f   LIBCMTD:tidtable.obj
 0001:0001f9b0       __freefls@4                004209b0 f   LIBCMTD:tidtable.obj
 0001:0001fbc0       __freeptd                  00420bc0 f   LIBCMTD:tidtable.obj
 0001:0001fc40       ___threadid                00420c40 f   LIBCMTD:tidtable.obj
 0001:0001fc50       ___threadhandle            00420c50 f   LIBCMTD:tidtable.obj
 0001:0001fc60       __FF_MSGBANNER             00420c60 f   LIBCMTD:crt0msg.obj
 0001:0001fcb0       __GET_RTERRMSG             00420cb0 f   LIBCMTD:crt0msg.obj
 0001:0001fd00       __NMSG_WRITE               00420d00 f   LIBCMTD:crt0msg.obj
 0001:00020040       __onexit                   00421040 f   LIBCMTD:onexit.obj
 0001:00020210       _atexit                    00421210 f   LIBCMTD:onexit.obj
 0001:00020230       ___onexitinit              00421230 f   LIBCMTD:onexit.obj
 0001:00020290       __initp_misc_cfltcvt_tab   00421290 f   LIBCMTD:cmiscdat.obj
 0001:000202d0       __ValidateImageBase        004212d0 f   LIBCMTD:pesect.obj
 0001:00020330       __FindPESection            00421330 f   LIBCMTD:pesect.obj
 0001:000203b0       __IsNonwritableInCurrentImage 004213b0 f   LIBCMTD:pesect.obj
 0001:000204d0       ___updatetmbcinfo          004214d0 f   LIBCMTD:mbctype.obj
 0001:000205e0       __setmbcp                  004215e0 f   LIBCMTD:mbctype.obj
 0001:00020990       __setmbcp_nolock           00421990 f   LIBCMTD:mbctype.obj
 0001:00021180       __getmbcp                  00422180 f   LIBCMTD:mbctype.obj
 0001:000211f0       ___initmbctable            004221f0 f   LIBCMTD:mbctype.obj
 0001:00021220       __mtinitlocks              00422220 f   LIBCMTD:mlock.obj
 0001:000212b0       __mtdeletelocks            004222b0 f   LIBCMTD:mlock.obj
 0001:00021370       __mtinitlocknum            00422370 f   LIBCMTD:mlock.obj
 0001:000214c0       __lock                     004224c0 f   LIBCMTD:mlock.obj
 0001:00021500       __unlock                   00422500 f   LIBCMTD:mlock.obj
 0001:00021520       __lockerr_exit             00422520 f   LIBCMTD:mlock.obj
 0001:00021540       __initp_eh_hooks           00422540 f   LIBCMTD:hooks.obj
 0001:00021560       ?terminate@@YAXXZ          00422560 f   LIBCMTD:hooks.obj
 0001:000215e0       ?unexpected@@YAXXZ         004225e0 f   LIBCMTD:hooks.obj
 0001:00021610       ?_inconsistency@@YAXXZ     00422610 f   LIBCMTD:hooks.obj
 0001:000216a0       __initp_misc_rand_s        004226a0 f   LIBCMTD:rand_s.obj
 0001:000216b0       _rand_s                    004226b0 f   LIBCMTD:rand_s.obj
 0001:000218d0       ___getlocaleinfo           004228d0 f   LIBCMTD:inithelp.obj
 0001:00021bb0       __initp_misc_purevirt      00422bb0 f   LIBCMTD:inithelp.obj
 0001:00021bc0       __initp_heap_handler       00422bc0 f   LIBCMTD:handler.obj
 0001:00021bd0       ?_set_new_handler@@YAP6AHI@ZP6AHI@Z@Z 00422bd0 f   LIBCMTD:handler.obj
 0001:00021c10       ?_set_new_handler@@YAP6AHI@ZH@Z 00422c10 f   LIBCMTD:handler.obj
 0001:00021c50       ?_query_new_handler@@YAP6AHI@ZXZ 00422c50 f   LIBCMTD:handler.obj
 0001:00021c70       __callnewh                 00422c70 f   LIBCMTD:handler.obj
 0001:00021cb0       __fileno                   00422cb0 f   LIBCMTD:fileno.obj
 0001:00021cb0       _fileno                    00422cb0 f   LIBCMTD:fileno.obj
 0001:00021d30       _vfprintf_helper           00422d30 f   LIBCMTD:vfprintf.obj
 0001:00021fd0       __vfprintf_l               00422fd0 f   LIBCMTD:vfprintf.obj
 0001:00022000       __vfprintf_s_l             00423000 f   LIBCMTD:vfprintf.obj
 0001:00022030       __vfprintf_p_l             00423030 f   LIBCMTD:vfprintf.obj
 0001:00022060       _vfprintf                  00423060 f   LIBCMTD:vfprintf.obj
 0001:00022090       _vfprintf_s                00423090 f   LIBCMTD:vfprintf.obj
 0001:000220c0       __vfprintf_p               004230c0 f   LIBCMTD:vfprintf.obj
 0001:000220f0       __fcloseall                004230f0 f   LIBCMTD:closeall.obj
 0001:00022220       __setdefaultprecision      00423220 f   LIBCMTD:fp8.obj
 0001:00022260       __forcdecpt                00423260 f   LIBCMTD:cvt.obj
 0001:00022280       __forcdecpt_l              00423280 f   LIBCMTD:cvt.obj
 0001:00022340       __cropzeros                00423340 f   LIBCMTD:cvt.obj
 0001:00022360       __cropzeros_l              00423360 f   LIBCMTD:cvt.obj
 0001:00022470       __positive                 00423470 f   LIBCMTD:cvt.obj
 0001:000224a0       __fassign_l                004234a0 f   LIBCMTD:cvt.obj
 0001:00022500       __fassign                  00423500 f   LIBCMTD:cvt.obj
 0001:00022520       __cftoe_l                  00423520 f   LIBCMTD:cvt.obj
 0001:00022a70       __cftoe                    00423a70 f   LIBCMTD:cvt.obj
 0001:00022aa0       __cftoa_l                  00423aa0 f   LIBCMTD:cvt.obj
 0001:00023280       ?strrchr@@YAPADPADH@Z      00424280 f i LIBCMTD:cvt.obj
 0001:000232a0       __cftoa                    004242a0 f   LIBCMTD:cvt.obj
 0001:000232d0       __cftof_l                  004242d0 f   LIBCMTD:cvt.obj
 0001:000236e0       __cftof                    004246e0 f   LIBCMTD:cvt.obj
 0001:00023710       __cftog_l                  00424710 f   LIBCMTD:cvt.obj
 0001:00023940       __cftog                    00424940 f   LIBCMTD:cvt.obj
 0001:00023970       __cfltcvt_l                00424970 f   LIBCMTD:cvt.obj
 0001:00023a30       __cfltcvt                  00424a30 f   LIBCMTD:cvt.obj
 0001:00023a90       __close                    00424a90 f   LIBCMTD:close.obj
 0001:00023ca0       __close_nolock             00424ca0 f   LIBCMTD:close.obj
 0001:00023d70       __freebuf                  00424d70 f   LIBCMTD:_freebuf.obj
 0001:00023e00       __openfile                 00424e00 f   LIBCMTD:_open.obj
 0001:000245c0       __getstream                004255c0 f   LIBCMTD:stream.obj
 0001:00024820       __local_unwind4            00425820 f   LIBCMTD:exsup4.obj
 0001:000248f6       __seh_longjmp_unwind4@4    004258f6 f   LIBCMTD:exsup4.obj
 0001:00024912       @_EH4_CallFilterFunc@8     00425912 f   LIBCMTD:exsup4.obj
 0001:00024929       @_EH4_TransferToHandler@8  00425929 f   LIBCMTD:exsup4.obj
 0001:00024942       @_EH4_GlobalUnwind2@8      00425942 f   LIBCMTD:exsup4.obj
 0001:0002495b       @_EH4_LocalUnwind@16       0042595b f   LIBCMTD:exsup4.obj
 0001:00024980       __chvalidator              00425980 f   LIBCMTD:isctype.obj
 0001:000249d0       __chvalidator_l            004259d0 f   LIBCMTD:isctype.obj
 0001:00024a80       __isctype_l                00425a80 f   LIBCMTD:isctype.obj
 0001:00024ba0       __isctype                  00425ba0 f   LIBCMTD:isctype.obj
 0001:00024be0       ___addlocaleref            00425be0 f   LIBCMTD:localref.obj
 0001:00024d00       ___removelocaleref         00425d00 f   LIBCMTD:localref.obj
 0001:00024e30       ___freetlocinfo            00425e30 f   LIBCMTD:localref.obj
 0001:00025110       __updatetlocinfoEx_nolock  00426110 f   LIBCMTD:localref.obj
 0001:00025190       ___updatetlocinfo          00426190 f   LIBCMTD:localref.obj
 0001:00025260       ____setlc_active_func      00426260 f   LIBCMTD:setlocal.obj
 0001:00025270       ____unguarded_readlc_active_add_func 00426270 f   LIBCMTD:setlocal.obj
 0001:00025280       __configthreadlocale       00426280 f   LIBCMTD:setlocal.obj
 0001:00025390       __locterm                  00426390 f   LIBCMTD:setlocal.obj
 0001:00025430       __free_locale              00426430 f   LIBCMTD:setlocal.obj
 0001:00025570       ___free_locale             00426570 f   LIBCMTD:setlocal.obj
 0001:00025590       __create_locale            00426590 f   LIBCMTD:setlocal.obj
 0001:000257c0       ___create_locale           004267c0 f   LIBCMTD:setlocal.obj
 0001:000257e0       __get_current_locale       004267e0 f   LIBCMTD:setlocal.obj
 0001:00025900       ___get_current_locale      00426900 f   LIBCMTD:setlocal.obj
 0001:00025910       _setlocale                 00426910 f   LIBCMTD:setlocal.obj
 0001:000267c0       __expandlocale             004277c0 f   LIBCMTD:setlocal.obj
 0001:00026a70       ___init_dummy              00427a70 f   LIBCMTD:setlocal.obj
 0001:00026a80       __strcats                  00427a80 f   LIBCMTD:setlocal.obj
 0001:00026b00       ___lc_strtolc              00427b00 f   LIBCMTD:setlocal.obj
 0001:00026d00       ___lc_lctostr              00427d00 f   LIBCMTD:setlocal.obj
 0001:00026da0       _asctime_s                 00427da0 f   LIBCMTD:asctime.obj
 0001:00027500       _asctime                   00428500 f   LIBCMTD:asctime.obj
 0001:00027590       __localtime64_s            00428590 f   LIBCMTD:loctim64.obj
 0001:00027ab0       __localtime64              00428ab0 f   LIBCMTD:loctim64.obj
 0001:00027af0       __commit                   00428af0 f   LIBCMTD:commit.obj
 0001:00027d10       __write                    00428d10 f   LIBCMTD:write.obj
 0001:00027f40       __write_nolock             00428f40 f   LIBCMTD:write.obj
 0001:00028a80       __lseek                    00429a80 f   LIBCMTD:lseek.obj
 0001:00028cb0       __lseek_nolock             00429cb0 f   LIBCMTD:lseek.obj
 0001:00028d90       __alloc_osfhnd             00429d90 f   LIBCMTD:osfinfo.obj
 0001:00029040       __set_osfhnd               0042a040 f   LIBCMTD:osfinfo.obj
 0001:00029110       __free_osfhnd              0042a110 f   LIBCMTD:osfinfo.obj
 0001:00029200       __get_osfhandle            0042a200 f   LIBCMTD:osfinfo.obj
 0001:00029370       __open_osfhandle           0042a370 f   LIBCMTD:osfinfo.obj
 0001:000295a0       ___lock_fhandle            0042a5a0 f   LIBCMTD:osfinfo.obj
 0001:000296a0       __unlock_fhandle           0042a6a0 f   LIBCMTD:osfinfo.obj
 0001:000296d0       ___loctotime64_t           0042a6d0 f   LIBCMTD:dtoxtm64.obj
 0001:00029a50       __filbuf                   0042aa50 f   LIBCMTD:_filbuf.obj
 0001:00029ca0       __input_l                  0042aca0 f   LIBCMTD:input.obj
 0001:0002b520       __INTRN_LOCALE_CONV        0042c520 f i LIBCMTD:input.obj
 0001:0002b650       __input_s_l                0042c650 f   LIBCMTD:inputs.obj
 0001:0002d390       _strcpy_s                  0042e390 f   LIBCMTD:strcpy_s.obj
 0001:0002d670       ___sys_nerr                0042e670 f   LIBCMTD:syserr.obj
 0001:0002d680       ___sys_errlist             0042e680 f   LIBCMTD:syserr.obj
 0001:0002d690       _strncpy_s                 0042e690 f   LIBCMTD:strncpy_s.obj
 0001:0002da80       __read                     0042ea80 f   LIBCMTD:read.obj
 0001:0002dd10       __read_nolock              0042ed10 f   LIBCMTD:read.obj
 0001:0002ec60       _memcpy_s                  0042fc60 f   LIBCMTD:memcpy_s.obj
 0001:0002edf0       ___crtLCMapStringA         0042fdf0 f   LIBCMTD:a_map.obj
 0001:0002f0e0       __MarkAllocaS              004300e0 f i LIBCMTD:a_map.obj
 0001:0002f110       __freea                    00430110 f i LIBCMTD:a_map.obj
 0001:0002f1d0       __isleadbyte_l             004301d0 f i LIBCMTD:_wctype.obj
 0001:0002f220       _isleadbyte                00430220 f i LIBCMTD:_wctype.obj
 0001:0002f240       __iswalpha_l               00430240 f i LIBCMTD:_wctype.obj
 0001:0002f260       _iswalpha                  00430260 f i LIBCMTD:_wctype.obj
 0001:0002f280       __iswupper_l               00430280 f i LIBCMTD:_wctype.obj
 0001:0002f2a0       _iswupper                  004302a0 f i LIBCMTD:_wctype.obj
 0001:0002f2c0       __iswlower_l               004302c0 f i LIBCMTD:_wctype.obj
 0001:0002f2e0       _iswlower                  004302e0 f i LIBCMTD:_wctype.obj
 0001:0002f300       __iswdigit_l               00430300 f i LIBCMTD:_wctype.obj
 0001:0002f320       _iswdigit                  00430320 f i LIBCMTD:_wctype.obj
 0001:0002f340       __iswxdigit_l              00430340 f i LIBCMTD:_wctype.obj
 0001:0002f360       _iswxdigit                 00430360 f i LIBCMTD:_wctype.obj
 0001:0002f380       __iswspace_l               00430380 f i LIBCMTD:_wctype.obj
 0001:0002f3a0       _iswspace                  004303a0 f i LIBCMTD:_wctype.obj
 0001:0002f3c0       __iswpunct_l               004303c0 f i LIBCMTD:_wctype.obj
 0001:0002f3e0       _iswpunct                  004303e0 f i LIBCMTD:_wctype.obj
 0001:0002f400       __iswalnum_l               00430400 f i LIBCMTD:_wctype.obj
 0001:0002f420       _iswalnum                  00430420 f i LIBCMTD:_wctype.obj
 0001:0002f440       __iswprint_l               00430440 f i LIBCMTD:_wctype.obj
 0001:0002f460       _iswprint                  00430460 f i LIBCMTD:_wctype.obj
 0001:0002f480       __iswgraph_l               00430480 f i LIBCMTD:_wctype.obj
 0001:0002f4a0       _iswgraph                  004304a0 f i LIBCMTD:_wctype.obj
 0001:0002f4c0       __iswcntrl_l               004304c0 f i LIBCMTD:_wctype.obj
 0001:0002f4e0       _iswcntrl                  004304e0 f i LIBCMTD:_wctype.obj
 0001:0002f500       _iswascii                  00430500 f i LIBCMTD:_wctype.obj
 0001:0002f520       __iswcsym_l                00430520 f i LIBCMTD:_wctype.obj
 0001:0002f560       ___iswcsym                 00430560 f i LIBCMTD:_wctype.obj
 0001:0002f5a0       __iswcsymf_l               004305a0 f i LIBCMTD:_wctype.obj
 0001:0002f5e0       ___iswcsymf                004305e0 f i LIBCMTD:_wctype.obj
 0001:0002f620       ?_JumpToContinuation@@YGXPAXPAUEHRegistrationNode@@@Z 00430620 f   LIBCMTD:_trnsctrl_.obj
 0001:0002f660       ?_CallMemberFunction0@@YGXPAX0@Z 00430660 f   LIBCMTD:_trnsctrl_.obj
 0001:0002f670       ?_CallMemberFunction1@@YGXPAX00@Z 00430670 f   LIBCMTD:_trnsctrl_.obj
 0001:0002f680       ?_CallMemberFunction2@@YGXPAX00H@Z 00430680 f   LIBCMTD:_trnsctrl_.obj
 0001:0002f690       ?_UnwindNestedFrames@@YGXPAUEHRegistrationNode@@PAUEHExceptionRecord@@@Z 00430690 f   LIBCMTD:_trnsctrl_.obj
 0001:0002f6f0       ___CxxFrameHandler         004306f0 f   LIBCMTD:_trnsctrl_.obj
 0001:0002f730       ___CxxFrameHandler3        00430730 f   LIBCMTD:_trnsctrl_.obj
 0001:0002f770       ___CxxFrameHandler2        00430770 f   LIBCMTD:_trnsctrl_.obj
 0001:0002f7b0       ___CxxLongjmpUnwind@4      004307b0 f   LIBCMTD:_trnsctrl_.obj
 0001:0002f7e0       ?_CallCatchBlock2@@YAPAXPAUEHRegistrationNode@@PBU_s_FuncInfo@@PAXHK@Z 004307e0 f   LIBCMTD:_trnsctrl_.obj
 0001:0002f8a0       ?_CallSETranslator@@YAHPAUEHExceptionRecord@@PAUEHRegistrationNode@@PAX2PBU_s_FuncInfo@@H1@Z 004308a0 f   LIBCMTD:_trnsctrl_.obj
 0001:0002fa40       ?_GetRangeOfTrysToCheck@@YAPBU_s_TryBlockMapEntry@@PBU_s_FuncInfo@@HHPAI1@Z 00430a40 f   LIBCMTD:_trnsctrl_.obj
 0001:0002fac0       __CreateFrameInfo          00430ac0 f   LIBCMTD:_trnsctrl_.obj
 0001:0002faf0       __IsExceptionObjectToBeDestroyed 00430af0 f   LIBCMTD:_trnsctrl_.obj
 0001:0002fb20       __FindAndUnlinkFrame       00430b20 f   LIBCMTD:_trnsctrl_.obj
 0001:0002fb80       __handle_qnan1             00430b80 f   LIBCMTD:_fpexcept_.obj
 0001:0002fbe0       __handle_qnan2             00430be0 f   LIBCMTD:_fpexcept_.obj
 0001:0002fc50       __except1                  00430c50 f   LIBCMTD:_fpexcept_.obj
 0001:0002fd50       __except2                  00430d50 f   LIBCMTD:_fpexcept_.obj
 0001:0002fe60       __raise_exc_ex             00430e60 f   LIBCMTD:_fpexcept_.obj
 0001:00030390       __raise_exc                00431390 f   LIBCMTD:_fpexcept_.obj
 0001:000303c0       __raise_excf               004313c0 f   LIBCMTD:_fpexcept_.obj
 0001:000303f0       __handle_exc               004313f0 f   LIBCMTD:_fpexcept_.obj
 0001:00030700       __umatherr                 00431700 f   LIBCMTD:_fpexcept_.obj
 0001:000307a0       __set_errno_from_matherr   004317a0 f   LIBCMTD:_fpexcept_.obj
 0001:00030830       __errcode                  00431830 f   LIBCMTD:_fpexcept_.obj
 0001:000308a0       __set_exp                  004318a0 f   LIBCMTD:_util_.obj
 0001:000308e0       __get_exp                  004318e0 f   LIBCMTD:_util_.obj
 0001:00030910       __add_exp                  00431910 f   LIBCMTD:_util_.obj
 0001:00030950       __set_bexp                 00431950 f   LIBCMTD:_util_.obj
 0001:00030980       __sptype                   00431980 f   LIBCMTD:_util_.obj
 0001:00030a00       __decomp                   00431a00 f   LIBCMTD:_util_.obj
 0001:00030b30       __statfp                   00431b30 f   LIBCMTD:_fpctrl_.obj
 0001:00030b50       __clrfp                    00431b50 f   LIBCMTD:_fpctrl_.obj
 0001:00030b70       __ctrlfp                   00431b70 f   LIBCMTD:_fpctrl_.obj
 0001:00030ba0       __set_statfp               00431ba0 f   LIBCMTD:_fpctrl_.obj
 0001:00030c10       ___get_fpsr_sse2           00431c10 f   LIBCMTD:_fpctrl_.obj
 0001:00030c40       ___set_fpsr_sse2           00431c40 f   LIBCMTD:_fpctrl_.obj
 0001:00030d20       ___fclrf_sse2              00431d20 f   LIBCMTD:_fpctrl_.obj
 0001:00030d40       ___statfp_sse2             00431d40 f   LIBCMTD:_fpctrl_.obj
 0001:00030d70       ___clrfp_sse2              00431d70 f   LIBCMTD:_fpctrl_.obj
 0001:00030db0       ___ctrlfp_sse2             00431db0 f   LIBCMTD:_fpctrl_.obj
 0001:00030e10       ___set_statfp_sse2         00431e10 f   LIBCMTD:_fpctrl_.obj
 0001:00030e40       __fltin2                   00431e40 f   LIBCMTD:_cfin_.obj
 0001:00030f20       __strtoi64                 00431f20 f   LIBCMTD:strtoq.obj
 0001:00031490       __strtoi64_l               00432490 f   LIBCMTD:strtoq.obj
 0001:000314c0       __strtoui64                004324c0 f   LIBCMTD:strtoq.obj
 0001:00031510       __strtoui64_l              00432510 f   LIBCMTD:strtoq.obj
 0001:00031540       __CrtDefaultAllocHook      00432540 f   LIBCMTD:dbghook.obj
 0001:00031550       __crt_debugger_hook        00432550 f   LIBCMTD:dbghook.obj
 0001:00031570       __aullrem                  00432570 f   LIBCMTD:ullrem.obj
 0001:000315f0       __woutput_l                004325f0 f   LIBCMTD:woutput.obj
 0001:000327f0       _vfwprintf_helper          004337f0 f   LIBCMTD:vfwprint.obj
 0001:00032970       __vfwprintf_l              00433970 f   LIBCMTD:vfwprint.obj
 0001:000329a0       __vfwprintf_s_l            004339a0 f   LIBCMTD:vfwprint.obj
 0001:000329d0       __vfwprintf_p_l            004339d0 f   LIBCMTD:vfwprint.obj
 0001:00032a00       _vfwprintf                 00433a00 f   LIBCMTD:vfwprint.obj
 0001:00032a30       _vfwprintf_s               00433a30 f   LIBCMTD:vfwprint.obj
 0001:00032a60       __vfwprintf_p              00433a60 f   LIBCMTD:vfwprint.obj
 0001:00032a90       __woutput_s_l              00433a90 f   LIBCMTD:woutputs.obj
 0001:00033de0       __validate_param_reuseW    00434de0 f   LIBCMTD:woutputp.obj
 0001:00034050       __woutput_p_l              00435050 f   LIBCMTD:woutputp.obj
 0001:000377e0       __lseeki64                 004387e0 f   LIBCMTD:lseeki64.obj
 0001:00037a30       __lseeki64_nolock          00438a30 f   LIBCMTD:lseeki64.obj
 0001:00037b20       __getbuf                   00438b20 f   LIBCMTD:_getbuf.obj
 0001:00037bf0       __isatty                   00438bf0 f   LIBCMTD:isatty.obj
 0001:00037cb0       __wctomb_s_l               00438cb0 f   LIBCMTD:wctomb.obj
 0001:00037fb0       _wctomb_s                  00438fb0 f   LIBCMTD:wctomb.obj
 0001:00037fe0       __wctomb_l                 00438fe0 f   LIBCMTD:wctomb.obj
 0001:00038060       _wctomb                    00439060 f   LIBCMTD:wctomb.obj
 0001:000380b0       __CrtDbgBreak              004390b0 f   LIBCMTD:dbgrptt.obj
 0001:000380c0       __CrtSetReportMode         004390c0 f   LIBCMTD:dbgrptt.obj
 0001:00038200       __CrtSetReportFile         00439200 f   LIBCMTD:dbgrptt.obj
 0001:00038300       __CrtSetReportHook         00439300 f   LIBCMTD:dbgrptt.obj
 0001:00038320       __CrtGetReportHook         00439320 f   LIBCMTD:dbgrptt.obj
 0001:00038330       __VCrtDbgReportA           00439330 f   LIBCMTD:dbgrptt.obj
 0001:00038b60       __VCrtDbgReportW           00439b60 f   LIBCMTD:dbgrptt.obj
 0001:00039490       __swprintf                 0043a490 f   LIBCMTD:swprintf.obj
 0001:00039690       ___swprintf_l              0043a690 f   LIBCMTD:swprintf.obj
 0001:000396c0       _swprintf_s                0043a6c0 f   LIBCMTD:swprintf.obj
 0001:000396f0       __snwprintf_s              0043a6f0 f   LIBCMTD:swprintf.obj
 0001:00039720       __swprintf_p               0043a720 f   LIBCMTD:swprintf.obj
 0001:00039750       __swprintf_s_l             0043a750 f   LIBCMTD:swprintf.obj
 0001:00039780       __snwprintf_s_l            0043a780 f   LIBCMTD:swprintf.obj
 0001:000397b0       __swprintf_p_l             0043a7b0 f   LIBCMTD:swprintf.obj
 0001:000397e0       __scwprintf                0043a7e0 f   LIBCMTD:swprintf.obj
 0001:00039800       __scwprintf_p              0043a800 f   LIBCMTD:swprintf.obj
 0001:00039820       __scwprintf_l              0043a820 f   LIBCMTD:swprintf.obj
 0001:00039850       __scwprintf_p_l            0043a850 f   LIBCMTD:swprintf.obj
 0001:00039880       __chkstk                   0043a880 f   LIBCMTD:chkstk.obj
 0001:00039880       __alloca_probe             0043a880     LIBCMTD:chkstk.obj
 0001:000398b0       __validate_param_reuseA    0043a8b0 f   LIBCMTD:outputp.obj
 0001:00039b20       __output_p_l               0043ab20 f   LIBCMTD:outputp.obj
 0001:0003d730       _get_crtdouble_arg         0043e730 f i LIBCMTD:outputp.obj
 0001:0003d750       __output_s_l               0043e750 f   LIBCMTD:outputs.obj
 0001:0003ed20       __ismbbkalnum_l            0043fd20 f   LIBCMTD:ismbbyte.obj
 0001:0003ed40       __ismbbkalnum              0043fd40 f   LIBCMTD:ismbbyte.obj
 0001:0003ed60       __ismbbkprint_l            0043fd60 f   LIBCMTD:ismbbyte.obj
 0001:0003ed80       __ismbbkprint              0043fd80 f   LIBCMTD:ismbbyte.obj
 0001:0003eda0       __ismbbkpunct_l            0043fda0 f   LIBCMTD:ismbbyte.obj
 0001:0003edc0       __ismbbkpunct              0043fdc0 f   LIBCMTD:ismbbyte.obj
 0001:0003ede0       __ismbbalnum_l             0043fde0 f   LIBCMTD:ismbbyte.obj
 0001:0003ee00       __ismbbalnum               0043fe00 f   LIBCMTD:ismbbyte.obj
 0001:0003ee20       __ismbbalpha_l             0043fe20 f   LIBCMTD:ismbbyte.obj
 0001:0003ee40       __ismbbalpha               0043fe40 f   LIBCMTD:ismbbyte.obj
 0001:0003ee60       __ismbbgraph_l             0043fe60 f   LIBCMTD:ismbbyte.obj
 0001:0003ee80       __ismbbgraph               0043fe80 f   LIBCMTD:ismbbyte.obj
 0001:0003eea0       __ismbbprint_l             0043fea0 f   LIBCMTD:ismbbyte.obj
 0001:0003eec0       __ismbbprint               0043fec0 f   LIBCMTD:ismbbyte.obj
 0001:0003eee0       __ismbbpunct_l             0043fee0 f   LIBCMTD:ismbbyte.obj
 0001:0003ef00       __ismbbpunct               0043ff00 f   LIBCMTD:ismbbyte.obj
 0001:0003ef20       __ismbblead_l              0043ff20 f   LIBCMTD:ismbbyte.obj
 0001:0003ef40       __ismbblead                0043ff40 f   LIBCMTD:ismbbyte.obj
 0001:0003ef60       __ismbbtrail_l             0043ff60 f   LIBCMTD:ismbbyte.obj
 0001:0003ef80       __ismbbtrail               0043ff80 f   LIBCMTD:ismbbyte.obj
 0001:0003efa0       __ismbbkana_l              0043ffa0 f   LIBCMTD:ismbbyte.obj
 0001:0003f010       __ismbbkana                00440010 f   LIBCMTD:ismbbyte.obj
 0001:0003f100       __malloc_base              00440100 f   LIBCMTD:malloc.obj
 0001:0003f190       __heap_alloc_base          00440190 f i LIBCMTD:malloc.obj
 0001:0003f1f0       __CrtSetReportHook2        004401f0 f   LIBCMTD:dbgrpt.obj
 0001:0003f520       __CrtDbgReport             00440520 f   LIBCMTD:dbgrpt.obj
 0001:0003f560       __CrtDbgReportV            00440560 f i LIBCMTD:dbgrpt.obj
 0001:0003f590       ___crtMessageWindowA       00440590 f   LIBCMTD:dbgrpt.obj
 0001:0003f990       __expand_base              00440990 f   LIBCMTD:expand.obj
 0001:0003faf0       __realloc_base             00440af0 f   LIBCMTD:realloc.obj
 0001:0003fbf0       __free_base                00440bf0 f   LIBCMTD:free.obj
 0001:0003fc40       __heapchk                  00440c40 f   LIBCMTD:heapchk.obj
 0001:0003fc70       __heapset                  00440c70 f   LIBCMTD:heapchk.obj
 0001:0003fc80       __fptrap                   00440c80 f   LIBCMTD:crt0fp.obj
 0001:0003fca0       ___crtGetStringTypeA       00440ca0 f   LIBCMTD:a_str.obj
 0001:0003fe10       ___crtGetLocaleInfoA       00440e10 f   LIBCMTD:a_loc.obj
 0001:0003ff70       __controlfp_s              00440f70 f   LIBCMTD:_contrlfp_.obj
 0001:00040050       __tolower                  00441050 f   LIBCMTD:tolower.obj
 0001:00040060       __tolower_l                00441060 f   LIBCMTD:tolower.obj
 0001:00040240       _tolower                   00441240 f   LIBCMTD:tolower.obj
 0001:00040290       __atodbl_l                 00441290 f   LIBCMTD:atodbl.obj
 0001:000403a0       __atodbl                   004413a0 f   LIBCMTD:atodbl.obj
 0001:000403c0       __atoldbl_l                004413c0 f   LIBCMTD:atodbl.obj
 0001:000404d0       __atoldbl                  004414d0 f   LIBCMTD:atodbl.obj
 0001:000404f0       __atoflt_l                 004414f0 f   LIBCMTD:atodbl.obj
 0001:00040600       __atoflt                   00441600 f   LIBCMTD:atodbl.obj
 0001:00040620       __fptostr                  00441620 f   LIBCMTD:_fptostr.obj
 0001:000408d0       __fltout2                  004418d0 f   LIBCMTD:_cfout_.obj
 0001:00040980       ___dtold                   00441980 f   LIBCMTD:_cfout_.obj
 0001:00040ae0       _memmove                   00441ae0 f   LIBCMTD:memmove.obj
 0001:00040e50       __set_output_format        00441e50 f   LIBCMTD:outputformat.obj
 0001:00040ed0       __get_output_format        00441ed0 f   LIBCMTD:outputformat.obj
 0001:00040ee0       __allrem                   00441ee0 f   LIBCMTD:llrem.obj
 0001:00040fa0       __allshl                   00441fa0 f   LIBCMTD:llshl.obj
 0001:00040fc0       __aullshr                  00441fc0 f   LIBCMTD:ullshr.obj
 0001:00040fe0       _strrchr                   00441fe0 f   LIBCMTD:strrchr.obj
 0001:00041010       __open                     00442010 f   LIBCMTD:open.obj
 0001:00041190       __sopen_helper             00442190 f   LIBCMTD:open.obj
 0001:000423f0       __sopen                    004433f0 f   LIBCMTD:open.obj
 0001:00042470       __sopen_s                  00443470 f   LIBCMTD:open.obj
 0001:000424a0       __mbsnbicmp_l              004434a0 f   LIBCMTD:mbsnbicm.obj
 0001:00042940       __mbsnbicmp                00443940 f   LIBCMTD:mbsnbicm.obj
 0001:00042960       __mbsnbcmp_l               00443960 f   LIBCMTD:mbsnbcmp.obj
 0001:00042c40       __mbsnbcmp                 00443c40 f   LIBCMTD:mbsnbcmp.obj
 0001:00042c60       __global_unwind2           00443c60 f   LIBCMTD:exsup.obj
 0001:00042cc5       __local_unwind2            00443cc5 f   LIBCMTD:exsup.obj
 0001:00042d49       __abnormal_termination     00443d49 f   LIBCMTD:exsup.obj
 0001:00042d6c       __NLG_Notify1              00443d6c f   LIBCMTD:exsup.obj
 0001:00042d75       __NLG_Notify               00443d75 f   LIBCMTD:exsup.obj
 0001:00042d8c       __NLG_Dispatch             00443d8c     LIBCMTD:exsup.obj
 0001:00042d8c       __NLG_Dispatch2            00443d8c     LIBCMTD:exsup.obj
 0001:00042d94       __NLG_Call                 00443d94 f   LIBCMTD:exsup.obj
 0001:00042d96       __NLG_Return2              00443d96     LIBCMTD:exsup.obj
 0001:00042da0       ___init_time               00443da0 f   LIBCMTD:inittime.obj
 0001:00043ad0       ___free_lc_time            00444ad0 f   LIBCMTD:inittime.obj
 0001:00044140       ___init_numeric            00445140 f   LIBCMTD:initnum.obj
 0001:000444f0       ___free_lconv_num          004454f0 f   LIBCMTD:initnum.obj
 0001:000445a0       ___init_monetary           004455a0 f   LIBCMTD:initmon.obj
 0001:00044b90       ___free_lconv_mon          00445b90 f   LIBCMTD:initmon.obj
 0001:00044d40       _localeconv                00445d40 f   LIBCMTD:lconv.obj
 0001:00044d90       ___pwctype_func            00445d90 f   LIBCMTD:ctype.obj
 0001:00044da0       ___pctype_func             00445da0 f   LIBCMTD:ctype.obj
 0001:00044df0       ___init_ctype              00445df0 f   LIBCMTD:initctyp.obj
 0001:000453a0       ____mb_cur_max_func        004463a0 f   LIBCMTD:initctyp.obj
 0001:000453f0       ____mb_cur_max_l_func      004463f0 f   LIBCMTD:initctyp.obj
 0001:00045420       ____lc_codepage_func       00446420 f   LIBCMTD:initctyp.obj
 0001:00045470       ____lc_collate_cp_func     00446470 f   LIBCMTD:initctyp.obj
 0001:000454c0       ____lc_handle_func         004464c0 f   LIBCMTD:initctyp.obj
 0001:00045510       ___init_collate            00446510 f   LIBCMTD:initcoll.obj
 0001:00045520       _strcspn                   00446520 f   LIBCMTD:strcspn.obj
 0001:00045570       _strcat_s                  00446570 f   LIBCMTD:strcat_s.obj
 0001:00045950       ___get_qualified_locale    00446950 f   LIBCMTD:getqloc.obj
 0001:000467b0       __get_daylight             004477b0 f   LIBCMTD:timeset.obj
 0001:00046830       __get_dstbias              00447830 f   LIBCMTD:timeset.obj
 0001:000468b0       __get_timezone             004478b0 f   LIBCMTD:timeset.obj
 0001:00046930       __get_tzname               00447930 f   LIBCMTD:timeset.obj
 0001:00046b00       ___daylight                00447b00 f   LIBCMTD:timeset.obj
 0001:00046b10       ___dstbias                 00447b10 f   LIBCMTD:timeset.obj
 0001:00046b20       ___timezone                00447b20 f   LIBCMTD:timeset.obj
 0001:00046b30       ___tzname                  00447b30 f   LIBCMTD:timeset.obj
 0001:00046b40       ___tzset                   00447b40 f   LIBCMTD:tzset.obj
 0001:00046be0       __tzset                    00447be0 f   LIBCMTD:tzset.obj
 0001:00047190       __set_daylight             00448190 f i LIBCMTD:tzset.obj
 0001:000471b0       __set_dstbias              004481b0 f i LIBCMTD:tzset.obj
 0001:000471d0       __set_timezone             004481d0 f i LIBCMTD:tzset.obj
 0001:000471f0       __isindst                  004481f0 f   LIBCMTD:tzset.obj
 0001:000478a0       __gmtime64_s               004488a0 f   LIBCMTD:gmtime64.obj
 0001:00047ca0       __gmtime64                 00448ca0 f   LIBCMTD:gmtime64.obj
 0001:00047ce0       __gmtime32_s               00448ce0 f   LIBCMTD:gmtime.obj
 0001:00047fa0       ___getgmtimebuf            00448fa0 f   LIBCMTD:gmtime.obj
 0001:00048020       __gmtime32                 00449020 f   LIBCMTD:gmtime.obj
 0001:00048060       __putwch                   00449060 f   LIBCMTD:putwch.obj
 0001:000480f0       __putwch_nolock            004490f0 f   LIBCMTD:putwch.obj
 0001:00048140       __mbtowc_l                 00449140 f   LIBCMTD:mbtowc.obj
 0001:00048360       _mbtowc                    00449360 f   LIBCMTD:mbtowc.obj
 0001:00048380       __allmul                   00449380 f   LIBCMTD:llmul.obj
 0001:000483c0       _ungetc                    004493c0 f   LIBCMTD:ungetc.obj
 0001:000484b0       __ungetc_nolock            004494b0 f   LIBCMTD:ungetc.obj
 0001:000486d0       __iswctype_l               004496d0 f   LIBCMTD:iswctype.obj
 0001:000486f0       _iswctype                  004496f0 f   LIBCMTD:iswctype.obj
 0001:00048750       _is_wctype                 00449750 f   LIBCMTD:iswctype.obj
 0001:00048770       ___InternalCxxFrameHandler 00449770 f   LIBCMTD:frame.obj
 0001:00048d70       ??0bad_exception@std@@QAE@PBD@Z 00449d70 f i LIBCMTD:frame.obj
 0001:00048da0       ??1bad_exception@std@@UAE@XZ 00449da0 f i LIBCMTD:frame.obj
 0001:00048dc0       ??_Ebad_exception@std@@UAEPAXI@Z 00449dc0 f i LIBCMTD:frame.obj
 0001:00048dc0       ??_Gbad_exception@std@@UAEPAXI@Z 00449dc0 f i LIBCMTD:frame.obj
 0001:00048df0       ??0bad_exception@std@@QAE@ABV01@@Z 00449df0 f i LIBCMTD:frame.obj
 0001:00048fb0       ___TypeMatch               00449fb0 f   LIBCMTD:frame.obj
 0001:00049060       ___FrameUnwindFilter       0044a060 f   LIBCMTD:frame.obj
 0001:000490e0       ___FrameUnwindToState      0044a0e0 f   LIBCMTD:frame.obj
 0001:00049620       ___BuildCatchObjectHelper  0044a620 f   LIBCMTD:frame.obj
 0001:00049890       ___BuildCatchObject        0044a890 f   LIBCMTD:frame.obj
 0001:000499a0       ___DestructExceptionObject 0044a9a0 f   LIBCMTD:frame.obj
 0001:00049a50       ___AdjustPointer           0044aa50 f   LIBCMTD:frame.obj
 0001:00049aa0       ?__uncaught_exception@@YA_NXZ 0044aaa0 f   LIBCMTD:frame.obj
 0001:00049ac0       ___CxxExceptionFilter      0044aac0 f   LIBCMTD:frame.obj
 0001:00049cc0       ___CxxRegisterExceptionObject 0044acc0 f   LIBCMTD:frame.obj
 0001:00049df0       ___CxxDetectRethrow        0044adf0 f   LIBCMTD:frame.obj
 0001:00049e80       ___CxxUnregisterExceptionObject 0044ae80 f   LIBCMTD:frame.obj
 0001:0004a000       ___CxxQueryExceptionSize   0044b000 f   LIBCMTD:frame.obj
 0001:0004a010       ___CxxCallUnwindDtor       0044b010 f   LIBCMTD:frame.obj
 0001:0004a090       ___CxxCallUnwindDelDtor    0044b090 f   LIBCMTD:frame.obj
 0001:0004a110       ___CxxCallUnwindStdDelDtor 0044b110 f   LIBCMTD:frame.obj
 0001:0004a190       ___CxxCallUnwindVecDtor    0044b190 f   LIBCMTD:frame.obj
 0001:0004a3c0       ?_is_exception_typeof@@YAHABVtype_info@@PAU_EXCEPTION_POINTERS@@@Z 0044b3c0 f   LIBCMTD:frame.obj
 0001:0004a4a0       __CallSettingFrame@12      0044b4a0 f   LIBCMTD:lowhelpr.obj
 0001:0004a4c7       __NLG_Return               0044b4c7     LIBCMTD:lowhelpr.obj
 0001:0004a4f0       __matherr                  0044b4f0 f   LIBCMTD:_matherr_.obj
 0001:0004a500       __ld12tod                  0044b500 f   LIBCMTD:_intrncvt_.obj
 0001:0004a520       __ld12cvt                  0044b520 f i LIBCMTD:_intrncvt_.obj
 0001:0004a780       __RoundMan                 0044b780 f i LIBCMTD:_intrncvt_.obj
 0001:0004a860       __ZeroTail                 0044b860 f i LIBCMTD:_intrncvt_.obj
 0001:0004a8f0       __IncMan                   0044b8f0 f i LIBCMTD:_intrncvt_.obj
 0001:0004a9a0       ___addl                    0044b9a0 f i LIBCMTD:_intrncvt_.obj
 0001:0004a9e0       __CopyMan                  0044b9e0 f i LIBCMTD:_intrncvt_.obj
 0001:0004aa30       __FillZeroMan              0044ba30 f i LIBCMTD:_intrncvt_.obj
 0001:0004aa70       __IsZeroMan                0044ba70 f i LIBCMTD:_intrncvt_.obj
 0001:0004aab0       __ShrMan                   0044bab0 f i LIBCMTD:_intrncvt_.obj
 0001:0004aba0       __ld12tof                  0044bba0 f   LIBCMTD:_intrncvt_.obj
 0001:0004abc0       __ld12told                 0044bbc0 f   LIBCMTD:_intrncvt_.obj
 0001:0004ac90       ___strgtold12_l            0044bc90 f   LIBCMTD:_strgtold_.obj
 0001:0004b740       ___multtenpow12            0044c740 f i LIBCMTD:_strgtold_.obj
 0001:0004b820       ___ld12mul                 0044c820 f i LIBCMTD:_strgtold_.obj
 0001:0004bc20       ___shl_12                  0044cc20 f i LIBCMTD:_strgtold_.obj
 0001:0004bc90       ___shr_12                  0044cc90 f i LIBCMTD:_strgtold_.obj
 0001:0004bd00       ___STRINGTOLD_L            0044cd00 f   LIBCMTD:_strgtold_.obj
 0001:0004bd70       _fputwc                    0044cd70 f   LIBCMTD:fputwc.obj
 0001:0004be70       __fputwc_nolock            0044ce70 f   LIBCMTD:fputwc.obj
 0001:0004c160       _putwc                     0044d160 f   LIBCMTD:fputwc.obj
 0001:0004c180       _wcstol                    0044d180 f   LIBCMTD:wcstol.obj
 0001:0004c550       __wcstol_l                 0044d550 f   LIBCMTD:wcstol.obj
 0001:0004c570       _wcstoul                   0044d570 f   LIBCMTD:wcstol.obj
 0001:0004c590       __wcstoul_l                0044d590 f   LIBCMTD:wcstol.obj
 0001:0004c5b0       __mbstowcs_l_helper        0044d5b0 f   LIBCMTD:mbstowcs.obj
 0001:0004c900       __mbstowcs_l               0044d900 f   LIBCMTD:mbstowcs.obj
 0001:0004c920       _mbstowcs                  0044d920 f   LIBCMTD:mbstowcs.obj
 0001:0004c970       __mbstowcs_s_l             0044d970 f   LIBCMTD:mbstowcs.obj
[...]
 0003:00007600       __stdbuf                   00494600     LIBCMTD:_sftbuf.obj
 0003:00007724       ?_pfnDumpClient@@3P6AXPAXI@ZA 00494724     LIBCMTD:dbgheap.obj
 0003:0000772c       ___crtDebugCheckCount      0049472c     LIBCMTD:dbgheap.obj
 0003:00007734       _gpFlsAlloc                00494734     LIBCMTD:tidtable.obj
 0003:00007738       _gpFlsGetValue             00494738     LIBCMTD:tidtable.obj
 0003:0000773c       _gpFlsSetValue             0049473c     LIBCMTD:tidtable.obj
 0003:00007740       _gpFlsFree                 00494740     LIBCMTD:tidtable.obj
 0003:00007d74       ___mbulinfo                00494d74     LIBCMTD:mbctype.obj
 0003:00007d80       ___mbcodepage              00494d80     LIBCMTD:mbctype.obj
 0003:00007d84       ___ismbcodepage            00494d84     LIBCMTD:mbctype.obj
 0003:00007d88       ___mblcid                  00494d88     LIBCMTD:mbctype.obj
 0003:00007ef8       ?__pInconsistency@@3P6AXXZA 00494ef8     LIBCMTD:hooks.obj
 0003:00007f00       ___pPurecall               00494f00     LIBCMTD:inithelp.obj
 0003:00007f04       ?_pnhHeap@@3P6AHI@ZA       00494f04     LIBCMTD:handler.obj
 0003:00007f08       __newmode                  00494f08     LIBCMTD:_newmode.obj
 0003:00007f0c       ___locale_changed          00494f0c     LIBCMTD:setlocal.obj
 0003:00007f2c       __outputformat             00494f2c     LIBCMTD:outputformat.obj
 0003:00007f30       __commode                  00494f30     LIBCMTD:ncommode.obj
 0003:00007f34       ___lconv_static_null       00494f34     LIBCMTD:lconv.obj
 0003:00007f38       ___lconv_static_W_null     00494f38     LIBCMTD:lconv.obj
 0003:0000800c       __fmode                    0049500c     LIBCMTD:txtmode.obj
 0003:0000802c       ?pArgList@UnDecorator@@0PAVReplicator@@A 0049502c     LIBCMTD:undname.obj
 0003:00008030       ?pZNameList@UnDecorator@@0PAVReplicator@@A 00495030     LIBCMTD:undname.obj
 0003:00008034       ?pTemplateArgList@UnDecorator@@0PAVReplicator@@A 00495034     LIBCMTD:undname.obj
 0003:00008038       ?gName@UnDecorator@@0PBDB  00495038     LIBCMTD:undname.obj
 0003:0000803c       ?name@UnDecorator@@0PBDB   0049503c     LIBCMTD:undname.obj
 0003:00008040       ?outputString@UnDecorator@@0PADA 00495040     LIBCMTD:undname.obj
 0003:00008044       ?maxStringLength@UnDecorator@@0HA 00495044     LIBCMTD:undname.obj
 0003:00008048       ?disableFlags@UnDecorator@@0KA 00495048     LIBCMTD:undname.obj
 0003:0000804c       ?m_pGetParameter@UnDecorator@@0P6APADJ@ZA 0049504c     LIBCMTD:undname.obj
 0003:00008050       ?fExplicitTemplateParams@UnDecorator@@0_NA 00495050     LIBCMTD:undname.obj
 0003:00008051       ?fGetTemplateArgumentList@UnDecorator@@0_NA 00495051     LIBCMTD:undname.obj
 0003:000080a8       ?nodes@?1??make@DNameStatusNode@@SAPAV2@W4DNameStatus@@@Z@4PAV2@A 004950a8     LIBCMTD:undname.obj
 0003:000080d8       ??_B?1??make@DNameStatusNode@@SAPAV1@W4DNameStatus@@@Z@51 004950d8     LIBCMTD:undname.obj
 0003:000080e0       _localMac                  004950e0     <common>
 0003:000080f8       _allEsMac                  004950f8     <common>
 0003:00008100       _remMac                    00495100     <common>
 0003:00008120       _clnp_param                00495120     <common>
 0003:0000815c       _session_cfg               0049515c     <common>
 0003:00008160       _num_rem_dib_entries       00495160     <common>
 0003:00008164       _loc_dib_table             00495164     <common>
 0003:00008168       _num_loc_dib_entries       00495168     <common>
 0003:0000816c       _rem_dib_table             0049516c     <common>
 0003:00008170       _adhandle                  00495170     <common>
 0003:00008180       _hMMSEvent                 00495180     <common>
 0003:00008184       _netmask                   00495184     <common>
 0003:00008188       _c_memerr_fun              00495188     <common>
 0003:000081a0       _m_memerr_fun              004951a0     <common>
 0003:000081a4       _m_heap_check_enable       004951a4     <common>
 0003:000081a8       _chk_curr_mem_size         004951a8     <common>
 0003:000081ac       _chk_max_mem_allocated     004951ac     <common>
 0003:000081b0       _m_find_node_enable        004951b0     <common>
 0003:000081b1       _m_auto_hw_log             004951b1     <common>
 0003:000081b2       _m_no_realloc_smaller      004951b2     <common>
 0003:000081b4       _mem_chk_err               004951b4     <common>
 0003:000081b8       _r_memerr_fun              004951b8     <common>
 0003:000081bc       _m_fill_byte               004951bc     <common>
 0003:000081bd       _m_track_prev_free         004951bd     <common>
 0003:000081c0       _chk_debug_en              004951c0     <common>
 0003:000081c4       _chk_max_dyn_mem_ptrs      004951c4     <common>
 0003:000081c8       _m_bad_ptr_val             004951c8     <common>
 0003:000081cc       _m_pad_string              004951cc     <common>
 0003:000081d0       _m_num_pad_bytes           004951d0     <common>
 0003:000081d4       _m_check_list_enable       004951d4     <common>
 0003:000081d5       _m_fill_en                 004951d5     <common>
 0003:000081d8       _chk_curr_mem_count        004951d8     <common>
 0003:000081dc       _qMemElemSize              004951dc     <common>
 0003:000081e8       _slogIpcCmdList            004951e8     <common>
 0003:000081f4       _slog_service_fun          004951f4     <common>
 0003:0000820c       __slog_remote_fun          0049520c     <common>
 0003:00008210       __slog_dyn_log_fun         00495210     <common>
 0003:00008220       _slogTimeText              00495220     <common>
 0003:00008240       _slog_dyn_log_fun          00495240     <common>
 0003:00008244       _slog_remote_fun           00495244     <common>
 0003:00008248       _slogRemoteFlags           00495248     <common>
 0003:0000824c       _list_debug_sel            0049524c     <common>
 0003:00008258       _gs_hwEventTime            00495258     <common>
 0003:000084a4       _gs_track                  004954a4     <common>
 0003:000084c0       _gs_currSemOwnerFile       004954c0     <common>
 0003:000089e0       _gs_currSemOwnerLine       004959e0     <common>
 0003:00008a40       _gs_currSemFreeLine        00495a40     <common>
 0003:00008a90       _gs_hwMutexTime            00495a90     <common>
 0003:00008aa0       _gs_util_mutex             00495aa0     <common>
 0003:00008ac4       _gs_currSemOwnerIndex      00495ac4     <common>
 0003:00008ae0       _gs_currSemFreeFile        00495ae0     <common>
 0003:00009000       _gs_glb_mutex              00496000     <common>
 0003:00009024       __pfnReportHook            00496024     <common>
 0003:00009034       __pReportHookListW         00496034     <common>
 0003:00009038       __pReportHookList          00496038     <common>
 0003:0000903c       __debugger_hook_dummy      0049603c     <common>
 0003:00009048       ___setlc_active            00496048     <common>
 0003:00009058       ___unguarded_readlc_active 00496058     <common>
 0003:0000905c       __nhandle                  0049605c     <common>
 0003:000090a0       ___pioinfo                 004960a0     <common>
 0003:000091a0       ___sse2_available          004961a0     <common>
 0003:000091ac       ___piob                    004961ac     <common>
 0003:00009500       __bufin                    00496500     <common>
 0003:0000a500       __nstream                  00497500     <common>
 0003:0000a504       ___env_initialized         00497504     <common>
 0003:0000a514       ___onexitend               00497514     <common>
 0003:0000a518       ___onexitbegin             00497518     <common>
 0003:0000a51c       ___mbctype_initialized     0049751c     <common>
 0003:0000a520       ___dyn_tls_init_callback   00497520     <common>
 0003:0000a524       __acmdln                   00497524     <common>
 0003:0000a534       __NoHeapEnableTerminationOnCorruption 00497534     <common>
 0004:00000000       __IMPORT_DESCRIPTOR_wpcap  00498000     wpcap:wpcap.dll
 0004:00000014       __IMPORT_DESCRIPTOR_packet 00498014     packet:packet.dll
 0004:00000028       __IMPORT_DESCRIPTOR_KERNEL32 00498028     kernel32:KERNEL32.dll
 0004:0000003c       __IMPORT_DESCRIPTOR_WINMM  0049803c     winmm:WINMM.dll
 0004:00000050       __IMPORT_DESCRIPTOR_ADVAPI32 00498050     advapi32:ADVAPI32.dll
 0004:00000064       __NULL_IMPORT_DESCRIPTOR   00498064     wpcap:wpcap.dll
 0004:000003cc       __imp__InitializeSecurityDescriptor@8 004983cc     advapi32:ADVAPI32.dll
 0004:000003d0       __imp__SetSecurityDescriptorDacl@16 004983d0     advapi32:ADVAPI32.dll
 0004:000003d4       \177ADVAPI32_NULL_THUNK_DATA 004983d4     advapi32:ADVAPI32.dll
 0004:00000400       __imp__SetEnvironmentVariableA@8 00498400     kernel32:KERNEL32.dll
 0004:00000404       __imp__CompareStringW@24   00498404     kernel32:KERNEL32.dll
 0004:00000408       __imp__CreateFileW@28      00498408     kernel32:KERNEL32.dll
 0004:0000040c       __imp__SetEndOfFile@4      0049840c     kernel32:KERNEL32.dll
 0004:00000410       __imp__GetTimeZoneInformation@4 00498410     kernel32:KERNEL32.dll
 0004:00000414       __imp__GetUserDefaultLCID@0 00498414     kernel32:KERNEL32.dll
 0004:00000418       __imp__EnumSystemLocalesA@8 00498418     kernel32:KERNEL32.dll
 0004:0000041c       __imp__IsValidLocale@8     0049841c     kernel32:KERNEL32.dll
 0004:00000420       __imp__GetLocaleInfoA@16   00498420     kernel32:KERNEL32.dll
 0004:00000424       __imp__CreateFileA@28      00498424     kernel32:KERNEL32.dll
 0004:00000428       __imp__GetStringTypeW@16   00498428     kernel32:KERNEL32.dll
 0004:0000042c       __imp__HeapFree@12         0049842c     kernel32:KERNEL32.dll
 0004:00000430       __imp__HeapSize@12         00498430     kernel32:KERNEL32.dll
 0004:00000434       __imp__GetLastError@0      00498434     kernel32:KERNEL32.dll
 0004:00000438       __imp__HeapReAlloc@16      00498438     kernel32:KERNEL32.dll
 0004:0000043c       __imp__HeapAlloc@12        0049843c     kernel32:KERNEL32.dll
 0004:00000440       __imp__HeapWalk@8          00498440     kernel32:KERNEL32.dll
 0004:00000444       __imp__HeapQueryInformation@20 00498444     kernel32:KERNEL32.dll
 0004:00000448       __imp__GetProcessHeap@0    00498448     kernel32:KERNEL32.dll
 0004:0000044c       __imp__GetProcessHeaps@8   0049844c     kernel32:KERNEL32.dll
 0004:00000450       __imp__GlobalMemoryStatusEx@4 00498450     kernel32:KERNEL32.dll
 0004:00000454       __imp__HeapUnlock@4        00498454     kernel32:KERNEL32.dll
 0004:00000458       __imp__HeapLock@4          00498458     kernel32:KERNEL32.dll
 0004:0000045c       __imp__GetLocalTime@4      0049845c     kernel32:KERNEL32.dll
 0004:00000460       __imp__QueryPerformanceCounter@4 00498460     kernel32:KERNEL32.dll
 0004:00000464       __imp__QueryPerformanceFrequency@4 00498464     kernel32:KERNEL32.dll
 0004:00000468       __imp__GetCurrentThreadId@0 00498468     kernel32:KERNEL32.dll
 0004:0000046c       __imp__InitializeCriticalSection@4 0049846c     kernel32:KERNEL32.dll
 0004:00000470       __imp__CreateMutexA@12     00498470     kernel32:KERNEL32.dll
 0004:00000474       __imp__LocalFree@4         00498474     kernel32:KERNEL32.dll
 0004:00000478       __imp__LocalAlloc@8        00498478     kernel32:KERNEL32.dll
 0004:0000047c       __imp__EnterCriticalSection@4 0049847c     kernel32:KERNEL32.dll
 0004:00000480       __imp__ReleaseMutex@4      00498480     kernel32:KERNEL32.dll
 0004:00000484       __imp__LeaveCriticalSection@4 00498484     kernel32:KERNEL32.dll
 0004:00000488       __imp__CloseHandle@4       00498488     kernel32:KERNEL32.dll
 0004:0000048c       __imp__DeleteCriticalSection@4 0049848c     kernel32:KERNEL32.dll
 0004:00000490       __imp__CreateEventA@16     00498490     kernel32:KERNEL32.dll
 0004:00000494       __imp__WaitForSingleObject@8 00498494     kernel32:KERNEL32.dll
 0004:00000498       __imp__WaitForMultipleObjects@16 00498498     kernel32:KERNEL32.dll
 0004:0000049c       __imp__SetEvent@4          0049849c     kernel32:KERNEL32.dll
 0004:000004a0       __imp__PulseEvent@4        004984a0     kernel32:KERNEL32.dll
 0004:000004a4       __imp__ResetEvent@4        004984a4     kernel32:KERNEL32.dll
 0004:000004a8       __imp__CreateSemaphoreA@16 004984a8     kernel32:KERNEL32.dll
 0004:000004ac       __imp__ReleaseSemaphore@12 004984ac     kernel32:KERNEL32.dll
 0004:000004b0       __imp__RaiseException@16   004984b0     kernel32:KERNEL32.dll
 0004:000004b4       __imp__GetVersionExA@4     004984b4     kernel32:KERNEL32.dll
 0004:000004b8       __imp__FormatMessageA@28   004984b8     kernel32:KERNEL32.dll
 0004:000004bc       __imp__Sleep@4             004984bc     kernel32:KERNEL32.dll
 0004:000004c0       __imp__GetModuleFileNameW@12 004984c0     kernel32:KERNEL32.dll
 0004:000004c4       __imp__WriteConsoleW@20    004984c4     kernel32:KERNEL32.dll
 0004:000004c8       __imp__GetFileType@4       004984c8     kernel32:KERNEL32.dll
 0004:000004cc       __imp__GetStdHandle@4      004984cc     kernel32:KERNEL32.dll
 0004:000004d0       __imp__GetCommandLineA@0   004984d0     kernel32:KERNEL32.dll
 0004:000004d4       __imp__HeapSetInformation@16 004984d4     kernel32:KERNEL32.dll
 0004:000004d8       __imp__InterlockedIncrement@4 004984d8     kernel32:KERNEL32.dll
 0004:000004dc       __imp__InterlockedDecrement@4 004984dc     kernel32:KERNEL32.dll
 0004:000004e0       __imp__DecodePointer@4     004984e0     kernel32:KERNEL32.dll
 0004:000004e4       __imp__GetProcAddress@8    004984e4     kernel32:KERNEL32.dll
 0004:000004e8       __imp__GetModuleHandleW@4  004984e8     kernel32:KERNEL32.dll
 0004:000004ec       __imp__ExitProcess@4       004984ec     kernel32:KERNEL32.dll
 0004:000004f0       __imp__HeapCreate@12       004984f0     kernel32:KERNEL32.dll
 0004:000004f4       __imp__HeapDestroy@4       004984f4     kernel32:KERNEL32.dll
 0004:000004f8       __imp__HeapValidate@12     004984f8     kernel32:KERNEL32.dll
 0004:000004fc       __imp__GetSystemTimeAsFileTime@4 004984fc     kernel32:KERNEL32.dll
 0004:00000500       __imp__FileTimeToSystemTime@8 00498500     kernel32:KERNEL32.dll
 0004:00000504       __imp__FileTimeToLocalFileTime@8 00498504     kernel32:KERNEL32.dll
 0004:00000508       __imp__GetFileInformationByHandle@8 00498508     kernel32:KERNEL32.dll
 0004:0000050c       __imp__PeekNamedPipe@24    0049850c     kernel32:KERNEL32.dll
 0004:00000510       __imp__DeleteFileA@4       00498510     kernel32:KERNEL32.dll
 0004:00000514       __imp__CreateThread@24     00498514     kernel32:KERNEL32.dll
 0004:00000518       __imp__ExitThread@4        00498518     kernel32:KERNEL32.dll
 0004:0000051c       __imp__IsProcessorFeaturePresent@4 0049851c     kernel32:KERNEL32.dll
 0004:00000520       __imp__TerminateProcess@8  00498520     kernel32:KERNEL32.dll
 0004:00000524       __imp__GetCurrentProcess@0 00498524     kernel32:KERNEL32.dll
 0004:00000528       __imp__UnhandledExceptionFilter@4 00498528     kernel32:KERNEL32.dll
 0004:0000052c       __imp__SetUnhandledExceptionFilter@4 0049852c     kernel32:KERNEL32.dll
 0004:00000530       __imp__IsDebuggerPresent@0 00498530     kernel32:KERNEL32.dll
 0004:00000534       __imp__EncodePointer@4     00498534     kernel32:KERNEL32.dll
 0004:00000538       __imp__SetConsoleCtrlHandler@8 00498538     kernel32:KERNEL32.dll
 0004:0000053c       __imp__LoadLibraryW@4      0049853c     kernel32:KERNEL32.dll
 0004:00000540       __imp__GetTickCount@0      00498540     kernel32:KERNEL32.dll
 0004:00000544       __imp__GetCurrentProcessId@0 00498544     kernel32:KERNEL32.dll
 0004:00000548       __imp__GetModuleFileNameA@12 00498548     kernel32:KERNEL32.dll
 0004:0000054c       __imp__FreeEnvironmentStringsW@4 0049854c     kernel32:KERNEL32.dll
 0004:00000550       __imp__WideCharToMultiByte@32 00498550     kernel32:KERNEL32.dll
 0004:00000554       __imp__GetEnvironmentStringsW@0 00498554     kernel32:KERNEL32.dll
 0004:00000558       __imp__SetHandleCount@4    00498558     kernel32:KERNEL32.dll
 0004:0000055c       __imp__InitializeCriticalSectionAndSpinCount@8 0049855c     kernel32:KERNEL32.dll
 0004:00000560       __imp__GetStartupInfoW@4   00498560     kernel32:KERNEL32.dll
 0004:00000564       __imp__IsBadReadPtr@8      00498564     kernel32:KERNEL32.dll
 0004:00000568       __imp__TlsAlloc@0          00498568     kernel32:KERNEL32.dll
 0004:0000056c       __imp__TlsGetValue@4       0049856c     kernel32:KERNEL32.dll
 0004:00000570       __imp__TlsSetValue@8       00498570     kernel32:KERNEL32.dll
 0004:00000574       __imp__TlsFree@4           00498574     kernel32:KERNEL32.dll
 0004:00000578       __imp__SetLastError@4      00498578     kernel32:KERNEL32.dll
 0004:0000057c       __imp__GetCurrentThread@0  0049857c     kernel32:KERNEL32.dll
 0004:00000580       __imp__WriteFile@20        00498580     kernel32:KERNEL32.dll
 0004:00000584       __imp__GetACP@0            00498584     kernel32:KERNEL32.dll
 0004:00000588       __imp__GetOEMCP@0          00498588     kernel32:KERNEL32.dll
 0004:0000058c       __imp__GetCPInfo@8         0049858c     kernel32:KERNEL32.dll
 0004:00000590       __imp__IsValidCodePage@4   00498590     kernel32:KERNEL32.dll
 0004:00000594       __imp__FatalAppExitA@8     00498594     kernel32:KERNEL32.dll
 0004:00000598       __imp__FreeLibrary@4       00498598     kernel32:KERNEL32.dll
 0004:0000059c       __imp__InterlockedExchange@8 0049859c     kernel32:KERNEL32.dll
 0004:000005a0       __imp__GetLocaleInfoW@16   004985a0     kernel32:KERNEL32.dll
 0004:000005a4       __imp__RtlUnwind@16        004985a4     kernel32:KERNEL32.dll
 0004:000005a8       __imp__FlushFileBuffers@4  004985a8     kernel32:KERNEL32.dll
 0004:000005ac       __imp__GetConsoleCP@0      004985ac     kernel32:KERNEL32.dll
 0004:000005b0       __imp__GetConsoleMode@8    004985b0     kernel32:KERNEL32.dll
 0004:000005b4       __imp__SetFilePointer@16   004985b4     kernel32:KERNEL32.dll
 0004:000005b8       __imp__SetStdHandle@8      004985b8     kernel32:KERNEL32.dll
 0004:000005bc       __imp__MultiByteToWideChar@24 004985bc     kernel32:KERNEL32.dll
 0004:000005c0       __imp__ReadFile@20         004985c0     kernel32:KERNEL32.dll
 0004:000005c4       __imp__LCMapStringW@24     004985c4     kernel32:KERNEL32.dll
 0004:000005c8       __imp__OutputDebugStringA@4 004985c8     kernel32:KERNEL32.dll
 0004:000005cc       __imp__OutputDebugStringW@4 004985cc     kernel32:KERNEL32.dll
 0004:000005d0       \177KERNEL32_NULL_THUNK_DATA 004985d0     kernel32:KERNEL32.dll
 0004:00000658       __imp__timeGetTime@0       00498658     winmm:WINMM.dll
 0004:0000065c       \177WINMM_NULL_THUNK_DATA  0049865c     winmm:WINMM.dll
 0004:00000688       __imp__PacketOpenAdapter   00498688     packet:packet.dll
 0004:0000068c       __imp__PacketRequest       0049868c     packet:packet.dll
 0004:00000690       __imp__PacketCloseAdapter  00498690     packet:packet.dll
 0004:00000694       \177packet_NULL_THUNK_DATA 00498694     packet:packet.dll
 0004:000006c0       __imp__pcap_sendpacket     004986c0     wpcap:wpcap.dll
 0004:000006c4       __imp__pcap_geterr         004986c4     wpcap:wpcap.dll
 0004:000006c8       __imp__pcap_compile        004986c8     wpcap:wpcap.dll
 0004:000006cc       __imp__pcap_setfilter      004986cc     wpcap:wpcap.dll
 0004:000006d0       __imp__pcap_next           004986d0     wpcap:wpcap.dll
 0004:000006d4       __imp__pcap_findalldevs    004986d4     wpcap:wpcap.dll
 0004:000006d8       __imp__pcap_open_live      004986d8     wpcap:wpcap.dll
 0004:000006dc       __imp__pcap_freealldevs    004986dc     wpcap:wpcap.dll
 0004:000006e0       __imp__pcap_setnonblock    004986e0     wpcap:wpcap.dll
 0004:000006e4       __imp__pcap_getevent       004986e4     wpcap:wpcap.dll
 0004:000006e8       __imp__pcap_setmintocopy   004986e8     wpcap:wpcap.dll
 0004:000006ec       \177wpcap_NULL_THUNK_DATA  004986ec     wpcap:wpcap.dll

 entry point at        0001:0000d800

