 sn_test

 Timestamp is 5b9b2ebd (Fri Sep 14 11:45:01 2018)

 Preferred load address is 00400000

 Start         Length     Name                   Class
 0001:00000000 00079ab1H .text                   CODE
 0001:00079ac0 0000114bH .text$x                 CODE
 0002:00000000 00000104H .CRT$XCA                DATA
 0002:00000104 00000104H .CRT$XCZ                DATA
 0002:00000208 00000104H .CRT$XIA                DATA
 0002:0000030c 00000113H .CRT$XIC                DATA
 0002:00000420 00000104H .CRT$XIY                DATA
 0002:00000524 00000104H .CRT$XIZ                DATA
 0002:00000628 00000104H .CRT$XPA                DATA
 0002:0000072c 00000109H .CRT$XPX                DATA
 0002:00000838 00000104H .CRT$XPXA               DATA
 0002:0000093c 00000104H .CRT$XPZ                DATA
 0002:00000a40 00000104H .CRT$XTA                DATA
 0002:00000b44 00000104H .CRT$XTZ                DATA
 0002:00000c50 00012388H .rdata                  DATA
 0002:00012fd8 0000017eH .rdata$debug            DATA
 0002:00013158 0000031eH .rdata$r                DATA
 0002:00013480 00000134H .rdata$sxdata           DATA
 0002:000135b4 00000104H .rtc$IAA                DATA
 0002:000136b8 00000104H .rtc$IZZ                DATA
 0002:000137bc 00000104H .rtc$TAA                DATA
 0002:000138c0 00000104H .rtc$TZZ                DATA
 0002:000139c8 0000125cH .xdata$x                DATA
 0002:00014c24 00000000H .edata                  DATA
 0003:00000000 00007914H .data                   DATA
 0003:00007920 000049e4H .bss                    DATA
 0004:00000000 00000064H .idata$2                DATA
 0004:00000064 00000014H .idata$3                DATA
 0004:00000078 00000360H .idata$4                DATA
 0004:000003d8 00000360H .idata$5                DATA
 0004:00000738 00000c16H .idata$6                DATA
 0005:00000000 00000169H .rsrc$01                DATA
 0005:00000170 000002e9H .rsrc$02                DATA

  Address         Publics by Value              Rva+Base       Lib:Object

 0000:00000000       __except_list              00000000     <absolute>
 0000:0000000b       ___safe_se_handler_count   0000000b     <absolute>
 0000:00000000       ___ImageBase               00400000     <linker-defined>
 0001:00000320       _clnp_snet_timer_tick      00401320 f   clnp_eth.obj
 0001:00000350       _clnp_snet_update_is       00401350 f   clnp_eth.obj
 0001:000003b0       _clnp_snet_update_es       004013b0 f   clnp_eth.obj
 0001:000003d0       _clnp_snet_lookup_is       004013d0 f   clnp_eth.obj
 0001:00000410       _clnp_snet_lookup_es       00401410 f   clnp_eth.obj
 0001:00000430       _clnp_snet_get_all_is_mac  00401430 f   clnp_eth.obj
 0001:00000460       _clnp_snet_get_all_es_mac  00401460 f   clnp_eth.obj
 0001:00000490       _clnp_snet_get_local_mac   00401490 f   clnp_eth.obj
 0001:00000540       _clnp_snet_get_max_udata_len 00401540 f   clnp_eth.obj
 0001:00000560       _clnp_snet_get_type        00401560 f   clnp_eth.obj
 0001:00000570       _clnp_snet_create_es_table 00401570 f   clnp_eth.obj
 0001:00000590       _clnp_snet_check_mac       00401590 f   clnp_eth.obj
 0001:00000620       _clnp_snet_frame_to_udt    00401620 f   clnp_eth.obj
 0001:00000990       _clnp_config               00401990 f   clnp_hc.obj
 0001:00000a00       _clnp_snet_set_llc         00401a00 f   clnp_pcap.obj
 0001:00000b90       _clnp_snet_init            00401b90 f   clnp_pcap.obj
 0001:00000ea0       _clnp_snet_term            00401ea0 f   clnp_pcap.obj
 0001:00000eb0       _clnp_snet_read            00401eb0 f   clnp_pcap.obj
 0001:00001040       _clnp_snet_add_multicast_mac 00402040 f   clnp_pcap.obj
 0001:00001050       _clnp_snet_free            00402050 f   clnp_pcap.obj
 0001:00001070       _clnp_snet_set_multicast_filter 00402070 f   clnp_pcap.obj
 0001:000012a0       _clnp_snet_set_multicast_only_filter 004022a0 f   clnp_pcap.obj
 0001:00001480       _clnp_snet_rx_all_multicast_start 00402480 f   clnp_pcap.obj
 0001:00001570       _clnp_snet_rx_all_multicast_stop 00402570 f   clnp_pcap.obj
 0001:00001660       _clnp_snet_rx_multicast_stop 00402660 f   clnp_pcap.obj
 0001:00001750       _clnp_snet_write_raw       00402750 f   clnp_pcap.obj
 0001:00001c70       _strget                    00402c70 f   getval5.obj
 0001:00001ce0       _intget                    00402ce0 f   getval5.obj
 0001:00001d90       _longget                   00402d90 f   getval5.obj
 0001:00001e40       _hexget                    00402e40 f   getval5.obj
 0001:00001ee0       _longhexget                00402ee0 f   getval5.obj
 0001:00001f80       _xtoi                      00402f80 f   getval5.obj
 0001:00002010       _xtol                      00403010 f   getval5.obj
 0001:000020a0       _floatget                  004030a0 f   getval5.obj
 0001:00002100       _doubleget                 00403100 f   getval5.obj
 0001:00002160       _entry1                    00403160 f   getval5.obj
 0001:00002390       _input_hex                 00403390 f   getval5.obj
 0001:00002730       _term_init                 00403730 f   ntkey.obj
 0001:000027f0       _term_rest                 004037f0 f   ntkey.obj
 0001:00002800       _kbdThread                 00403800 f   ntkey.obj
 0001:00002960       _getkch                    00403960 f   ntkey.obj
 0001:00002a40       _do_key_wait_service       00403a40 f   ntkey.obj
 0001:00002ab0       _flush_keys                00403ab0 f   ntkey.obj
 0001:00002b50       _nt_kbhit                  00403b50 f   ntkey.obj
 0001:00002b70       _wait_debug_log            00403b70 f   ntkey.obj
 0001:00002bc0       _wait_msg                  00403bc0 f   ntkey.obj
 0001:00002bf0       _log_hex_bytes             00403bf0 f   ntkey.obj
 0001:00002e60       _check_key                 00403e60 f   ntkey.obj
 0001:00002ed0       _bad_key                   00403ed0 f   ntkey.obj
 0001:00002ee0       _fun_null                  00403ee0 f   ntkey.obj
 0001:00002f50       _key_err                   00403f50 f   ntkey.obj
 0001:00002f90       _wait_key                  00403f90 f   ntkey.obj
 0001:00002fa0       _fun_exe                   00403fa0 f   ntkey.obj
 0001:00003050       _list_bytes                00404050 f   ntkey.obj
 0001:000030a0       _list_ascii                004040a0 f   ntkey.obj
 0001:000030e0       _ask                       004040e0 f   ntkey.obj
 0001:00003160       _get_a_char                00404160 f   ntkey.obj
 0001:00003170       _err_msg                   00404170 f   ntkey.obj
 0001:00003190       _list_words                00404190 f   ntkey.obj
 0001:000031d0       _simulate_press_key        004041d0 f   ntkey.obj
 0001:00003560       _nofun                     00404560 f   sn_test.obj
 0001:00003570       _clnp_snet_write           00404570 f   sn_test.obj
 0001:00003600       _main                      00404600 f   sn_test.obj
 0001:00003760       _printUsage                00404760 f   sn_test.obj
 0001:000037c0       _doMainMenu                004047c0 f   sn_test.obj
 0001:000038c0       _doSnglClnpTestDirect      004048c0 f   sn_test.obj
 0001:000038e0       _doSnglClnpTestAllEs       004048e0 f   sn_test.obj
 0001:00003900       _doSnglSmpTestDirect       00404900 f   sn_test.obj
 0001:00003920       _doClnpTestDirect          00404920 f   sn_test.obj
 0001:00003940       _doSmpTestDirect           00404940 f   sn_test.obj
 0001:00003960       _doPduSetTest              00404960 f   sn_test.obj
 0001:000047f0       _ctrlCfun                  004057f0 f   sn_test.obj
 0001:00004800       _doHighPerfPduSetTest      00405800 f   sn_test.obj
 0001:00005560       _fillPipeline              00406560 f   sn_test.obj
 0001:00005810       _initializeTestSet         00406810 f   sn_test.obj
 0001:00005b20       _wait_any_event            00406b20 f   sn_test.obj
 0001:00005ba0       _convertMacToString        00406ba0 f   sn_test.obj
 0001:00005c10       _m_set_log_config          00406c10 f   sn_test.obj
 0001:0000663c       _pcap_setmintocopy         0040763c f   wpcap:wpcap.dll
 0001:00006642       _pcap_getevent             00407642 f   wpcap:wpcap.dll
 0001:00006648       _pcap_setnonblock          00407648 f   wpcap:wpcap.dll
 0001:0000664e       _pcap_freealldevs          0040764e f   wpcap:wpcap.dll
 0001:00006654       _pcap_open_live            00407654 f   wpcap:wpcap.dll
 0001:0000665a       _pcap_findalldevs          0040765a f   wpcap:wpcap.dll
 0001:00006660       _pcap_next                 00407660 f   wpcap:wpcap.dll
 0001:00006666       _pcap_setfilter            00407666 f   wpcap:wpcap.dll
 0001:0000666c       _pcap_compile              0040766c f   wpcap:wpcap.dll
 0001:00006672       _pcap_geterr               00407672 f   wpcap:wpcap.dll
 0001:00006678       _pcap_sendpacket           00407678 f   wpcap:wpcap.dll
 0001:0000667e       _PacketCloseAdapter        0040767e f   packet:packet.dll
 0001:00006684       _PacketRequest             00407684 f   packet:packet.dll
 0001:0000668a       _PacketOpenAdapter         0040768a f   packet:packet.dll
 0001:00006690       _GetLastError@0            00407690 f   kernel32:KERNEL32.dll
 0001:00006696       _CreateMutexA@12           00407696 f   kernel32:KERNEL32.dll
 0001:0000669c       _CreateEventA@16           0040769c f   kernel32:KERNEL32.dll
 0001:000066a2       _SetConsoleMode@8          004076a2 f   kernel32:KERNEL32.dll
 0001:000066a8       _GetConsoleMode@8          004076a8 f   kernel32:KERNEL32.dll
 0001:000066ae       _GetStdHandle@4            004076ae f   kernel32:KERNEL32.dll
 0001:000066b4       _SetEvent@4                004076b4 f   kernel32:KERNEL32.dll
 0001:000066ba       _ReleaseMutex@4            004076ba f   kernel32:KERNEL32.dll
 0001:000066c0       _WaitForSingleObject@8     004076c0 f   kernel32:KERNEL32.dll
 0001:000066c6       _ReadConsoleInputA@16      004076c6 f   kernel32:KERNEL32.dll
 0001:000066cc       _ResetEvent@4              004076cc f   kernel32:KERNEL32.dll
 0001:000066e0       _init_mem_chk              004076e0 f   mem_ld:Mem_chks.obj
 0001:00006920       _set_mem_report_path       00407920 f   mem_ld:Mem_chks.obj
 0001:00006930       _x_chk_malloc              00407930 f   mem_ld:Mem_chks.obj
 0001:00006cc0       _x_chk_calloc              00407cc0 f   mem_ld:Mem_chks.obj
 0001:00007090       _x_chk_realloc             00408090 f   mem_ld:Mem_chks.obj
 0001:000075d0       _x_chk_free                004085d0 f   mem_ld:Mem_chks.obj
 0001:00007970       _x_chk_strdup              00408970 f   mem_ld:Mem_chks.obj
 0001:000079b0       _dyn_mem_ptr_status        004089b0 f   mem_ld:Mem_chks.obj
 0001:000079c0       _dyn_mem_ptr_status2       004089c0 f   mem_ld:Mem_chks.obj
 0001:00007ba0       _dyn_mem_ptr_statistics    00408ba0 f   mem_ld:Mem_chks.obj
 0001:00007d20       _chk_hp                    00408d20 f   mem_ld:Mem_chks.obj
 0001:00007d40       _msoft_heap_check          00408d40 f   mem_ld:Mem_chks.obj
 0001:00007d50       _sLogHeap                  00408d50 f   mem_ld:Mem_chks.obj
 0001:00008520       _sCheckHeap                00409520 f   mem_ld:Mem_chks.obj
 0001:00008610       _chk_alloc_ptr             00409610 f   mem_ld:Mem_chks.obj
 0001:000088e0       _check_mem_list            004098e0 f   mem_ld:Mem_chks.obj
 0001:00008e00       __slogc                    00409e00 f   slog_ld:SLOG.obj
 0001:00008e40       __slog                     00409e40 f   slog_ld:SLOG.obj
 0001:00008e80       _slog                      00409e80 f   slog_ld:SLOG.obj
 0001:00008ec0       _slogx                     00409ec0 f   slog_ld:SLOG.obj
 0001:00009300       _slogSetTimeText           0040a300 f   slog_ld:SLOG.obj
 0001:00009460       _slogTrimFileName          0040a460 f   slog_ld:SLOG.obj
 0001:000094e0       _slogSetHdr                0040a4e0 f   slog_ld:SLOG.obj
 0001:000096f0       _slogCallStack             0040a6f0 f   slog_ld:SLOG.obj
 0001:00009720       _slogDelBuf                0040a720 f   slog_ld:SLOG.obj
 0001:00009780       _slog_max_msg_size_set     0040a780 f   slog_ld:SLOG.obj
 0001:00009830       _slog_start                0040a830 f   slog_ld:SLOG.obj
 0001:00009870       _slog_start_ex             0040a870 f   slog_ld:SLOG.obj
 0001:000098e0       _slog_end                  0040a8e0 f   slog_ld:SLOG.obj
 0001:00009a10       __slogXML                  0040aa10 f   slog_ld:SLOG.obj
 0001:00009f80       _slogHex                   0040af80 f   slog_ld:SLOGHEX.obj
 0001:00009fa0       __slogHex                  0040afa0 f   slog_ld:SLOGHEX.obj
 0001:0000a520       __slogStr                  0040b520 f   slog_ld:SLOGHEX.obj
 0001:0000a980       _slogIpcInit               0040b980 f   slog_ld:slogipcs.obj
 0001:0000a990       _slogIpcCallingEnable      0040b990 f   slog_ld:slogipcs.obj
 0001:0000a9a0       _slogIpcCallingEnableEx    0040b9a0 f   slog_ld:slogipcs.obj
 0001:0000a9b0       _slogIpcStop               0040b9b0 f   slog_ld:slogipcs.obj
 0001:0000a9c0       _slogIpcEvent              0040b9c0 f   slog_ld:slogipcs.obj
 0001:0000a9d0       _slogIpcEventEx            0040b9d0 f   slog_ld:slogipcs.obj
 0001:0000a9e0       _slogIpc                   0040b9e0 f   slog_ld:slogipcs.obj
 0001:0000a9f0       _slog_ipc_std_cmd_fun      0040b9f0 f   slog_ld:slogipcs.obj
 0001:0000aa00       _slogIpcSendData           0040ba00 f   slog_ld:slogipcs.obj
 0001:0000aa10       _slogIpcSendRawData        0040ba10 f   slog_ld:slogipcs.obj
 0001:0000aa20       _slogIpcHeartbeatService   0040ba20 f   slog_ld:slogipcs.obj
 0001:0000aa30       _slogMem                   0040ba30 f   slog_ld:SLOGMEM.obj
 0001:0000abf0       _slogDumpMem               0040bbf0 f   slog_ld:SLOGMEM.obj
 0001:0000af00       _slogResetMem              0040bf00 f   slog_ld:SLOGMEM.obj
 0001:0000afc0       _slogMemInit               0040bfc0 f   slog_ld:SLOGMEM.obj
 0001:0000b0b0       _slogGetMemMsg             0040c0b0 f   slog_ld:SLOGMEM.obj
 0001:0000b310       _slogGetMemCount           0040c310 f   slog_ld:SLOGMEM.obj
 0001:0000b3c0       _slogFile                  0040c3c0 f   slog_ld:SLOGFIL.obj
 0001:0000b8b0       _slogCloseFile             0040c8b0 f   slog_ld:SLOGFIL.obj
 0001:0000b940       _slogCloneFile             0040c940 f   slog_ld:SLOGFIL.obj
 0001:0000bad0       _slogCloneFileEx           0040cad0 f   slog_ld:SLOGFIL.obj
 0001:0000bc60       _slogDeleteFile            0040cc60 f   slog_ld:SLOGFIL.obj
 0001:0000bec0       _slog_get_index_file_name  0040cec0 f   slog_ld:SLOGFIL.obj
 0001:0000c550       _qMemInit                  0040d550 f   slog_ld:QMEM.obj
 0001:0000c650       _qMemAlloc                 0040d650 f   slog_ld:QMEM.obj
 0001:0000c7d0       _qMemFree                  0040d7d0 f   slog_ld:QMEM.obj
 0001:0000c840       _ascii_to_hex_str          0040d840 f   utility_ld:str_util.obj
 0001:0000c960       _hex_to_ascii_str          0040d960 f   utility_ld:str_util.obj
 0001:0000ca60       _strnstr                   0040da60 f   utility_ld:str_util.obj
 0001:0000cb20       _strncat_maxstrlen         0040db20 f   utility_ld:str_util.obj
 0001:0000cba0       _strncpy_safe              0040dba0 f   utility_ld:str_util.obj
 0001:0000cbd0       _isAllWhitespace           0040dbd0 f   utility_ld:str_util.obj
 0001:0000cc40       _asciiToSlong              0040dc40 f   utility_ld:str_util.obj
 0001:0000ccb0       _asciiToUlong              0040dcb0 f   utility_ld:str_util.obj
 0001:0000cd50       _asciiToSint               0040dd50 f   utility_ld:str_util.obj
 0001:0000cdd0       _asciiToUint               0040ddd0 f   utility_ld:str_util.obj
 0001:0000ce20       _asciiToSint32             0040de20 f   utility_ld:str_util.obj
 0001:0000cea0       _asciiToUint32             0040dea0 f   utility_ld:str_util.obj
 0001:0000cef0       _asciiToSint16             0040def0 f   utility_ld:str_util.obj
 0001:0000cf90       _asciiToUint16             0040df90 f   utility_ld:str_util.obj
 0001:0000cff0       _asciiToSint8              0040dff0 f   utility_ld:str_util.obj
 0001:0000d080       _asciiToUint8              0040e080 f   utility_ld:str_util.obj
 0001:0000d0d0       _asciiToFloat              0040e0d0 f   utility_ld:str_util.obj
 0001:0000d170       _asciiToDouble             0040e170 f   utility_ld:str_util.obj
 0001:0000d1e0       _asciiToObjId              0040e1e0 f   utility_ld:str_util.obj
 0001:0000d280       _sInt8ToAscii              0040e280 f   utility_ld:str_util.obj
 0001:0000d2a0       _uInt8ToAscii              0040e2a0 f   utility_ld:str_util.obj
 0001:0000d2c0       _sInt16ToAscii             0040e2c0 f   utility_ld:str_util.obj
 0001:0000d2e0       _uInt16ToAscii             0040e2e0 f   utility_ld:str_util.obj
 0001:0000d300       _sInt32ToAscii             0040e300 f   utility_ld:str_util.obj
 0001:0000d320       _uInt32ToAscii             0040e320 f   utility_ld:str_util.obj
 0001:0000d340       _sIntToAscii               0040e340 f   utility_ld:str_util.obj
 0001:0000d360       _uIntToAscii               0040e360 f   utility_ld:str_util.obj
 0001:0000d380       _sLongToAscii              0040e380 f   utility_ld:str_util.obj
 0001:0000d3a0       _uLongToAscii              0040e3a0 f   utility_ld:str_util.obj
 0001:0000d4b0       _getKeywordFromFile        0040e4b0 f   utility_ld:str_util.obj
 0001:0000d6f0       _get_next_string           0040e6f0 f   utility_ld:str_util.obj
 0001:0000d820       _list_unlink               0040e820 f   utility_ld:genlists.obj
 0001:0000d930       _list_add_first            0040e930 f   utility_ld:genlists.obj
 0001:0000d9d0       _list_add_last             0040e9d0 f   utility_ld:genlists.obj
 0001:0000da70       _list_get_first            0040ea70 f   utility_ld:genlists.obj
 0001:0000daa0       _list_get_last             0040eaa0 f   utility_ld:genlists.obj
 0001:0000dae0       _list_move_to_first        0040eae0 f   utility_ld:genlists.obj
 0001:0000db20       _list_find_node            0040eb20 f   utility_ld:genlists.obj
 0001:0000db90       _list_add_node_after       0040eb90 f   utility_ld:genlists.obj
 0001:0000dc40       _list_get_next             0040ec40 f   utility_ld:genlists.obj
 0001:0000dcc0       _list_get_sizeof           0040ecc0 f   utility_ld:genlists.obj
 0001:0000dd00       _list_find_prev            0040ed00 f   utility_ld:genlists.obj
 0001:0000dd80       _list_find_last            0040ed80 f   utility_ld:genlists.obj
 0001:0000ddb0       _stimeInit                 0040edb0 f   utility_ld:stime.obj
 0001:0000ded0       _sGetMsTime                0040eed0 f   utility_ld:stime.obj
 0001:0000df40       _sGetSysMsTime             0040ef40 f   utility_ld:stime.obj
 0001:0000dfa0       _sResetMsTime              0040efa0 f   utility_ld:stime.obj
 0001:0000dff0       _stimeExit                 0040eff0 f   utility_ld:stime.obj
 0001:0000e040       _sMsSleep                  0040f040 f   utility_ld:stime.obj
 0001:0000e050       _gs_mutex_create_ex        0040f050 f   utility_ld:glbsem_w32.obj
 0001:0000e090       _gs_translate_name         0040f090 f   utility_ld:glbsem_w32.obj
 0001:0000e140       _gs_named_mutex_create_ex  0040f140 f   utility_ld:glbsem_w32.obj
 0001:0000e410       _gs_mutex_get_tm_ex        0040f410 f   utility_ld:glbsem_w32.obj
 0001:0000e490       _gs_mutex_free_ex          0040f490 f   utility_ld:glbsem_w32.obj
 0001:0000e540       _gs_mutex_destroy          0040f540 f   utility_ld:glbsem_w32.obj
 0001:0000e5d0       _gs_get_event_sem_ex       0040f5d0 f   utility_ld:glbsem_w32.obj
 0001:0000e640       _gs_get_named_event_sem_ex 0040f640 f   utility_ld:glbsem_w32.obj
 0001:0000e790       _gs_wait_event_sem_ex      0040f790 f   utility_ld:glbsem_w32.obj
 0001:0000e880       _gs_wait_mult_event_sem_ex 0040f880 f   utility_ld:glbsem_w32.obj
 0001:0000e9b0       _gs_signal_event_sem       0040f9b0 f   utility_ld:glbsem_w32.obj
 0001:0000ea20       _gs_pulse_event_sem        0040fa20 f   utility_ld:glbsem_w32.obj
 0001:0000ea90       _gs_reset_event_sem        0040fa90 f   utility_ld:glbsem_w32.obj
 0001:0000eb00       _gs_free_event_sem         0040fb00 f   utility_ld:glbsem_w32.obj
 0001:0000eb70       _gs_get_named_semaphore_ex 0040fb70 f   utility_ld:glbsem_w32.obj
 0001:0000ecb0       _gs_get_semaphore_ex       0040fcb0 f   utility_ld:glbsem_w32.obj
 0001:0000ed20       _gs_wait_semaphore_ex      0040fd20 f   utility_ld:glbsem_w32.obj
 0001:0000ee10       _gs_release_semaphore_ex   0040fe10 f   utility_ld:glbsem_w32.obj
 0001:0000ee90       _gs_free_semaphore_ex      0040fe90 f   utility_ld:glbsem_w32.obj
 0001:0000ef00       _gs_start_thread           0040ff00 f   utility_ld:glbsem_w32.obj
 0001:0000efe0       _gs_wait_thread            0040ffe0 f   utility_ld:glbsem_w32.obj
 0001:0000f0d0       _gs_close_thread           004100d0 f   utility_ld:glbsem_w32.obj
 0001:0000f190       _gs_set_thread_name        00410190 f   utility_ld:glbsem_w32.obj
 0001:0000f220       _gs_is_win_ver             00410220 f   utility_ld:glbsem_w32.obj
 0001:0000f620       _gs_init                   00410620 f   utility_ld:glbsem.obj
 0001:0000f6b0       _gs_log_sem_state          004106b0 f   utility_ld:glbsem.obj
 0001:0000f770       _gs_get_semx               00410770 f   utility_ld:glbsem.obj
 0001:0000f920       _gs_free_semx              00410920 f   utility_ld:glbsem.obj
 0001:0000fbd0       _memcpy                    00410bd0 f   LIBCMTD:memcpy.obj
 0001:0000ff40       _memcmp                    00410f40 f   LIBCMTD:memcmp.obj
 0001:000109b0       @__security_check_cookie@4 004119b0 f   LIBCMTD:secchk.obj
 0001:000109c0       __wassert                  004119c0 f   LIBCMTD:wassert.obj
 0001:00011550       __invoke_watson_if_error   00412550 f i LIBCMTD:wassert.obj
 0001:000115c0       _memset                    004125c0 f   LIBCMTD:memset.obj
 0001:00011640       _strcmp                    00412640 f   LIBCMTD:strcmp.obj
 0001:000116d0       _sprintf                   004126d0 f   LIBCMTD:sprintf.obj
 0001:00011870       __sprintf_l                00412870 f   LIBCMTD:sprintf.obj
 0001:000118a0       _sprintf_s                 004128a0 f   LIBCMTD:sprintf.obj
 0001:000118d0       __sprintf_s_l              004128d0 f   LIBCMTD:sprintf.obj
 0001:00011900       __snprintf_s               00412900 f   LIBCMTD:sprintf.obj
 0001:00011930       __snprintf_s_l             00412930 f   LIBCMTD:sprintf.obj
 0001:00011960       __sprintf_p                00412960 f   LIBCMTD:sprintf.obj
 0001:00011990       __sprintf_p_l              00412990 f   LIBCMTD:sprintf.obj
 0001:000119c0       __scprintf                 004129c0 f   LIBCMTD:sprintf.obj
 0001:000119e0       __scprintf_p               004129e0 f   LIBCMTD:sprintf.obj
 0001:00011a00       __scprintf_l               00412a00 f   LIBCMTD:sprintf.obj
 0001:00011a30       __scprintf_p_l             00412a30 f   LIBCMTD:sprintf.obj
 0001:00011a60       _strcpy                    00412a60 f   LIBCMTD:strcat.obj
 0001:00011a70       _strcat                    00412a70 f   LIBCMTD:strcat.obj
 0001:00011b60       _strlen                    00412b60 f   LIBCMTD:strlen.obj
 0001:00011bf0       _atol                      00412bf0 f   LIBCMTD:atox.obj
 0001:00011c10       __atol_l                   00412c10 f   LIBCMTD:atox.obj
 0001:00011c30       _atoi                      00412c30 f   LIBCMTD:atox.obj
 0001:00011c50       __atoi_l                   00412c50 f   LIBCMTD:atox.obj
 0001:00011c70       __atoi64                   00412c70 f   LIBCMTD:atox.obj
 0001:00011c90       __atoi64_l                 00412c90 f   LIBCMTD:atox.obj
 0001:00011cb0       __isalpha_l                00412cb0 f i LIBCMTD:_ctype.obj
 0001:00011d40       ??0_LocaleUpdate@@QAE@PAUlocaleinfo_struct@@@Z 00412d40 f i LIBCMTD:_ctype.obj
 0001:00011e20       ??1_LocaleUpdate@@QAE@XZ   00412e20 f i LIBCMTD:_ctype.obj
 0001:00011e50       ?GetLocaleT@_LocaleUpdate@@QAEPAUlocaleinfo_struct@@XZ 00412e50 f i LIBCMTD:_ctype.obj
 0001:00011e60       _isalpha                   00412e60 f i LIBCMTD:_ctype.obj
 0001:00011ea0       __isupper_l                00412ea0 f i LIBCMTD:_ctype.obj
 0001:00011f20       _isupper                   00412f20 f i LIBCMTD:_ctype.obj
 0001:00011f50       __islower_l                00412f50 f i LIBCMTD:_ctype.obj
 0001:00011fd0       _islower                   00412fd0 f i LIBCMTD:_ctype.obj
 0001:00012000       __isdigit_l                00413000 f i LIBCMTD:_ctype.obj
 0001:00012080       _isdigit                   00413080 f i LIBCMTD:_ctype.obj
 0001:000120b0       __isxdigit_l               004130b0 f i LIBCMTD:_ctype.obj
 0001:00012140       _isxdigit                  00413140 f i LIBCMTD:_ctype.obj
 0001:00012180       __isspace_l                00413180 f i LIBCMTD:_ctype.obj
 0001:00012200       _isspace                   00413200 f i LIBCMTD:_ctype.obj
 0001:00012230       __ispunct_l                00413230 f i LIBCMTD:_ctype.obj
 0001:000122b0       _ispunct                   004132b0 f i LIBCMTD:_ctype.obj
 0001:000122e0       __isalnum_l                004132e0 f i LIBCMTD:_ctype.obj
 0001:00012370       _isalnum                   00413370 f i LIBCMTD:_ctype.obj
 0001:000123b0       __isprint_l                004133b0 f i LIBCMTD:_ctype.obj
 0001:00012440       _isprint                   00413440 f i LIBCMTD:_ctype.obj
 0001:00012480       __isgraph_l                00413480 f i LIBCMTD:_ctype.obj
 0001:00012510       _isgraph                   00413510 f i LIBCMTD:_ctype.obj
 0001:00012550       __iscntrl_l                00413550 f i LIBCMTD:_ctype.obj
 0001:000125d0       _iscntrl                   004135d0 f i LIBCMTD:_ctype.obj
 0001:00012600       ___isascii                 00413600 f i LIBCMTD:_ctype.obj
 0001:00012620       ___toascii                 00413620 f i LIBCMTD:_ctype.obj
 0001:00012630       __iscsymf_l                00413630 f i LIBCMTD:_ctype.obj
 0001:00012670       ___iscsymf                 00413670 f i LIBCMTD:_ctype.obj
 0001:000126b0       __iscsym_l                 004136b0 f i LIBCMTD:_ctype.obj
 0001:000126f0       ___iscsym                  004136f0 f i LIBCMTD:_ctype.obj
 0001:00012730       __toupper                  00413730 f   LIBCMTD:toupper.obj
 0001:00012740       __toupper_l                00413740 f   LIBCMTD:toupper.obj
 0001:00012920       _toupper                   00413920 f   LIBCMTD:toupper.obj
 0001:00012970       _sscanf                    00413970 f   LIBCMTD:sscanf.obj
 0001:00012b00       __sscanf_l                 00413b00 f   LIBCMTD:sscanf.obj
 0001:00012b30       _sscanf_s                  00413b30 f   LIBCMTD:sscanf.obj
 0001:00012b60       __sscanf_s_l               00413b60 f   LIBCMTD:sscanf.obj
 0001:00012b90       __fpmath                   00413b90 f   LIBCMTD:_fpinit_.obj
 0001:00012bb0       __cfltcvt_init             00413bb0 f   LIBCMTD:_fpinit_.obj
 0001:00012c20       ___setfflag                00413c20 f   LIBCMTD:_fpinit_.obj
 0001:00012c40       _printf                    00413c40 f   LIBCMTD:printf.obj
 0001:00012d80       __printf_l                 00413d80 f   LIBCMTD:printf.obj
 0001:00012db0       __printf_s_l               00413db0 f   LIBCMTD:printf.obj
 0001:00012de0       _printf_s                  00413de0 f   LIBCMTD:printf.obj
 0001:00012e10       __printf_p_l               00413e10 f   LIBCMTD:printf.obj
 0001:00012e40       __printf_p                 00413e40 f   LIBCMTD:printf.obj
 0001:00012e70       __set_printf_count_output  00413e70 f   LIBCMTD:printf.obj
 0001:00012ec0       __get_printf_count_output  00413ec0 f   LIBCMTD:printf.obj
 0001:00012ee0       __beginthread              00413ee0 f   LIBCMTD:thread.obj
 0001:00013160       __endthread                00414160 f   LIBCMTD:thread.obj
 0001:000131b0       ___iob_func                004141b0 f   LIBCMTD:_file.obj
 0001:000131c0       ___initstdio               004141c0 f   LIBCMTD:_file.obj
 0001:00013310       ___endstdio                00414310 f   LIBCMTD:_file.obj
 0001:00013340       __lock_file                00414340 f   LIBCMTD:_file.obj
 0001:000133a0       __lock_file2               004143a0 f   LIBCMTD:_file.obj
 0001:000133e0       __unlock_file              004143e0 f   LIBCMTD:_file.obj
 0001:00013440       __unlock_file2             00414440 f   LIBCMTD:_file.obj
 0001:00013480       _fflush                    00414480 f   LIBCMTD:fflush.obj
 0001:00013520       __fflush_nolock            00414520 f   LIBCMTD:fflush.obj
 0001:00013580       __flush                    00414580 f   LIBCMTD:fflush.obj
 0001:00013640       __flushall                 00414640 f   LIBCMTD:fflush.obj
 0001:00013810       _fprintf                   00414810 f   LIBCMTD:fprintf.obj
 0001:00013ab0       __fprintf_l                00414ab0 f   LIBCMTD:fprintf.obj
 0001:00013ae0       __fprintf_s_l              00414ae0 f   LIBCMTD:fprintf.obj
 0001:00013b10       _fprintf_s                 00414b10 f   LIBCMTD:fprintf.obj
 0001:00013b40       __fprintf_p_l              00414b40 f   LIBCMTD:fprintf.obj
 0001:00013b70       __fprintf_p                00414b70 f   LIBCMTD:fprintf.obj
 0001:00013ba0       __time64                   00414ba0 f   LIBCMTD:time64.obj
 0001:00013c20       __initp_misc_winsig        00414c20 f   LIBCMTD:winsig.obj
 0001:00013c50       _signal                    00414c50 f   LIBCMTD:winsig.obj
 0001:000140f0       _raise                     004150f0 f   LIBCMTD:winsig.obj
 0001:00014460       ___get_sigabrt             00415460 f   LIBCMTD:winsig.obj
 0001:00014480       ___fpecode                 00415480 f   LIBCMTD:winsig.obj
 0001:00014490       ___pxcptinfoptrs           00415490 f   LIBCMTD:winsig.obj
 0001:000144a0       _srand                     004154a0 f   LIBCMTD:rand.obj
 0001:000144c0       _rand                      004154c0 f   LIBCMTD:rand.obj
 0001:00014500       _mainCRTStartup            00415500 f   LIBCMTD:crt0.obj
 0001:00014760       __cinit                    00415760 f   LIBCMTD:crt0dat.obj
 0001:00014800       _exit                      00415800 f   LIBCMTD:crt0dat.obj
 0001:00014820       __exit                     00415820 f   LIBCMTD:crt0dat.obj
 0001:00014840       __cexit                    00415840 f   LIBCMTD:crt0dat.obj
 0001:00014860       __c_exit                   00415860 f   LIBCMTD:crt0dat.obj
 0001:00014880       __amsg_exit                00415880 f   LIBCMTD:crt0dat.obj
 0001:000148b0       ___freeCrtMemory           004158b0 f   LIBCMTD:crt0dat.obj
 0001:00014bf0       ___crtCorExitProcess       00415bf0 f   LIBCMTD:crt0dat.obj
 0001:00014c30       ___crtExitProcess          00415c30 f   LIBCMTD:crt0dat.obj
 0001:00014c50       __lockexit                 00415c50 f   LIBCMTD:crt0dat.obj
 0001:00014c70       __unlockexit               00415c70 f   LIBCMTD:crt0dat.obj
 0001:00014c90       __init_pointers            00415c90 f   LIBCMTD:crt0dat.obj
 0001:00014d20       __initterm_e               00415d20 f   LIBCMTD:crt0dat.obj
 0001:00014d60       __get_wpgmptr              00415d60 f   LIBCMTD:crt0dat.obj
 0001:00014e50       __get_pgmptr               00415e50 f   LIBCMTD:crt0dat.obj
 0001:00014f40       _malloc                    00415f40 f   LIBCMTD:dbgmalloc.obj
 0001:00014f70       _calloc                    00415f70 f   LIBCMTD:dbgcalloc.obj
 0001:00014fa0       _realloc                   00415fa0 f   LIBCMTD:dbgrealloc.obj
 0001:00014fd0       _free                      00415fd0 f   LIBCMTD:dbgfree.obj
 0001:00014ff0       __heap_init                00415ff0 f   LIBCMTD:heapinit.obj
 0001:00015030       __heap_term                00416030 f   LIBCMTD:heapinit.obj
 0001:00015050       __get_heap_handle          00416050 f   LIBCMTD:heapinit.obj
 0001:00015090       __heapwalk                 00416090 f   LIBCMTD:heapwalk.obj
 0001:00015290       __aulldiv                  00416290 f   LIBCMTD:ulldiv.obj
 0001:00015300       __alldiv                   00416300 f   LIBCMTD:lldiv.obj
 0001:000153b0       __vsnprintf_l              004163b0 f   LIBCMTD:vsnprint.obj
 0001:00015570       __vsnprintf                00416570 f   LIBCMTD:vsnprint.obj
 0001:000155a0       _strncpy                   004165a0 f   LIBCMTD:strncpy.obj
 0001:000156d0       _strncat                   004166d0 f   LIBCMTD:strncat.obj
 0001:00015810       _fclose                    00416810 f   LIBCMTD:fclose.obj
 0001:00015920       __fclose_nolock            00416920 f   LIBCMTD:fclose.obj
 0001:00015a20       __fsopen                   00416a20 f   LIBCMTD:fopen.obj
 0001:00015c30       _fopen                     00416c30 f   LIBCMTD:fopen.obj
 0001:00015c50       _fopen_s                   00416c50 f   LIBCMTD:fopen.obj
 0001:00015cf0       __ctime64_s                00416cf0 f   LIBCMTD:ctime64.obj
 0001:00015ee0       __ctime64                  00416ee0 f   LIBCMTD:ctime64.obj
 0001:00015fc0       _ftell                     00416fc0 f   LIBCMTD:ftell.obj
 0001:000160b0       __ftell_nolock             004170b0 f   LIBCMTD:ftell.obj
 0001:00016380       _fseek                     00417380 f   LIBCMTD:fseek.obj
 0001:000164f0       __fseek_nolock             004174f0 f   LIBCMTD:fseek.obj
 0001:000165d0       _setbuf                    004175d0 f   LIBCMTD:setbuf.obj
 0001:00016630       __fstat64i32               00417630 f   LIBCMTD:fstati32.obj
 0001:00016ca0       _remove                    00417ca0 f   LIBCMTD:unlink.obj
 0001:00016cf0       __unlink                   00417cf0 f   LIBCMTD:unlink.obj
 0001:00016d10       _strncmp                   00417d10 f   LIBCMTD:strncmp.obj
 0001:00016e90       _fgets                     00417e90 f   LIBCMTD:fgets.obj
 0001:00017220       _vfscanf                   00418220 f   LIBCMTD:fscanf.obj
 0001:000174a0       _fscanf                    004184a0 f   LIBCMTD:fscanf.obj
 0001:000174d0       __fscanf_l                 004184d0 f   LIBCMTD:fscanf.obj
 0001:00017500       _fscanf_s                  00418500 f   LIBCMTD:fscanf.obj
 0001:00017530       __fscanf_s_l               00418530 f   LIBCMTD:fscanf.obj
 0001:00017560       _strerror                  00418560 f   LIBCMTD:strerror.obj
 0001:00017610       __get_sys_err_msg          00418610 f i LIBCMTD:strerror.obj
 0001:00017650       _strerror_s                00418650 f   LIBCMTD:strerror.obj
 0001:00017770       __dosmaperr                00418770 f   LIBCMTD:dosmap.obj
 0001:000177a0       __get_errno_from_oserr     004187a0 f   LIBCMTD:dosmap.obj
 0001:00017820       __set_errno                00418820 f   LIBCMTD:dosmap.obj
 0001:00017850       __get_errno                00418850 f   LIBCMTD:dosmap.obj
 0001:000178d0       __set_doserrno             004188d0 f   LIBCMTD:dosmap.obj
 0001:00017900       __get_doserrno             00418900 f   LIBCMTD:dosmap.obj
 0001:00017980       __errno                    00418980 f   LIBCMTD:dosmap.obj
 0001:000179b0       ___doserrno                004189b0 f   LIBCMTD:dosmap.obj
 0001:000179e0       _fwrite                    004189e0 f   LIBCMTD:fwrite.obj
 0001:00017af0       __fwrite_nolock            00418af0 f   LIBCMTD:fwrite.obj
 0001:00017ec0       _fread_s                   00418ec0 f   LIBCMTD:fread.obj
 0001:00017ff0       __fread_nolock_s           00418ff0 f   LIBCMTD:fread.obj
 0001:000185d0       _fread                     004195d0 f   LIBCMTD:fread.obj
 0001:00018600       __fread_nolock             00419600 f   LIBCMTD:fread.obj
 0001:00018630       _fputs                     00419630 f   LIBCMTD:fputs.obj
 0001:000188d0       _strtol                    004198d0 f   LIBCMTD:strtol.obj
 0001:00018e00       __strtol_l                 00419e00 f   LIBCMTD:strtol.obj
 0001:00018e30       _strtoul                   00419e30 f   LIBCMTD:strtol.obj
 0001:00018e80       __strtoul_l                00419e80 f   LIBCMTD:strtol.obj
 0001:00018ec0       _strchr                    00419ec0 f   LIBCMTD:strchr.obj
 0001:00018ec6       ___from_strstr_to_strchr   00419ec6     LIBCMTD:strchr.obj
 0001:00018f80       _fabs                      00419f80 f   LIBCMTD:_fabs_.obj
 0001:00019080       __strtod_l                 0041a080 f   LIBCMTD:strtod.obj
 0001:00019280       _strtod                    0041a280 f   LIBCMTD:strtod.obj
 0001:000192a0       _strstr                    0041a2a0 f   LIBCMTD:strstr.obj
 0001:00019330       _strpbrk                   0041a330 f   LIBCMTD:strpbrk.obj
 0001:00019370       __beginthreadex            0041a370 f   LIBCMTD:threadex.obj
 0001:000195f0       __endthreadex              0041a5f0 f   LIBCMTD:threadex.obj
 0001:00019620       __except_handler4          0041a620 f   LIBCMTD:chandler4.obj
 0001:00019840       __VEC_memcpy               0041a840 f   LIBCMTD:p4_memcpy.obj
 0001:00019950       ___sse2_available_init     0041a950 f   LIBCMTD:cpu_disp.obj
 0001:00019970       ___report_gsfailure        0041a970 f   LIBCMTD:gs_report.obj
 0001:00019a80       ___crtMessageBoxW          0041aa80 f   LIBCMTD:crtmboxw.obj
 0001:00019ca0       __itow_s                   0041aca0 f   LIBCMTD:xtows.obj
 0001:0001a080       __ltow_s                   0041b080 f   LIBCMTD:xtows.obj
 0001:0001a0c0       __ultow_s                  0041b0c0 f   LIBCMTD:xtows.obj
 0001:0001a0e0       __i64tow_s                 0041b0e0 f   LIBCMTD:xtows.obj
 0001:0001a500       __ui64tow_s                0041b500 f   LIBCMTD:xtows.obj
 0001:0001a520       _wcsncat_s                 0041b520 f   LIBCMTD:wcsncat_s.obj
 0001:0001a9d0       _wcsncpy_s                 0041b9d0 f   LIBCMTD:wcsncpy_s.obj
 0001:0001ade0       _wcscat_s                  0041bde0 f   LIBCMTD:wcscat_s.obj
 0001:0001b1d0       _wcscpy_s                  0041c1d0 f   LIBCMTD:wcscpy_s.obj
 0001:0001b4b0       _fwprintf                  0041c4b0 f   LIBCMTD:fwprintf.obj
 0001:0001b630       __fwprintf_l               0041c630 f   LIBCMTD:fwprintf.obj
 0001:0001b660       __fwprintf_s_l             0041c660 f   LIBCMTD:fwprintf.obj
 0001:0001b690       _fwprintf_s                0041c690 f   LIBCMTD:fwprintf.obj
 0001:0001b6c0       __fwprintf_p_l             0041c6c0 f   LIBCMTD:fwprintf.obj
 0001:0001b6f0       __fwprintf_p               0041c6f0 f   LIBCMTD:fwprintf.obj
 0001:0001b720       _setvbuf                   0041c720 f   LIBCMTD:setvbuf.obj
 0001:0001b9f0       _abort                     0041c9f0 f   LIBCMTD:abort.obj
 0001:0001ba50       __set_abort_behavior       0041ca50 f   LIBCMTD:abort.obj
 0001:0001ba80       _wcslen                    0041ca80 f   LIBCMTD:wcslen.obj
 0001:0001bab0       __set_error_mode           0041cab0 f   LIBCMTD:errmode.obj
 0001:0001bb70       ___set_app_type            0041cb70 f   LIBCMTD:errmode.obj
 0001:0001bb80       __initp_misc_invarg        0041cb80 f   LIBCMTD:invarg.obj
 0001:0001bb90       __invalid_parameter        0041cb90 f   LIBCMTD:invarg.obj
 0001:0001bbf0       __invoke_watson            0041cbf0 f   LIBCMTD:invarg.obj
 0001:0001bc20       __call_reportfault         0041cc20 f   LIBCMTD:invarg.obj
 0001:0001bd70       __set_invalid_parameter_handler 0041cd70 f   LIBCMTD:invarg.obj
 0001:0001bdb0       __get_invalid_parameter_handler 0041cdb0 f   LIBCMTD:invarg.obj
 0001:0001bde0       ?_invalid_parameter@@YAXPBG00II@Z 0041cde0 f   LIBCMTD:invarg.obj
 0001:0001be10       ?_invoke_watson@@YAXPBG00II@Z 0041ce10 f   LIBCMTD:invarg.obj
 0001:0001be30       __vswprintf_helper         0041ce30 f   LIBCMTD:vswprnc.obj
 0001:0001c090       __vswprintf_c              0041d090 f   LIBCMTD:vswprnc.obj
 0001:0001c0e0       __vswprintf_c_l            0041d0e0 f   LIBCMTD:vswprnc.obj
 0001:0001c130       __vswprintf_s_l            0041d130 f   LIBCMTD:vswprnc.obj
 0001:0001c3a0       _vswprintf_s               0041d3a0 f   LIBCMTD:vswprnc.obj
 0001:0001c3d0       __vsnwprintf_s_l           0041d3d0 f   LIBCMTD:vswprnc.obj
 0001:0001c780       __vsnwprintf_s             0041d780 f   LIBCMTD:vswprnc.obj
 0001:0001c7b0       __vswprintf_p              0041d7b0 f   LIBCMTD:vswprnc.obj
 0001:0001c800       __vswprintf_p_l            0041d800 f   LIBCMTD:vswprnc.obj
 0001:0001c850       __VEC_memzero              0041d850 f   LIBCMTD:p4_memset.obj
 0001:0001c910       __flsbuf                   0041d910 f   LIBCMTD:_flsbuf.obj
 0001:0001cbd0       __output_l                 0041dbd0 f   LIBCMTD:output.obj
 0001:0001e040       _get_int_arg               0041f040 f i LIBCMTD:output.obj
 0001:0001e060       _get_int64_arg             0041f060 f i LIBCMTD:output.obj
 0001:0001e080       _get_short_arg             0041f080 f i LIBCMTD:output.obj
 0001:0001e0a0       __CrtSetReportHookW2       0041f0a0 f   LIBCMTD:dbgrptw.obj
 0001:0001e3d0       __CrtDbgReportW            0041f3d0 f   LIBCMTD:dbgrptw.obj
 0001:0001e410       __CrtDbgReportWV           0041f410 f i LIBCMTD:dbgrptw.obj
 0001:0001e440       ___crtMessageWindowW       0041f440 f   LIBCMTD:dbgrptw.obj
 0001:0001e840       __invoke_watson_if_oneof   0041f840 f i LIBCMTD:dbgrptw.obj
 0001:0001e880       ?_CrtDbgReportW@@YAHHPBGH00ZZ 0041f880 f   LIBCMTD:dbgrptw.obj
 0001:0001e8c0       __vsprintf_l               0041f8c0 f   LIBCMTD:vsprintf.obj
 0001:0001ea60       _vsprintf                  0041fa60 f   LIBCMTD:vsprintf.obj
 0001:0001ea80       __vscprintf_helper         0041fa80 f   LIBCMTD:vsprintf.obj
 0001:0001eb60       __vscprintf                0041fb60 f   LIBCMTD:vsprintf.obj
 0001:0001eb80       __vscprintf_l              0041fb80 f   LIBCMTD:vsprintf.obj
 0001:0001eba0       __vscprintf_p              0041fba0 f   LIBCMTD:vsprintf.obj
 0001:0001ebc0       __vscprintf_p_l            0041fbc0 f   LIBCMTD:vsprintf.obj
 0001:0001ebe0       __vsnprintf_helper         0041fbe0 f   LIBCMTD:vsnprnc.obj
 0001:0001edd0       __vsnprintf_c              0041fdd0 f   LIBCMTD:vsnprnc.obj
 0001:0001ee20       __vsnprintf_c_l            0041fe20 f   LIBCMTD:vsnprnc.obj
 0001:0001ee70       __vsprintf_s_l             0041fe70 f   LIBCMTD:vsnprnc.obj
 0001:0001f0e0       _vsprintf_s                004200e0 f   LIBCMTD:vsnprnc.obj
 0001:0001f110       __vsnprintf_s_l            00420110 f   LIBCMTD:vsnprnc.obj
 0001:0001f4b0       __vsnprintf_s              004204b0 f   LIBCMTD:vsnprnc.obj
 0001:0001f4e0       __vsprintf_p               004204e0 f   LIBCMTD:vsnprnc.obj
 0001:0001f530       __vsprintf_p_l             00420530 f   LIBCMTD:vsnprnc.obj
 0001:0001f580       __strtoi64                 00420580 f   LIBCMTD:strtoq.obj
 0001:0001faf0       __strtoi64_l               00420af0 f   LIBCMTD:strtoq.obj
 0001:0001fb20       __strtoui64                00420b20 f   LIBCMTD:strtoq.obj
 0001:0001fb70       __strtoui64_l              00420b70 f   LIBCMTD:strtoq.obj
 0001:0001fba0       __chvalidator              00420ba0 f   LIBCMTD:isctype.obj
 0001:0001fbf0       __chvalidator_l            00420bf0 f   LIBCMTD:isctype.obj
 0001:0001fca0       __isctype_l                00420ca0 f   LIBCMTD:isctype.obj
 0001:0001fdc0       __isctype                  00420dc0 f   LIBCMTD:isctype.obj
 0001:0001fe00       ___updatetmbcinfo          00420e00 f   LIBCMTD:mbctype.obj
 0001:0001ff10       __setmbcp                  00420f10 f   LIBCMTD:mbctype.obj
 0001:000202c0       __setmbcp_nolock           004212c0 f   LIBCMTD:mbctype.obj
 0001:00020ab0       __getmbcp                  00421ab0 f   LIBCMTD:mbctype.obj
 0001:00020b20       ___initmbctable            00421b20 f   LIBCMTD:mbctype.obj
 0001:00020b50       ___addlocaleref            00421b50 f   LIBCMTD:localref.obj
 0001:00020c70       ___removelocaleref         00421c70 f   LIBCMTD:localref.obj
 0001:00020da0       ___freetlocinfo            00421da0 f   LIBCMTD:localref.obj
 0001:00021080       __updatetlocinfoEx_nolock  00422080 f   LIBCMTD:localref.obj
 0001:00021100       ___updatetlocinfo          00422100 f   LIBCMTD:localref.obj
 0001:000211d0       __encoded_null             004221d0 f   LIBCMTD:tidtable.obj
 0001:000211e0       ___crtTlsAlloc@4           004221e0 f   LIBCMTD:tidtable.obj
 0001:000211f0       ___fls_getvalue@4          004221f0 f   LIBCMTD:tidtable.obj
 0001:00021210       ___get_flsindex            00422210 f   LIBCMTD:tidtable.obj
 0001:00021220       ___set_flsgetvalue         00422220 f   LIBCMTD:tidtable.obj
 0001:00021270       ___fls_setvalue@8          00422270 f   LIBCMTD:tidtable.obj
 0001:00021290       __mtinit                   00422290 f   LIBCMTD:tidtable.obj
 0001:00021490       __mtterm                   00422490 f   LIBCMTD:tidtable.obj
 0001:000214f0       __initptd                  004224f0 f   LIBCMTD:tidtable.obj
 0001:00021620       __getptd_noexit            00422620 f   LIBCMTD:tidtable.obj
 0001:000216e0       __getptd                   004226e0 f   LIBCMTD:tidtable.obj
 0001:00021710       __freefls@4                00422710 f   LIBCMTD:tidtable.obj
 0001:00021920       __freeptd                  00422920 f   LIBCMTD:tidtable.obj
 0001:000219a0       ___threadid                004229a0 f   LIBCMTD:tidtable.obj
 0001:000219b0       ___threadhandle            004229b0 f   LIBCMTD:tidtable.obj
 0001:000219c0       ____setlc_active_func      004229c0 f   LIBCMTD:setlocal.obj
 0001:000219d0       ____unguarded_readlc_active_add_func 004229d0 f   LIBCMTD:setlocal.obj
 0001:000219e0       __configthreadlocale       004229e0 f   LIBCMTD:setlocal.obj
 0001:00021af0       __locterm                  00422af0 f   LIBCMTD:setlocal.obj
 0001:00021b90       __free_locale              00422b90 f   LIBCMTD:setlocal.obj
 0001:00021cd0       ___free_locale             00422cd0 f   LIBCMTD:setlocal.obj
 0001:00021cf0       __create_locale            00422cf0 f   LIBCMTD:setlocal.obj
 0001:00021f20       ___create_locale           00422f20 f   LIBCMTD:setlocal.obj
 0001:00021f40       __get_current_locale       00422f40 f   LIBCMTD:setlocal.obj
 0001:00022060       ___get_current_locale      00423060 f   LIBCMTD:setlocal.obj
 0001:00022070       _setlocale                 00423070 f   LIBCMTD:setlocal.obj
 0001:00022f20       __expandlocale             00423f20 f   LIBCMTD:setlocal.obj
 0001:000231d0       ___init_dummy              004241d0 f   LIBCMTD:setlocal.obj
 0001:000231e0       __strcats                  004241e0 f   LIBCMTD:setlocal.obj
 0001:00023260       ___lc_strtolc              00424260 f   LIBCMTD:setlocal.obj
 0001:00023460       ___lc_lctostr              00424460 f   LIBCMTD:setlocal.obj
 0001:00023500       ___crtLCMapStringA         00424500 f   LIBCMTD:a_map.obj
 0001:000237f0       __MarkAllocaS              004247f0 f i LIBCMTD:a_map.obj
 0001:00023820       __freea                    00424820 f i LIBCMTD:a_map.obj
 0001:000238e0       __isleadbyte_l             004248e0 f i LIBCMTD:_wctype.obj
 0001:00023930       _isleadbyte                00424930 f i LIBCMTD:_wctype.obj
 0001:00023950       __iswalpha_l               00424950 f i LIBCMTD:_wctype.obj
 0001:00023970       _iswalpha                  00424970 f i LIBCMTD:_wctype.obj
 0001:00023990       __iswupper_l               00424990 f i LIBCMTD:_wctype.obj
 0001:000239b0       _iswupper                  004249b0 f i LIBCMTD:_wctype.obj
 0001:000239d0       __iswlower_l               004249d0 f i LIBCMTD:_wctype.obj
 0001:000239f0       _iswlower                  004249f0 f i LIBCMTD:_wctype.obj
 0001:00023a10       __iswdigit_l               00424a10 f i LIBCMTD:_wctype.obj
 0001:00023a30       _iswdigit                  00424a30 f i LIBCMTD:_wctype.obj
 0001:00023a50       __iswxdigit_l              00424a50 f i LIBCMTD:_wctype.obj
 0001:00023a70       _iswxdigit                 00424a70 f i LIBCMTD:_wctype.obj
 0001:00023a90       __iswspace_l               00424a90 f i LIBCMTD:_wctype.obj
 0001:00023ab0       _iswspace                  00424ab0 f i LIBCMTD:_wctype.obj
 0001:00023ad0       __iswpunct_l               00424ad0 f i LIBCMTD:_wctype.obj
 0001:00023af0       _iswpunct                  00424af0 f i LIBCMTD:_wctype.obj
 0001:00023b10       __iswalnum_l               00424b10 f i LIBCMTD:_wctype.obj
 0001:00023b30       _iswalnum                  00424b30 f i LIBCMTD:_wctype.obj
 0001:00023b50       __iswprint_l               00424b50 f i LIBCMTD:_wctype.obj
 0001:00023b70       _iswprint                  00424b70 f i LIBCMTD:_wctype.obj
 0001:00023b90       __iswgraph_l               00424b90 f i LIBCMTD:_wctype.obj
 0001:00023bb0       _iswgraph                  00424bb0 f i LIBCMTD:_wctype.obj
 0001:00023bd0       __iswcntrl_l               00424bd0 f i LIBCMTD:_wctype.obj
 0001:00023bf0       _iswcntrl                  00424bf0 f i LIBCMTD:_wctype.obj
 0001:00023c10       _iswascii                  00424c10 f i LIBCMTD:_wctype.obj
 0001:00023c30       __iswcsym_l                00424c30 f i LIBCMTD:_wctype.obj
 0001:00023c70       ___iswcsym                 00424c70 f i LIBCMTD:_wctype.obj
 0001:00023cb0       __iswcsymf_l               00424cb0 f i LIBCMTD:_wctype.obj
 0001:00023cf0       ___iswcsymf                00424cf0 f i LIBCMTD:_wctype.obj
 0001:00023d30       __input_l                  00424d30 f   LIBCMTD:input.obj
 0001:000255b0       __INTRN_LOCALE_CONV        004265b0 f i LIBCMTD:input.obj
 0001:000256e0       __input_s_l                004266e0 f   LIBCMTD:inputs.obj
 0001:00027420       __setdefaultprecision      00428420 f   LIBCMTD:fp8.obj
 0001:00027460       __forcdecpt                00428460 f   LIBCMTD:cvt.obj
 0001:00027480       __forcdecpt_l              00428480 f   LIBCMTD:cvt.obj
 0001:00027540       __cropzeros                00428540 f   LIBCMTD:cvt.obj
 0001:00027560       __cropzeros_l              00428560 f   LIBCMTD:cvt.obj
 0001:00027670       __positive                 00428670 f   LIBCMTD:cvt.obj
 0001:000276a0       __fassign_l                004286a0 f   LIBCMTD:cvt.obj
 0001:00027700       __fassign                  00428700 f   LIBCMTD:cvt.obj
 0001:00027720       __cftoe_l                  00428720 f   LIBCMTD:cvt.obj
 0001:00027c70       __cftoe                    00428c70 f   LIBCMTD:cvt.obj
 0001:00027ca0       __cftoa_l                  00428ca0 f   LIBCMTD:cvt.obj
 0001:00028480       ?strrchr@@YAPADPADH@Z      00429480 f i LIBCMTD:cvt.obj
 0001:000284a0       __cftoa                    004294a0 f   LIBCMTD:cvt.obj
 0001:000284d0       __cftof_l                  004294d0 f   LIBCMTD:cvt.obj
 0001:000288e0       __cftof                    004298e0 f   LIBCMTD:cvt.obj
 0001:00028910       __cftog_l                  00429910 f   LIBCMTD:cvt.obj
 0001:00028b40       __cftog                    00429b40 f   LIBCMTD:cvt.obj
 0001:00028b70       __cfltcvt_l                00429b70 f   LIBCMTD:cvt.obj
 0001:00028c30       __cfltcvt                  00429c30 f   LIBCMTD:cvt.obj
 0001:00028c90       __initp_misc_cfltcvt_tab   00429c90 f   LIBCMTD:cmiscdat.obj
 0001:00028cd0       __stbuf                    00429cd0 f   LIBCMTD:_sftbuf.obj
 0001:00028e30       __ftbuf                    00429e30 f   LIBCMTD:_sftbuf.obj
 0001:00028ec0       _vprintf_helper            00429ec0 f   LIBCMTD:vprintf.obj
 0001:00028fe0       __vprintf_l                00429fe0 f   LIBCMTD:vprintf.obj
 0001:00029000       __vprintf_s_l              0042a000 f   LIBCMTD:vprintf.obj
 0001:00029020       __vprintf_p_l              0042a020 f   LIBCMTD:vprintf.obj
 0001:00029040       _vprintf                   0042a040 f   LIBCMTD:vprintf.obj
 0001:00029060       _vprintf_s                 0042a060 f   LIBCMTD:vprintf.obj
 0001:00029080       __vprintf_p                0042a080 f   LIBCMTD:vprintf.obj
 0001:000290a0       __malloc_dbg               0042a0a0 f   LIBCMTD:dbgheap.obj
 0001:000290d0       __nh_malloc                0042a0d0 f   LIBCMTD:dbgheap.obj
 0001:000290f0       __nh_malloc_dbg            0042a0f0 f   LIBCMTD:dbgheap.obj
 0001:000291d0       __heap_alloc               0042a1d0 f   LIBCMTD:dbgheap.obj
 0001:000295b0       __heap_alloc_dbg           0042a5b0 f   LIBCMTD:dbgheap.obj
 0001:00029610       __calloc_dbg_impl          0042a610 f   LIBCMTD:dbgheap.obj
 0001:00029690       __calloc_dbg               0042a690 f   LIBCMTD:dbgheap.obj
 0001:000296f0       __recalloc                 0042a6f0 f   LIBCMTD:dbgheap.obj
 0001:00029720       __realloc_dbg              0042a720 f   LIBCMTD:dbgheap.obj
 0001:00029dc0       __recalloc_dbg             0042adc0 f   LIBCMTD:dbgheap.obj
 0001:00029e70       __expand                   0042ae70 f   LIBCMTD:dbgheap.obj
 0001:00029ea0       __expand_dbg               0042aea0 f   LIBCMTD:dbgheap.obj
 0001:00029fb0       __free_nolock              0042afb0 f   LIBCMTD:dbgheap.obj
 0001:00029fd0       __free_dbg                 0042afd0 f   LIBCMTD:dbgheap.obj
 0001:0002a050       __free_dbg_nolock          0042b050 f   LIBCMTD:dbgheap.obj
 0001:0002a530       __msize                    0042b530 f   LIBCMTD:dbgheap.obj
 0001:0002a550       __msize_dbg                0042b550 f   LIBCMTD:dbgheap.obj
 0001:0002a740       __CrtSetBreakAlloc         0042b740 f   LIBCMTD:dbgheap.obj
 0001:0002a760       __CrtSetDbgBlockType       0042b760 f   LIBCMTD:dbgheap.obj
 0001:0002a850       __CrtSetAllocHook          0042b850 f   LIBCMTD:dbgheap.obj
 0001:0002a870       __CrtGetAllocHook          0042b870 f   LIBCMTD:dbgheap.obj
 0001:0002a8c0       __CrtCheckMemory           0042b8c0 f   LIBCMTD:dbgheap.obj
 0001:0002ad20       __CrtSetDbgFlag            0042bd20 f   LIBCMTD:dbgheap.obj
 0001:0002ae70       __CrtDoForAllClientObjects 0042be70 f   LIBCMTD:dbgheap.obj
 0001:0002af90       __CrtIsValidPointer        0042bf90 f   LIBCMTD:dbgheap.obj
 0001:0002afa0       __CrtIsValidHeapPointer    0042bfa0 f   LIBCMTD:dbgheap.obj
 0001:0002aff0       __CrtIsMemoryBlock         0042bff0 f   LIBCMTD:dbgheap.obj
 0001:0002b160       __CrtReportBlockType       0042c160 f   LIBCMTD:dbgheap.obj
 0001:0002b190       __CrtSetDumpClient         0042c190 f   LIBCMTD:dbgheap.obj
 0001:0002b1b0       __CrtGetDumpClient         0042c1b0 f   LIBCMTD:dbgheap.obj
 0001:0002b1c0       __CrtMemCheckpoint         0042c1c0 f   LIBCMTD:dbgheap.obj
 0001:0002b3e0       __CrtMemDifference         0042c3e0 f   LIBCMTD:dbgheap.obj
 0001:0002b600       __CrtMemDumpAllObjectsSince 0042c600 f   LIBCMTD:dbgheap.obj
 0001:0002baf0       __CrtDumpMemoryLeaks       0042caf0 f   LIBCMTD:dbgheap.obj
 0001:0002bb70       __CrtMemDumpStatistics     0042cb70 f   LIBCMTD:dbgheap.obj
 0001:0002bc80       __aligned_malloc           0042cc80 f   LIBCMTD:dbgheap.obj
 0001:0002bca0       __aligned_malloc_dbg       0042cca0 f   LIBCMTD:dbgheap.obj
 0001:0002bcd0       __aligned_realloc          0042ccd0 f   LIBCMTD:dbgheap.obj
 0001:0002bd00       __aligned_recalloc         0042cd00 f   LIBCMTD:dbgheap.obj
 0001:0002bd30       __aligned_realloc_dbg      0042cd30 f   LIBCMTD:dbgheap.obj
 0001:0002bd60       __aligned_recalloc_dbg     0042cd60 f   LIBCMTD:dbgheap.obj
 0001:0002bd90       __aligned_offset_malloc    0042cd90 f   LIBCMTD:dbgheap.obj
 0001:0002bdb0       __aligned_offset_malloc_dbg 0042cdb0 f   LIBCMTD:dbgheap.obj
 0001:0002bf70       __aligned_offset_realloc   0042cf70 f   LIBCMTD:dbgheap.obj
 0001:0002bfa0       __aligned_offset_recalloc  0042cfa0 f   LIBCMTD:dbgheap.obj
 0001:0002bfd0       __aligned_offset_realloc_dbg 0042cfd0 f   LIBCMTD:dbgheap.obj
 0001:0002c2c0       __aligned_offset_recalloc_dbg 0042d2c0 f   LIBCMTD:dbgheap.obj
 0001:0002c380       __aligned_free             0042d380 f   LIBCMTD:dbgheap.obj
 0001:0002c3a0       __aligned_free_dbg         0042d3a0 f   LIBCMTD:dbgheap.obj
 0001:0002c450       __CrtSetDebugFillThreshold 0042d450 f   LIBCMTD:dbgheap.obj
 0001:0002c470       __CrtSetCheckCount         0042d470 f   LIBCMTD:dbgheap.obj
 0001:0002c490       __CrtGetCheckCount         0042d490 f   LIBCMTD:dbgheap.obj
 0001:0002c4a0       __aligned_msize            0042d4a0 f   LIBCMTD:dbgheap.obj
 0001:0002c4c0       __aligned_msize_dbg        0042d4c0 f   LIBCMTD:dbgheap.obj
 0001:0002c5d0       ___CppXcptFilter           0042d5d0 f   LIBCMTD:winxfltr.obj
 0001:0002c600       __XcptFilter               0042d600 f   LIBCMTD:winxfltr.obj
 0001:0002c860       __ioinit                   0042d860 f   LIBCMTD:ioinit.obj
 0001:0002cc70       __ioterm                   0042dc70 f   LIBCMTD:ioinit.obj
 0001:0002cd10       __fcloseall                0042dd10 f   LIBCMTD:closeall.obj
 0001:0002ce40       __mtinitlocks              0042de40 f   LIBCMTD:mlock.obj
 0001:0002ced0       __mtdeletelocks            0042ded0 f   LIBCMTD:mlock.obj
 0001:0002cf90       __mtinitlocknum            0042df90 f   LIBCMTD:mlock.obj
 0001:0002d0e0       __lock                     0042e0e0 f   LIBCMTD:mlock.obj
 0001:0002d120       __unlock                   0042e120 f   LIBCMTD:mlock.obj
 0001:0002d140       __lockerr_exit             0042e140 f   LIBCMTD:mlock.obj
 0001:0002d160       __commit                   0042e160 f   LIBCMTD:commit.obj
 0001:0002d380       __fileno                   0042e380 f   LIBCMTD:fileno.obj
 0001:0002d380       _fileno                    0042e380 f   LIBCMTD:fileno.obj
 0001:0002d400       __write                    0042e400 f   LIBCMTD:write.obj
 0001:0002d630       __write_nolock             0042e630 f   LIBCMTD:write.obj
 0001:0002e170       _vfprintf_helper           0042f170 f   LIBCMTD:vfprintf.obj
 0001:0002e410       __vfprintf_l               0042f410 f   LIBCMTD:vfprintf.obj
 0001:0002e440       __vfprintf_s_l             0042f440 f   LIBCMTD:vfprintf.obj
 0001:0002e470       __vfprintf_p_l             0042f470 f   LIBCMTD:vfprintf.obj
 0001:0002e4a0       _vfprintf                  0042f4a0 f   LIBCMTD:vfprintf.obj
 0001:0002e4d0       _vfprintf_s                0042f4d0 f   LIBCMTD:vfprintf.obj
 0001:0002e500       __vfprintf_p               0042f500 f   LIBCMTD:vfprintf.obj
 0001:0002e530       ?__CxxUnhandledExceptionFilter@@YGJPAU_EXCEPTION_POINTERS@@@Z 0042f530 f   LIBCMTD:unhandld.obj
 0001:0002e5a0       ___CxxSetUnhandledExceptionFilter 0042f5a0 f   LIBCMTD:unhandld.obj
 0001:0002e5c0       ___security_init_cookie    0042f5c0 f   LIBCMTD:gs_support.obj
 0001:0002e6a0       __setenvp                  0042f6a0 f   LIBCMTD:stdenvp.obj
 0001:0002e840       __setargv                  0042f840 f   LIBCMTD:stdargv.obj
 0001:0002e960       __set_pgmptr               0042f960 f i LIBCMTD:stdargv.obj
 0001:0002ecd0       ___crtGetEnvironmentStringsA 0042fcd0 f   LIBCMTD:a_env.obj
 0001:0002edd0       __RTC_Initialize           0042fdd0 f   LIBCMTD:_initsect_.obj
 0001:0002ee00       __RTC_Terminate            0042fe00 f   LIBCMTD:_initsect_.obj
 0001:0002ee30       __FF_MSGBANNER             0042fe30 f   LIBCMTD:crt0msg.obj
 0001:0002ee80       __GET_RTERRMSG             0042fe80 f   LIBCMTD:crt0msg.obj
 0001:0002eed0       __NMSG_WRITE               0042fed0 f   LIBCMTD:crt0msg.obj
 0001:0002f210       __onexit                   00430210 f   LIBCMTD:onexit.obj
 0001:0002f3e0       _atexit                    004303e0 f   LIBCMTD:onexit.obj
 0001:0002f400       ___onexitinit              00430400 f   LIBCMTD:onexit.obj
 0001:0002f460       __ValidateImageBase        00430460 f   LIBCMTD:pesect.obj
 0001:0002f4c0       __FindPESection            004304c0 f   LIBCMTD:pesect.obj
 0001:0002f540       __IsNonwritableInCurrentImage 00430540 f   LIBCMTD:pesect.obj
 0001:0002f660       __initp_eh_hooks           00430660 f   LIBCMTD:hooks.obj
 0001:0002f680       ?terminate@@YAXXZ          00430680 f   LIBCMTD:hooks.obj
 0001:0002f700       ?unexpected@@YAXXZ         00430700 f   LIBCMTD:hooks.obj
 0001:0002f730       ?_inconsistency@@YAXXZ     00430730 f   LIBCMTD:hooks.obj
 0001:0002f7c0       __initp_misc_rand_s        004307c0 f   LIBCMTD:rand_s.obj
 0001:0002f7d0       _rand_s                    004307d0 f   LIBCMTD:rand_s.obj
 0001:0002f9f0       ___getlocaleinfo           004309f0 f   LIBCMTD:inithelp.obj
 0001:0002fcd0       __initp_misc_purevirt      00430cd0 f   LIBCMTD:inithelp.obj
 0001:0002fce0       __initp_heap_handler       00430ce0 f   LIBCMTD:handler.obj
 0001:0002fcf0       ?_set_new_handler@@YAP6AHI@ZP6AHI@Z@Z 00430cf0 f   LIBCMTD:handler.obj
 0001:0002fd30       ?_set_new_handler@@YAP6AHI@ZH@Z 00430d30 f   LIBCMTD:handler.obj
 0001:0002fd70       ?_query_new_handler@@YAP6AHI@ZXZ 00430d70 f   LIBCMTD:handler.obj
 0001:0002fd90       __callnewh                 00430d90 f   LIBCMTD:handler.obj
 0001:0002fdd0       __close                    00430dd0 f   LIBCMTD:close.obj
 0001:0002ffe0       __close_nolock             00430fe0 f   LIBCMTD:close.obj
 0001:000300b0       __freebuf                  004310b0 f   LIBCMTD:_freebuf.obj
 0001:00030140       __openfile                 00431140 f   LIBCMTD:_open.obj
 0001:00030900       __getstream                00431900 f   LIBCMTD:stream.obj
 0001:00030b60       __local_unwind4            00431b60 f   LIBCMTD:exsup4.obj
 0001:00030c36       __seh_longjmp_unwind4@4    00431c36 f   LIBCMTD:exsup4.obj
 0001:00030c52       @_EH4_CallFilterFunc@8     00431c52 f   LIBCMTD:exsup4.obj
 0001:00030c69       @_EH4_TransferToHandler@8  00431c69 f   LIBCMTD:exsup4.obj
 0001:00030c82       @_EH4_GlobalUnwind2@8      00431c82 f   LIBCMTD:exsup4.obj
 0001:00030c9b       @_EH4_LocalUnwind@16       00431c9b f   LIBCMTD:exsup4.obj
 0001:00030cc0       _asctime_s                 00431cc0 f   LIBCMTD:asctime.obj
 0001:00031420       _asctime                   00432420 f   LIBCMTD:asctime.obj
 0001:000314b0       __localtime64_s            004324b0 f   LIBCMTD:loctim64.obj
 0001:000319d0       __localtime64              004329d0 f   LIBCMTD:loctim64.obj
 0001:00031a10       __lseek                    00432a10 f   LIBCMTD:lseek.obj
 0001:00031c40       __lseek_nolock             00432c40 f   LIBCMTD:lseek.obj
 0001:00031d20       __alloc_osfhnd             00432d20 f   LIBCMTD:osfinfo.obj
 0001:00031fd0       __set_osfhnd               00432fd0 f   LIBCMTD:osfinfo.obj
 0001:000320a0       __free_osfhnd              004330a0 f   LIBCMTD:osfinfo.obj
 0001:00032190       __get_osfhandle            00433190 f   LIBCMTD:osfinfo.obj
 0001:00032300       __open_osfhandle           00433300 f   LIBCMTD:osfinfo.obj
 0001:00032530       ___lock_fhandle            00433530 f   LIBCMTD:osfinfo.obj
 0001:00032630       __unlock_fhandle           00433630 f   LIBCMTD:osfinfo.obj
 0001:00032660       ___loctotime64_t           00433660 f   LIBCMTD:dtoxtm64.obj
 0001:000329e0       __filbuf                   004339e0 f   LIBCMTD:_filbuf.obj
 0001:00032c30       _strcpy_s                  00433c30 f   LIBCMTD:strcpy_s.obj
 0001:00032f10       ___sys_nerr                00433f10 f   LIBCMTD:syserr.obj
 0001:00032f20       ___sys_errlist             00433f20 f   LIBCMTD:syserr.obj
 0001:00032f30       _strncpy_s                 00433f30 f   LIBCMTD:strncpy_s.obj
 0001:00033320       __read                     00434320 f   LIBCMTD:read.obj
 0001:000335b0       __read_nolock              004345b0 f   LIBCMTD:read.obj
 0001:00034500       _memcpy_s                  00435500 f   LIBCMTD:memcpy_s.obj
 0001:00034690       ?_JumpToContinuation@@YGXPAXPAUEHRegistrationNode@@@Z 00435690 f   LIBCMTD:_trnsctrl_.obj
 0001:000346d0       ?_CallMemberFunction0@@YGXPAX0@Z 004356d0 f   LIBCMTD:_trnsctrl_.obj
 0001:000346e0       ?_CallMemberFunction1@@YGXPAX00@Z 004356e0 f   LIBCMTD:_trnsctrl_.obj
 0001:000346f0       ?_CallMemberFunction2@@YGXPAX00H@Z 004356f0 f   LIBCMTD:_trnsctrl_.obj
 0001:00034700       ?_UnwindNestedFrames@@YGXPAUEHRegistrationNode@@PAUEHExceptionRecord@@@Z 00435700 f   LIBCMTD:_trnsctrl_.obj
 0001:00034760       ___CxxFrameHandler         00435760 f   LIBCMTD:_trnsctrl_.obj
 0001:000347a0       ___CxxFrameHandler3        004357a0 f   LIBCMTD:_trnsctrl_.obj
 0001:000347e0       ___CxxFrameHandler2        004357e0 f   LIBCMTD:_trnsctrl_.obj
 0001:00034820       ___CxxLongjmpUnwind@4      00435820 f   LIBCMTD:_trnsctrl_.obj
 0001:00034850       ?_CallCatchBlock2@@YAPAXPAUEHRegistrationNode@@PBU_s_FuncInfo@@PAXHK@Z 00435850 f   LIBCMTD:_trnsctrl_.obj
 0001:00034910       ?_CallSETranslator@@YAHPAUEHExceptionRecord@@PAUEHRegistrationNode@@PAX2PBU_s_FuncInfo@@H1@Z 00435910 f   LIBCMTD:_trnsctrl_.obj
 0001:00034ab0       ?_GetRangeOfTrysToCheck@@YAPBU_s_TryBlockMapEntry@@PBU_s_FuncInfo@@HHPAI1@Z 00435ab0 f   LIBCMTD:_trnsctrl_.obj
 0001:00034b30       __CreateFrameInfo          00435b30 f   LIBCMTD:_trnsctrl_.obj
 0001:00034b60       __IsExceptionObjectToBeDestroyed 00435b60 f   LIBCMTD:_trnsctrl_.obj
 0001:00034b90       __FindAndUnlinkFrame       00435b90 f   LIBCMTD:_trnsctrl_.obj
 0001:00034bf0       __handle_qnan1             00435bf0 f   LIBCMTD:_fpexcept_.obj
 0001:00034c50       __handle_qnan2             00435c50 f   LIBCMTD:_fpexcept_.obj
 0001:00034cc0       __except1                  00435cc0 f   LIBCMTD:_fpexcept_.obj
 0001:00034dc0       __except2                  00435dc0 f   LIBCMTD:_fpexcept_.obj
 0001:00034ed0       __raise_exc_ex             00435ed0 f   LIBCMTD:_fpexcept_.obj
 0001:00035400       __raise_exc                00436400 f   LIBCMTD:_fpexcept_.obj
 0001:00035430       __raise_excf               00436430 f   LIBCMTD:_fpexcept_.obj
 0001:00035460       __handle_exc               00436460 f   LIBCMTD:_fpexcept_.obj
 0001:00035770       __umatherr                 00436770 f   LIBCMTD:_fpexcept_.obj
 0001:00035810       __set_errno_from_matherr   00436810 f   LIBCMTD:_fpexcept_.obj
 0001:000358a0       __errcode                  004368a0 f   LIBCMTD:_fpexcept_.obj
 0001:00035910       __set_exp                  00436910 f   LIBCMTD:_util_.obj
 0001:00035950       __get_exp                  00436950 f   LIBCMTD:_util_.obj
 0001:00035980       __add_exp                  00436980 f   LIBCMTD:_util_.obj
 0001:000359c0       __set_bexp                 004369c0 f   LIBCMTD:_util_.obj
 0001:000359f0       __sptype                   004369f0 f   LIBCMTD:_util_.obj
 0001:00035a70       __decomp                   00436a70 f   LIBCMTD:_util_.obj
 0001:00035ba0       __statfp                   00436ba0 f   LIBCMTD:_fpctrl_.obj
 0001:00035bc0       __clrfp                    00436bc0 f   LIBCMTD:_fpctrl_.obj
 0001:00035be0       __ctrlfp                   00436be0 f   LIBCMTD:_fpctrl_.obj
 0001:00035c10       __set_statfp               00436c10 f   LIBCMTD:_fpctrl_.obj
 0001:00035c80       ___get_fpsr_sse2           00436c80 f   LIBCMTD:_fpctrl_.obj
 0001:00035cb0       ___set_fpsr_sse2           00436cb0 f   LIBCMTD:_fpctrl_.obj
 0001:00035d90       ___fclrf_sse2              00436d90 f   LIBCMTD:_fpctrl_.obj
 0001:00035db0       ___statfp_sse2             00436db0 f   LIBCMTD:_fpctrl_.obj
 0001:00035de0       ___clrfp_sse2              00436de0 f   LIBCMTD:_fpctrl_.obj
 0001:00035e20       ___ctrlfp_sse2             00436e20 f   LIBCMTD:_fpctrl_.obj
 0001:00035e80       ___set_statfp_sse2         00436e80 f   LIBCMTD:_fpctrl_.obj
 0001:00035eb0       __fltin2                   00436eb0 f   LIBCMTD:_cfin_.obj
 0001:00035f90       __CrtDefaultAllocHook      00436f90 f   LIBCMTD:dbghook.obj
 0001:00035fa0       __crt_debugger_hook        00436fa0 f   LIBCMTD:dbghook.obj
 0001:00035fc0       __aullrem                  00436fc0 f   LIBCMTD:ullrem.obj
 0001:00036040       __woutput_l                00437040 f   LIBCMTD:woutput.obj
 0001:00037240       _vfwprintf_helper          00438240 f   LIBCMTD:vfwprint.obj
 0001:000373c0       __vfwprintf_l              004383c0 f   LIBCMTD:vfwprint.obj
 0001:000373f0       __vfwprintf_s_l            004383f0 f   LIBCMTD:vfwprint.obj
 0001:00037420       __vfwprintf_p_l            00438420 f   LIBCMTD:vfwprint.obj
 0001:00037450       _vfwprintf                 00438450 f   LIBCMTD:vfwprint.obj
 0001:00037480       _vfwprintf_s               00438480 f   LIBCMTD:vfwprint.obj
 0001:000374b0       __vfwprintf_p              004384b0 f   LIBCMTD:vfwprint.obj
 0001:000374e0       __woutput_s_l              004384e0 f   LIBCMTD:woutputs.obj
 0001:00038830       __validate_param_reuseW    00439830 f   LIBCMTD:woutputp.obj
 0001:00038aa0       __woutput_p_l              00439aa0 f   LIBCMTD:woutputp.obj
 0001:0003c230       __lseeki64                 0043d230 f   LIBCMTD:lseeki64.obj
 0001:0003c480       __lseeki64_nolock          0043d480 f   LIBCMTD:lseeki64.obj
 0001:0003c570       __getbuf                   0043d570 f   LIBCMTD:_getbuf.obj
 0001:0003c640       __isatty                   0043d640 f   LIBCMTD:isatty.obj
 0001:0003c700       __wctomb_s_l               0043d700 f   LIBCMTD:wctomb.obj
 0001:0003ca00       _wctomb_s                  0043da00 f   LIBCMTD:wctomb.obj
 0001:0003ca30       __wctomb_l                 0043da30 f   LIBCMTD:wctomb.obj
 0001:0003cab0       _wctomb                    0043dab0 f   LIBCMTD:wctomb.obj
 0001:0003cb00       __CrtDbgBreak              0043db00 f   LIBCMTD:dbgrptt.obj
 0001:0003cb10       __CrtSetReportMode         0043db10 f   LIBCMTD:dbgrptt.obj
 0001:0003cc50       __CrtSetReportFile         0043dc50 f   LIBCMTD:dbgrptt.obj
 0001:0003cd50       __CrtSetReportHook         0043dd50 f   LIBCMTD:dbgrptt.obj
 0001:0003cd70       __CrtGetReportHook         0043dd70 f   LIBCMTD:dbgrptt.obj
 0001:0003cd80       __VCrtDbgReportA           0043dd80 f   LIBCMTD:dbgrptt.obj
 0001:0003d5b0       __VCrtDbgReportW           0043e5b0 f   LIBCMTD:dbgrptt.obj
 0001:0003dee0       __swprintf                 0043eee0 f   LIBCMTD:swprintf.obj
 0001:0003e0e0       ___swprintf_l              0043f0e0 f   LIBCMTD:swprintf.obj
 0001:0003e110       _swprintf_s                0043f110 f   LIBCMTD:swprintf.obj
 0001:0003e140       __snwprintf_s              0043f140 f   LIBCMTD:swprintf.obj
 0001:0003e170       __swprintf_p               0043f170 f   LIBCMTD:swprintf.obj
 0001:0003e1a0       __swprintf_s_l             0043f1a0 f   LIBCMTD:swprintf.obj
 0001:0003e1d0       __snwprintf_s_l            0043f1d0 f   LIBCMTD:swprintf.obj
 0001:0003e200       __swprintf_p_l             0043f200 f   LIBCMTD:swprintf.obj
 0001:0003e230       __scwprintf                0043f230 f   LIBCMTD:swprintf.obj
 0001:0003e250       __scwprintf_p              0043f250 f   LIBCMTD:swprintf.obj
 0001:0003e270       __scwprintf_l              0043f270 f   LIBCMTD:swprintf.obj
 0001:0003e2a0       __scwprintf_p_l            0043f2a0 f   LIBCMTD:swprintf.obj
 0001:0003e2d0       __alloca_probe             0043f2d0     LIBCMTD:chkstk.obj
 0001:0003e2d0       __chkstk                   0043f2d0 f   LIBCMTD:chkstk.obj
 0001:0003e300       __validate_param_reuseA    0043f300 f   LIBCMTD:outputp.obj
 0001:0003e570       __output_p_l               0043f570 f   LIBCMTD:outputp.obj
 0001:00042180       _get_crtdouble_arg         00443180 f i LIBCMTD:outputp.obj
 0001:000421a0       __output_s_l               004431a0 f   LIBCMTD:outputs.obj
 0001:00043770       __allmul                   00444770 f   LIBCMTD:llmul.obj
 0001:000437b0       ___crtGetStringTypeA       004447b0 f   LIBCMTD:a_str.obj
 0001:00043920       ___init_time               00444920 f   LIBCMTD:inittime.obj
 0001:00044650       ___free_lc_time            00445650 f   LIBCMTD:inittime.obj
 0001:00044cc0       ___init_numeric            00445cc0 f   LIBCMTD:initnum.obj
 0001:00045070       ___free_lconv_num          00446070 f   LIBCMTD:initnum.obj
 0001:00045120       ___init_monetary           00446120 f   LIBCMTD:initmon.obj
 0001:00045710       ___free_lconv_mon          00446710 f   LIBCMTD:initmon.obj
 0001:000458c0       _localeconv                004468c0 f   LIBCMTD:lconv.obj
 0001:00045910       ___pwctype_func            00446910 f   LIBCMTD:ctype.obj
 0001:00045920       ___pctype_func             00446920 f   LIBCMTD:ctype.obj
 0001:00045970       ___init_ctype              00446970 f   LIBCMTD:initctyp.obj
 0001:00045f20       ____mb_cur_max_func        00446f20 f   LIBCMTD:initctyp.obj
 0001:00045f70       ____mb_cur_max_l_func      00446f70 f   LIBCMTD:initctyp.obj
 0001:00045fa0       ____lc_codepage_func       00446fa0 f   LIBCMTD:initctyp.obj
 0001:00045ff0       ____lc_collate_cp_func     00446ff0 f   LIBCMTD:initctyp.obj
 0001:00046040       ____lc_handle_func         00447040 f   LIBCMTD:initctyp.obj
 0001:00046090       ___init_collate            00447090 f   LIBCMTD:initcoll.obj
 0001:000460a0       _strcspn                   004470a0 f   LIBCMTD:strcspn.obj
 0001:000460f0       _strcat_s                  004470f0 f   LIBCMTD:strcat_s.obj
 0001:000464d0       ___get_qualified_locale    004474d0 f   LIBCMTD:getqloc.obj
 0001:00047330       __iswctype_l               00448330 f   LIBCMTD:iswctype.obj
 0001:00047350       _iswctype                  00448350 f   LIBCMTD:iswctype.obj
 0001:000473b0       _is_wctype                 004483b0 f   LIBCMTD:iswctype.obj
 0001:000473d0       __mbtowc_l                 004483d0 f   LIBCMTD:mbtowc.obj
 0001:000475f0       _mbtowc                    004485f0 f   LIBCMTD:mbtowc.obj
 0001:00047610       __allshl                   00448610 f   LIBCMTD:llshl.obj
 0001:00047630       _ungetc                    00448630 f   LIBCMTD:ungetc.obj
 0001:00047720       __ungetc_nolock            00448720 f   LIBCMTD:ungetc.obj
 0001:00047940       __controlfp_s              00448940 f   LIBCMTD:_contrlfp_.obj
 0001:00047a20       __tolower                  00448a20 f   LIBCMTD:tolower.obj
 0001:00047a30       __tolower_l                00448a30 f   LIBCMTD:tolower.obj
 0001:00047c10       _tolower                   00448c10 f   LIBCMTD:tolower.obj
 0001:00047c60       __atodbl_l                 00448c60 f   LIBCMTD:atodbl.obj
 0001:00047d70       __atodbl                   00448d70 f   LIBCMTD:atodbl.obj
 0001:00047d90       __atoldbl_l                00448d90 f   LIBCMTD:atodbl.obj
 0001:00047ea0       __atoldbl                  00448ea0 f   LIBCMTD:atodbl.obj
 0001:00047ec0       __atoflt_l                 00448ec0 f   LIBCMTD:atodbl.obj
 0001:00047fd0       __atoflt                   00448fd0 f   LIBCMTD:atodbl.obj
 0001:00047ff0       __fptostr                  00448ff0 f   LIBCMTD:_fptostr.obj
 0001:000482a0       __fltout2                  004492a0 f   LIBCMTD:_cfout_.obj
 0001:00048350       ___dtold                   00449350 f   LIBCMTD:_cfout_.obj
 0001:000484b0       _memmove                   004494b0 f   LIBCMTD:memmove.obj
 0001:00048820       __set_output_format        00449820 f   LIBCMTD:outputformat.obj
 0001:000488a0       __get_output_format        004498a0 f   LIBCMTD:outputformat.obj
 0001:000488b0       __allrem                   004498b0 f   LIBCMTD:llrem.obj
 0001:00048970       __aullshr                  00449970 f   LIBCMTD:ullshr.obj
 0001:00048990       _strrchr                   00449990 f   LIBCMTD:strrchr.obj
 0001:000489c0       __fptrap                   004499c0 f   LIBCMTD:crt0fp.obj
 0001:000489e0       __malloc_base              004499e0 f   LIBCMTD:malloc.obj
 0001:00048a70       __heap_alloc_base          00449a70 f i LIBCMTD:malloc.obj
 0001:00048ad0       __CrtSetReportHook2        00449ad0 f   LIBCMTD:dbgrpt.obj
 0001:00048e00       __CrtDbgReport             00449e00 f   LIBCMTD:dbgrpt.obj
 0001:00048e40       __CrtDbgReportV            00449e40 f i LIBCMTD:dbgrpt.obj
 0001:00048e70       ___crtMessageWindowA       00449e70 f   LIBCMTD:dbgrpt.obj
 0001:00049270       __expand_base              0044a270 f   LIBCMTD:expand.obj
 0001:000493d0       __realloc_base             0044a3d0 f   LIBCMTD:realloc.obj
 0001:000494d0       __free_base                0044a4d0 f   LIBCMTD:free.obj
 0001:00049520       __heapchk                  0044a520 f   LIBCMTD:heapchk.obj
 0001:00049550       __heapset                  0044a550 f   LIBCMTD:heapchk.obj
 0001:00049560       __putwch                   0044a560 f   LIBCMTD:putwch.obj
 0001:000495f0       __putwch_nolock            0044a5f0 f   LIBCMTD:putwch.obj
 0001:00049640       __ismbbkalnum_l            0044a640 f   LIBCMTD:ismbbyte.obj
 0001:00049660       __ismbbkalnum              0044a660 f   LIBCMTD:ismbbyte.obj
 0001:00049680       __ismbbkprint_l            0044a680 f   LIBCMTD:ismbbyte.obj
 0001:000496a0       __ismbbkprint              0044a6a0 f   LIBCMTD:ismbbyte.obj
 0001:000496c0       __ismbbkpunct_l            0044a6c0 f   LIBCMTD:ismbbyte.obj
 0001:000496e0       __ismbbkpunct              0044a6e0 f   LIBCMTD:ismbbyte.obj
 0001:00049700       __ismbbalnum_l             0044a700 f   LIBCMTD:ismbbyte.obj
 0001:00049720       __ismbbalnum               0044a720 f   LIBCMTD:ismbbyte.obj
 0001:00049740       __ismbbalpha_l             0044a740 f   LIBCMTD:ismbbyte.obj
 0001:00049760       __ismbbalpha               0044a760 f   LIBCMTD:ismbbyte.obj
 0001:00049780       __ismbbgraph_l             0044a780 f   LIBCMTD:ismbbyte.obj
 0001:000497a0       __ismbbgraph               0044a7a0 f   LIBCMTD:ismbbyte.obj
 0001:000497c0       __ismbbprint_l             0044a7c0 f   LIBCMTD:ismbbyte.obj
 0001:000497e0       __ismbbprint               0044a7e0 f   LIBCMTD:ismbbyte.obj
 0001:00049800       __ismbbpunct_l             0044a800 f   LIBCMTD:ismbbyte.obj
 0001:00049820       __ismbbpunct               0044a820 f   LIBCMTD:ismbbyte.obj
 0001:00049840       __ismbblead_l              0044a840 f   LIBCMTD:ismbbyte.obj
 0001:00049860       __ismbblead                0044a860 f   LIBCMTD:ismbbyte.obj
 0001:00049880       __ismbbtrail_l             0044a880 f   LIBCMTD:ismbbyte.obj
 0001:000498a0       __ismbbtrail               0044a8a0 f   LIBCMTD:ismbbyte.obj
 0001:000498c0       __ismbbkana_l              0044a8c0 f   LIBCMTD:ismbbyte.obj
 0001:00049930       __ismbbkana                0044a930 f   LIBCMTD:ismbbyte.obj
 0001:00049a20       ___crtGetLocaleInfoA       0044aa20 f   LIBCMTD:a_loc.obj
 0001:00049b80       __open                     0044ab80 f   LIBCMTD:open.obj
 0001:00049d00       __sopen_helper             0044ad00 f   LIBCMTD:open.obj
 0001:0004af60       __sopen                    0044bf60 f   LIBCMTD:open.obj
 0001:0004afe0       __sopen_s                  0044bfe0 f   LIBCMTD:open.obj
 0001:0004b010       __mbsnbicmp_l              0044c010 f   LIBCMTD:mbsnbicm.obj
 0001:0004b4b0       __mbsnbicmp                0044c4b0 f   LIBCMTD:mbsnbicm.obj
 0001:0004b4d0       __mbsnbcmp_l               0044c4d0 f   LIBCMTD:mbsnbcmp.obj
 0001:0004b7b0       __mbsnbcmp                 0044c7b0 f   LIBCMTD:mbsnbcmp.obj
 0001:0004b7d0       __global_unwind2           0044c7d0 f   LIBCMTD:exsup.obj
 0001:0004b835       __local_unwind2            0044c835 f   LIBCMTD:exsup.obj
 0001:0004b8b9       __abnormal_termination     0044c8b9 f   LIBCMTD:exsup.obj
 0001:0004b8dc       __NLG_Notify1              0044c8dc f   LIBCMTD:exsup.obj
 0001:0004b8e5       __NLG_Notify               0044c8e5 f   LIBCMTD:exsup.obj
 0001:0004b8fc       __NLG_Dispatch             0044c8fc     LIBCMTD:exsup.obj
 0001:0004b8fc       __NLG_Dispatch2            0044c8fc     LIBCMTD:exsup.obj
 0001:0004b904       __NLG_Call                 0044c904 f   LIBCMTD:exsup.obj
 0001:0004b906       __NLG_Return2              0044c906     LIBCMTD:exsup.obj
 0001:0004b910       __get_daylight             0044c910 f   LIBCMTD:timeset.obj
 0001:0004b990       __get_dstbias              0044c990 f   LIBCMTD:timeset.obj
 0001:0004ba10       __get_timezone             0044ca10 f   LIBCMTD:timeset.obj
 0001:0004ba90       __get_tzname               0044ca90 f   LIBCMTD:timeset.obj
 0001:0004bc60       ___daylight                0044cc60 f   LIBCMTD:timeset.obj
 0001:0004bc70       ___dstbias                 0044cc70 f   LIBCMTD:timeset.obj
 0001:0004bc80       ___timezone                0044cc80 f   LIBCMTD:timeset.obj
 0001:0004bc90       ___tzname                  0044cc90 f   LIBCMTD:timeset.obj
 0001:0004bca0       ___tzset                   0044cca0 f   LIBCMTD:tzset.obj
 0001:0004bd40       __tzset                    0044cd40 f   LIBCMTD:tzset.obj
 0001:0004c2f0       __set_daylight             0044d2f0 f i LIBCMTD:tzset.obj
 0001:0004c310       __set_dstbias              0044d310 f i LIBCMTD:tzset.obj
 0001:0004c330       __set_timezone             0044d330 f i LIBCMTD:tzset.obj
 0001:0004c350       __isindst                  0044d350 f   LIBCMTD:tzset.obj
 0001:0004ca00       __gmtime64_s               0044da00 f   LIBCMTD:gmtime64.obj
 0001:0004ce00       __gmtime64                 0044de00 f   LIBCMTD:gmtime64.obj
[...]
 0003:00008f8c       ___lconv_static_W_null     00499f8c     LIBCMTD:lconv.obj
 0003:00008f90       __outputformat             00499f90     LIBCMTD:outputformat.obj
 0003:00008f94       __commode                  00499f94     LIBCMTD:ncommode.obj
 0003:00009064       __fmode                    0049a064     LIBCMTD:txtmode.obj
 0003:00009084       ?pArgList@UnDecorator@@0PAVReplicator@@A 0049a084     LIBCMTD:undname.obj
 0003:00009088       ?pZNameList@UnDecorator@@0PAVReplicator@@A 0049a088     LIBCMTD:undname.obj
 0003:0000908c       ?pTemplateArgList@UnDecorator@@0PAVReplicator@@A 0049a08c     LIBCMTD:undname.obj
 0003:00009090       ?gName@UnDecorator@@0PBDB  0049a090     LIBCMTD:undname.obj
 0003:00009094       ?name@UnDecorator@@0PBDB   0049a094     LIBCMTD:undname.obj
 0003:00009098       ?outputString@UnDecorator@@0PADA 0049a098     LIBCMTD:undname.obj
 0003:0000909c       ?maxStringLength@UnDecorator@@0HA 0049a09c     LIBCMTD:undname.obj
 0003:000090a0       ?disableFlags@UnDecorator@@0KA 0049a0a0     LIBCMTD:undname.obj
 0003:000090a4       ?m_pGetParameter@UnDecorator@@0P6APADJ@ZA 0049a0a4     LIBCMTD:undname.obj
 0003:000090a8       ?fExplicitTemplateParams@UnDecorator@@0_NA 0049a0a8     LIBCMTD:undname.obj
 0003:000090a9       ?fGetTemplateArgumentList@UnDecorator@@0_NA 0049a0a9     LIBCMTD:undname.obj
 0003:00009100       ?nodes@?1??make@DNameStatusNode@@SAPAV2@W4DNameStatus@@@Z@4PAV2@A 0049a100     LIBCMTD:undname.obj
 0003:00009130       ??_B?1??make@DNameStatusNode@@SAPAV1@W4DNameStatus@@@Z@51 0049a130     LIBCMTD:undname.obj
 0003:00009134       _loggingOn                 0049a134     <common>
 0003:00009380       _clnp_debug_sel            0049a380     <common>
 0003:000093a0       _clnp_param                0049a3a0     <common>
 0003:000093c8       _contTesting               0049a3c8     <common>
 0003:000093e0       _allEsReq                  0049a3e0     <common>
 0003:000093fc       _maxPduLen                 0049a3fc     <common>
 0003:000093fe       _doIt                      0049a3fe     <common>
 0003:00009400       _localMac                  0049a400     <common>
 0003:00009408       _allEsMac                  0049a408     <common>
 0003:00009410       _remMac                    0049a410     <common>
 0003:00009420       _sn_reqs                   0049a420     <common>
 0003:00009f10       _funct_3                   0049af10     <common>
 0003:00009f28       _key_wait_service_fun      0049af28     <common>
 0003:00009f2c       _funct_4                   0049af2c     <common>
 0003:00009f30       _funct_8                   0049af30     <common>
 0003:00009f34       _funct_6                   0049af34     <common>
 0003:00009f38       _funct_2                   0049af38     <common>
 0003:00009f3c       _funct_menu                0049af3c     <common>
 0003:00009f40       _funct_10                  0049af40     <common>
 0003:00009f44       _funct_5                   0049af44     <common>
 0003:00009f48       _funct_9                   0049af48     <common>
 0003:00009f4c       _kbdEvent                  0049af4c     <common>
 0003:00009f50       _kbdBufferMtx              0049af50     <common>
 0003:00009f54       _funct_1                   0049af54     <common>
 0003:00009f58       _funct_7                   0049af58     <common>
 0003:00009f5c       _adhandle                  0049af5c     <common>
 0003:00009f6c       _hMMSEvent                 0049af6c     <common>
 0003:00009f70       _netmask                   0049af70     <common>
 0003:00009f74       _c_memerr_fun              0049af74     <common>
 0003:00009f8c       _m_memerr_fun              0049af8c     <common>
 0003:00009f90       _m_heap_check_enable       0049af90     <common>
 0003:00009f94       _chk_curr_mem_size         0049af94     <common>
 0003:00009f98       _chk_max_mem_allocated     0049af98     <common>
 0003:00009f9c       _m_find_node_enable        0049af9c     <common>
 0003:00009f9d       _m_auto_hw_log             0049af9d     <common>
 0003:00009f9e       _m_no_realloc_smaller      0049af9e     <common>
 0003:00009fa0       _mem_chk_err               0049afa0     <common>
 0003:00009fa4       _r_memerr_fun              0049afa4     <common>
 0003:00009fa8       _m_fill_byte               0049afa8     <common>
 0003:00009fa9       _m_track_prev_free         0049afa9     <common>
 0003:00009fac       _chk_debug_en              0049afac     <common>
 0003:00009fb0       _chk_max_dyn_mem_ptrs      0049afb0     <common>
 0003:00009fb4       _m_bad_ptr_val             0049afb4     <common>
 0003:00009fb8       _m_pad_string              0049afb8     <common>
 0003:00009fbc       _m_num_pad_bytes           0049afbc     <common>
 0003:00009fc0       _m_check_list_enable       0049afc0     <common>
 0003:00009fc1       _m_fill_en                 0049afc1     <common>
 0003:00009fc4       _chk_curr_mem_count        0049afc4     <common>
 0003:00009fc8       _qMemElemSize              0049afc8     <common>
 0003:00009fd4       _slogIpcCmdList            0049afd4     <common>
 0003:00009fe0       _slog_service_fun          0049afe0     <common>
 0003:00009ff8       __slog_remote_fun          0049aff8     <common>
 0003:00009ffc       __slog_dyn_log_fun         0049affc     <common>
 0003:0000a000       _slogTimeText              0049b000     <common>
 0003:0000a020       _slog_dyn_log_fun          0049b020     <common>
 0003:0000a024       _slog_remote_fun           0049b024     <common>
 0003:0000a028       _slogRemoteFlags           0049b028     <common>
 0003:0000a030       _gs_hwEventTime            0049b030     <common>
 0003:0000a27c       _gs_track                  0049b27c     <common>
 0003:0000a280       _gs_currSemOwnerFile       0049b280     <common>
 0003:0000a7a0       _gs_currSemOwnerLine       0049b7a0     <common>
 0003:0000a800       _gs_currSemFreeLine        0049b800     <common>
 0003:0000a850       _gs_hwMutexTime            0049b850     <common>
 0003:0000a860       _gs_util_mutex             0049b860     <common>
 0003:0000a884       _gs_currSemOwnerIndex      0049b884     <common>
 0003:0000a8a0       _gs_currSemFreeFile        0049b8a0     <common>
 0003:0000adc0       _gs_glb_mutex              0049bdc0     <common>
 0003:0000ade4       _list_debug_sel            0049bde4     <common>
 0003:0000adf0       __pfnReportHook            0049bdf0     <common>
 0003:0000ae00       __pReportHookListW         0049be00     <common>
 0003:0000ae04       __pReportHookList          0049be04     <common>
 0003:0000ae08       __debugger_hook_dummy      0049be08     <common>
 0003:0000ae14       __nhandle                  0049be14     <common>
 0003:0000ae60       ___pioinfo                 0049be60     <common>
 0003:0000af60       ___setlc_active            0049bf60     <common>
 0003:0000af70       ___unguarded_readlc_active 0049bf70     <common>
 0003:0000af74       ___sse2_available          0049bf74     <common>
 0003:0000af80       ___env_initialized         0049bf80     <common>
 0003:0000af90       ___onexitend               0049bf90     <common>
 0003:0000af94       ___onexitbegin             0049bf94     <common>
 0003:0000af98       ___mbctype_initialized     0049bf98     <common>
 0003:0000af9c       ___dyn_tls_init_callback   0049bf9c     <common>
 0003:0000afa0       __acmdln                   0049bfa0     <common>
 0003:0000afb0       __NoHeapEnableTerminationOnCorruption 0049bfb0     <common>
 0003:0000afb4       ___piob                    0049bfb4     <common>
 0003:0000b300       __bufin                    0049c300     <common>
 0003:0000c300       __nstream                  0049d300     <common>
 0004:00000000       __IMPORT_DESCRIPTOR_wpcap  0049e000     wpcap:wpcap.dll
 0004:00000014       __IMPORT_DESCRIPTOR_packet 0049e014     packet:packet.dll
 0004:00000028       __IMPORT_DESCRIPTOR_KERNEL32 0049e028     kernel32:KERNEL32.dll
 0004:0000003c       __IMPORT_DESCRIPTOR_WINMM  0049e03c     winmm:WINMM.dll
 0004:00000050       __IMPORT_DESCRIPTOR_ADVAPI32 0049e050     advapi32:ADVAPI32.dll
 0004:00000064       __NULL_IMPORT_DESCRIPTOR   0049e064     wpcap:wpcap.dll
 0004:000003d8       __imp__InitializeSecurityDescriptor@8 0049e3d8     advapi32:ADVAPI32.dll
 0004:000003dc       __imp__SetSecurityDescriptorDacl@16 0049e3dc     advapi32:ADVAPI32.dll
 0004:000003e0       \177ADVAPI32_NULL_THUNK_DATA 0049e3e0     advapi32:ADVAPI32.dll
 0004:0000040c       __imp__SetEnvironmentVariableA@8 0049e40c     kernel32:KERNEL32.dll
 0004:00000410       __imp__CompareStringW@24   0049e410     kernel32:KERNEL32.dll
 0004:00000414       __imp__SetEndOfFile@4      0049e414     kernel32:KERNEL32.dll
 0004:00000418       __imp__CreateFileW@28      0049e418     kernel32:KERNEL32.dll
 0004:0000041c       __imp__GetTimeZoneInformation@4 0049e41c     kernel32:KERNEL32.dll
 0004:00000420       __imp__CreateFileA@28      0049e420     kernel32:KERNEL32.dll
 0004:00000424       __imp__HeapFree@12         0049e424     kernel32:KERNEL32.dll
 0004:00000428       __imp__HeapSize@12         0049e428     kernel32:KERNEL32.dll
 0004:0000042c       __imp__HeapReAlloc@16      0049e42c     kernel32:KERNEL32.dll
 0004:00000430       __imp__HeapAlloc@12        0049e430     kernel32:KERNEL32.dll
 0004:00000434       __imp__GetUserDefaultLCID@0 0049e434     kernel32:KERNEL32.dll
 0004:00000438       __imp__EnumSystemLocalesA@8 0049e438     kernel32:KERNEL32.dll
 0004:0000043c       __imp__IsValidLocale@8     0049e43c     kernel32:KERNEL32.dll
 0004:00000440       __imp__GetLastError@0      0049e440     kernel32:KERNEL32.dll
 0004:00000444       __imp__CreateMutexA@12     0049e444     kernel32:KERNEL32.dll
 0004:00000448       __imp__CreateEventA@16     0049e448     kernel32:KERNEL32.dll
 0004:0000044c       __imp__SetConsoleMode@8    0049e44c     kernel32:KERNEL32.dll
 0004:00000450       __imp__GetConsoleMode@8    0049e450     kernel32:KERNEL32.dll
 0004:00000454       __imp__GetStdHandle@4      0049e454     kernel32:KERNEL32.dll
 0004:00000458       __imp__SetEvent@4          0049e458     kernel32:KERNEL32.dll
 0004:0000045c       __imp__ReleaseMutex@4      0049e45c     kernel32:KERNEL32.dll
 0004:00000460       __imp__WaitForSingleObject@8 0049e460     kernel32:KERNEL32.dll
 0004:00000464       __imp__ReadConsoleInputA@16 0049e464     kernel32:KERNEL32.dll
 0004:00000468       __imp__ResetEvent@4        0049e468     kernel32:KERNEL32.dll
 0004:0000046c       __imp__GetLocaleInfoA@16   0049e46c     kernel32:KERNEL32.dll
 0004:00000470       __imp__GetStringTypeW@16   0049e470     kernel32:KERNEL32.dll
 0004:00000474       __imp__HeapWalk@8          0049e474     kernel32:KERNEL32.dll
 0004:00000478       __imp__HeapQueryInformation@20 0049e478     kernel32:KERNEL32.dll
 0004:0000047c       __imp__GetProcessHeap@0    0049e47c     kernel32:KERNEL32.dll
 0004:00000480       __imp__GetProcessHeaps@8   0049e480     kernel32:KERNEL32.dll
 0004:00000484       __imp__GlobalMemoryStatusEx@4 0049e484     kernel32:KERNEL32.dll
 0004:00000488       __imp__HeapUnlock@4        0049e488     kernel32:KERNEL32.dll
 0004:0000048c       __imp__HeapLock@4          0049e48c     kernel32:KERNEL32.dll
 0004:00000490       __imp__GetLocalTime@4      0049e490     kernel32:KERNEL32.dll
 0004:00000494       __imp__QueryPerformanceCounter@4 0049e494     kernel32:KERNEL32.dll
 0004:00000498       __imp__QueryPerformanceFrequency@4 0049e498     kernel32:KERNEL32.dll
 0004:0000049c       __imp__GetCurrentThreadId@0 0049e49c     kernel32:KERNEL32.dll
 0004:000004a0       __imp__Sleep@4             0049e4a0     kernel32:KERNEL32.dll
 0004:000004a4       __imp__InitializeCriticalSection@4 0049e4a4     kernel32:KERNEL32.dll
 0004:000004a8       __imp__LocalFree@4         0049e4a8     kernel32:KERNEL32.dll
 0004:000004ac       __imp__LocalAlloc@8        0049e4ac     kernel32:KERNEL32.dll
 0004:000004b0       __imp__EnterCriticalSection@4 0049e4b0     kernel32:KERNEL32.dll
 0004:000004b4       __imp__LeaveCriticalSection@4 0049e4b4     kernel32:KERNEL32.dll
 0004:000004b8       __imp__CloseHandle@4       0049e4b8     kernel32:KERNEL32.dll
 0004:000004bc       __imp__DeleteCriticalSection@4 0049e4bc     kernel32:KERNEL32.dll
 0004:000004c0       __imp__WaitForMultipleObjects@16 0049e4c0     kernel32:KERNEL32.dll
 0004:000004c4       __imp__PulseEvent@4        0049e4c4     kernel32:KERNEL32.dll
 0004:000004c8       __imp__CreateSemaphoreA@16 0049e4c8     kernel32:KERNEL32.dll
 0004:000004cc       __imp__ReleaseSemaphore@12 0049e4cc     kernel32:KERNEL32.dll
 0004:000004d0       __imp__RaiseException@16   0049e4d0     kernel32:KERNEL32.dll
 0004:000004d4       __imp__GetVersionExA@4     0049e4d4     kernel32:KERNEL32.dll
 0004:000004d8       __imp__FormatMessageA@28   0049e4d8     kernel32:KERNEL32.dll
 0004:000004dc       __imp__GetModuleFileNameW@12 0049e4dc     kernel32:KERNEL32.dll
 0004:000004e0       __imp__WriteConsoleW@20    0049e4e0     kernel32:KERNEL32.dll
 0004:000004e4       __imp__GetFileType@4       0049e4e4     kernel32:KERNEL32.dll
 0004:000004e8       __imp__ResumeThread@4      0049e4e8     kernel32:KERNEL32.dll
 0004:000004ec       __imp__CreateThread@24     0049e4ec     kernel32:KERNEL32.dll
 0004:000004f0       __imp__ExitThread@4        0049e4f0     kernel32:KERNEL32.dll
 0004:000004f4       __imp__GetSystemTimeAsFileTime@4 0049e4f4     kernel32:KERNEL32.dll
 0004:000004f8       __imp__EncodePointer@4     0049e4f8     kernel32:KERNEL32.dll
 0004:000004fc       __imp__DecodePointer@4     0049e4fc     kernel32:KERNEL32.dll
 0004:00000500       __imp__SetConsoleCtrlHandler@8 0049e500     kernel32:KERNEL32.dll
 0004:00000504       __imp__GetCommandLineA@0   0049e504     kernel32:KERNEL32.dll
 0004:00000508       __imp__HeapSetInformation@16 0049e508     kernel32:KERNEL32.dll
 0004:0000050c       __imp__InterlockedIncrement@4 0049e50c     kernel32:KERNEL32.dll
 0004:00000510       __imp__InterlockedDecrement@4 0049e510     kernel32:KERNEL32.dll
 0004:00000514       __imp__GetProcAddress@8    0049e514     kernel32:KERNEL32.dll
 0004:00000518       __imp__GetModuleHandleW@4  0049e518     kernel32:KERNEL32.dll
 0004:0000051c       __imp__ExitProcess@4       0049e51c     kernel32:KERNEL32.dll
 0004:00000520       __imp__HeapCreate@12       0049e520     kernel32:KERNEL32.dll
 0004:00000524       __imp__HeapDestroy@4       0049e524     kernel32:KERNEL32.dll
 0004:00000528       __imp__HeapValidate@12     0049e528     kernel32:KERNEL32.dll
 0004:0000052c       __imp__FileTimeToSystemTime@8 0049e52c     kernel32:KERNEL32.dll
 0004:00000530       __imp__FileTimeToLocalFileTime@8 0049e530     kernel32:KERNEL32.dll
 0004:00000534       __imp__GetFileInformationByHandle@8 0049e534     kernel32:KERNEL32.dll
 0004:00000538       __imp__PeekNamedPipe@24    0049e538     kernel32:KERNEL32.dll
 0004:0000053c       __imp__DeleteFileA@4       0049e53c     kernel32:KERNEL32.dll
 0004:00000540       __imp__IsProcessorFeaturePresent@4 0049e540     kernel32:KERNEL32.dll
 0004:00000544       __imp__TerminateProcess@8  0049e544     kernel32:KERNEL32.dll
 0004:00000548       __imp__GetCurrentProcess@0 0049e548     kernel32:KERNEL32.dll
 0004:0000054c       __imp__UnhandledExceptionFilter@4 0049e54c     kernel32:KERNEL32.dll
 0004:00000550       __imp__SetUnhandledExceptionFilter@4 0049e550     kernel32:KERNEL32.dll
 0004:00000554       __imp__IsDebuggerPresent@0 0049e554     kernel32:KERNEL32.dll
 0004:00000558       __imp__LoadLibraryW@4      0049e558     kernel32:KERNEL32.dll
 0004:0000055c       __imp__GetACP@0            0049e55c     kernel32:KERNEL32.dll
 0004:00000560       __imp__GetOEMCP@0          0049e560     kernel32:KERNEL32.dll
 0004:00000564       __imp__GetCPInfo@8         0049e564     kernel32:KERNEL32.dll
 0004:00000568       __imp__IsValidCodePage@4   0049e568     kernel32:KERNEL32.dll
 0004:0000056c       __imp__TlsAlloc@0          0049e56c     kernel32:KERNEL32.dll
 0004:00000570       __imp__TlsGetValue@4       0049e570     kernel32:KERNEL32.dll
 0004:00000574       __imp__TlsSetValue@8       0049e574     kernel32:KERNEL32.dll
 0004:00000578       __imp__TlsFree@4           0049e578     kernel32:KERNEL32.dll
 0004:0000057c       __imp__SetLastError@4      0049e57c     kernel32:KERNEL32.dll
 0004:00000580       __imp__GetCurrentThread@0  0049e580     kernel32:KERNEL32.dll
 0004:00000584       __imp__WideCharToMultiByte@32 0049e584     kernel32:KERNEL32.dll
 0004:00000588       __imp__LCMapStringW@24     0049e588     kernel32:KERNEL32.dll
 0004:0000058c       __imp__MultiByteToWideChar@24 0049e58c     kernel32:KERNEL32.dll
 0004:00000590       __imp__IsBadReadPtr@8      0049e590     kernel32:KERNEL32.dll
 0004:00000594       __imp__SetHandleCount@4    0049e594     kernel32:KERNEL32.dll
 0004:00000598       __imp__InitializeCriticalSectionAndSpinCount@8 0049e598     kernel32:KERNEL32.dll
 0004:0000059c       __imp__GetStartupInfoW@4   0049e59c     kernel32:KERNEL32.dll
 0004:000005a0       __imp__FatalAppExitA@8     0049e5a0     kernel32:KERNEL32.dll
 0004:000005a4       __imp__FlushFileBuffers@4  0049e5a4     kernel32:KERNEL32.dll
 0004:000005a8       __imp__WriteFile@20        0049e5a8     kernel32:KERNEL32.dll
 0004:000005ac       __imp__GetConsoleCP@0      0049e5ac     kernel32:KERNEL32.dll
 0004:000005b0       __imp__GetTickCount@0      0049e5b0     kernel32:KERNEL32.dll
 0004:000005b4       __imp__GetCurrentProcessId@0 0049e5b4     kernel32:KERNEL32.dll
 0004:000005b8       __imp__GetModuleFileNameA@12 0049e5b8     kernel32:KERNEL32.dll
 0004:000005bc       __imp__FreeEnvironmentStringsW@4 0049e5bc     kernel32:KERNEL32.dll
 0004:000005c0       __imp__GetEnvironmentStringsW@0 0049e5c0     kernel32:KERNEL32.dll
 0004:000005c4       __imp__FreeLibrary@4       0049e5c4     kernel32:KERNEL32.dll
 0004:000005c8       __imp__InterlockedExchange@8 0049e5c8     kernel32:KERNEL32.dll
 0004:000005cc       __imp__GetLocaleInfoW@16   0049e5cc     kernel32:KERNEL32.dll
 0004:000005d0       __imp__RtlUnwind@16        0049e5d0     kernel32:KERNEL32.dll
 0004:000005d4       __imp__SetFilePointer@16   0049e5d4     kernel32:KERNEL32.dll
 0004:000005d8       __imp__SetStdHandle@8      0049e5d8     kernel32:KERNEL32.dll
 0004:000005dc       __imp__ReadFile@20         0049e5dc     kernel32:KERNEL32.dll
 0004:000005e0       __imp__OutputDebugStringA@4 0049e5e0     kernel32:KERNEL32.dll
 0004:000005e4       __imp__OutputDebugStringW@4 0049e5e4     kernel32:KERNEL32.dll
 0004:000005e8       \177KERNEL32_NULL_THUNK_DATA 0049e5e8     kernel32:KERNEL32.dll
 0004:00000670       __imp__timeGetTime@0       0049e670     winmm:WINMM.dll
 0004:00000674       \177WINMM_NULL_THUNK_DATA  0049e674     winmm:WINMM.dll
 0004:000006a0       __imp__PacketOpenAdapter   0049e6a0     packet:packet.dll
 0004:000006a4       __imp__PacketRequest       0049e6a4     packet:packet.dll
 0004:000006a8       __imp__PacketCloseAdapter  0049e6a8     packet:packet.dll
 0004:000006ac       \177packet_NULL_THUNK_DATA 0049e6ac     packet:packet.dll
 0004:000006d8       __imp__pcap_sendpacket     0049e6d8     wpcap:wpcap.dll
 0004:000006dc       __imp__pcap_geterr         0049e6dc     wpcap:wpcap.dll
 0004:000006e0       __imp__pcap_compile        0049e6e0     wpcap:wpcap.dll
 0004:000006e4       __imp__pcap_setfilter      0049e6e4     wpcap:wpcap.dll
 0004:000006e8       __imp__pcap_next           0049e6e8     wpcap:wpcap.dll
 0004:000006ec       __imp__pcap_findalldevs    0049e6ec     wpcap:wpcap.dll
 0004:000006f0       __imp__pcap_open_live      0049e6f0     wpcap:wpcap.dll
 0004:000006f4       __imp__pcap_freealldevs    0049e6f4     wpcap:wpcap.dll
 0004:000006f8       __imp__pcap_setnonblock    0049e6f8     wpcap:wpcap.dll
 0004:000006fc       __imp__pcap_getevent       0049e6fc     wpcap:wpcap.dll
 0004:00000700       __imp__pcap_setmintocopy   0049e700     wpcap:wpcap.dll
 0004:00000704       \177wpcap_NULL_THUNK_DATA  0049e704     wpcap:wpcap.dll

 entry point at        0001:00014500

